Return-Path: <linux-kernel+bounces-673190-lists+linux-kernel=lfdr.de@vger.kernel.org>
X-Original-To: lists+linux-kernel@lfdr.de
Delivered-To: lists+linux-kernel@lfdr.de
Received: from am.mirrors.kernel.org (am.mirrors.kernel.org [IPv6:2604:1380:4601:e00::3])
	by mail.lfdr.de (Postfix) with ESMTPS id 1F267ACDDDB
	for <lists+linux-kernel@lfdr.de>; Wed,  4 Jun 2025 14:26:53 +0200 (CEST)
Received: from smtp.subspace.kernel.org (relay.kernel.org [52.25.139.140])
	(using TLSv1.2 with cipher ECDHE-ECDSA-AES256-GCM-SHA384 (256/256 bits))
	(No client certificate requested)
	by am.mirrors.kernel.org (Postfix) with ESMTPS id 07D9A1894BB2
	for <lists+linux-kernel@lfdr.de>; Wed,  4 Jun 2025 12:27:04 +0000 (UTC)
Received: from localhost.localdomain (localhost.localdomain [127.0.0.1])
	by smtp.subspace.kernel.org (Postfix) with ESMTP id 84D4728D8ED;
	Wed,  4 Jun 2025 12:26:43 +0000 (UTC)
Authentication-Results: smtp.subspace.kernel.org;
	dkim=pass (2048-bit key) header.d=kernel.org header.i=@kernel.org header.b="GLoiQCw6"
Received: from smtp.kernel.org (aws-us-west-2-korg-mail-1.web.codeaurora.org [10.30.226.201])
	(using TLSv1.2 with cipher ECDHE-RSA-AES256-GCM-SHA384 (256/256 bits))
	(No client certificate requested)
	by smtp.subspace.kernel.org (Postfix) with ESMTPS id 51E5B28E575;
	Wed,  4 Jun 2025 12:26:28 +0000 (UTC)
Authentication-Results: smtp.subspace.kernel.org; arc=none smtp.client-ip=10.30.226.201
ARC-Seal:i=1; a=rsa-sha256; d=subspace.kernel.org; s=arc-20240116;
	t=1749039989; cv=none; b=qDEbQJ3kgvd8iniASPJVigR8rq7T15nv3Ug/W8xYR0md/3kt0n0rMUrdIYACRKuVPS3dpKeilLP/0/WfC6BAWoOiwQ6LCg3iDvIB6hGQD/egdrKoh2Dcq7m3YUHeDtthtntEprKnOuLOXoagKumZNB9Cq6DEMlHyihOWDA6rAgY=
ARC-Message-Signature:i=1; a=rsa-sha256; d=subspace.kernel.org;
	s=arc-20240116; t=1749039989; c=relaxed/simple;
	bh=0cUEW+0kP0oJbKDTcAo3DSxdi9HA4lXhR/Gyg6MipBI=;
	h=Date:From:To:Cc:Subject:Message-ID:References:MIME-Version:
	 Content-Type:Content-Disposition:In-Reply-To; b=HMn9I03OPywXGzw7s8t2moCLMwWq4r1999X4VdU94G+MaQ7S7GUFXP7zB4ybvrk/SblDOegYkE7PIyedYHlRoIEBj5559DioRE2/MqDlDIxxs8ZBEq7+GhT0WRL5t7+1V3yDt2ooXd8TzoAbFcLG3L51RIsCAC6LPVoUL5+Dv0I=
ARC-Authentication-Results:i=1; smtp.subspace.kernel.org; dkim=pass (2048-bit key) header.d=kernel.org header.i=@kernel.org header.b=GLoiQCw6; arc=none smtp.client-ip=10.30.226.201
Received: by smtp.kernel.org (Postfix) with ESMTPSA id B6E2CC4CEE7;
	Wed,  4 Jun 2025 12:26:28 +0000 (UTC)
DKIM-Signature: v=1; a=rsa-sha256; c=relaxed/simple; d=kernel.org;
	s=k20201202; t=1749039988;
	bh=0cUEW+0kP0oJbKDTcAo3DSxdi9HA4lXhR/Gyg6MipBI=;
	h=Date:From:To:Cc:Subject:Reply-To:References:In-Reply-To:From;
	b=GLoiQCw6rMzMsVAxtp+B0z1jwFZ2IoDZi8Y/WxERs/gzCSZxPtDYxjEq0srfiu9Hp
	 eBN2oaBzuxvqCif7LWz3szzAniE/xqELrDJyHWxa+KX7TnEWA23lcOqZmp6IhQkfvU
	 VX5ZWjn10NH+p9XzQJtA4yf7wR6WjIz7Zmz0EPiNLKg/nTdl49BZFQswVR2enRDg99
	 r66/j8G9gg2AmBg7V2HwHkNiI7gbTNjcWsnUG/HfF/CWTbDKadfQbFdlY2ertJI//r
	 DJqC7LI3sOiwBtYpChxydDIPz4qtQ5idHP/HY/Bf0I5b8GbH/tF+AW6muFNj7roE8W
	 Hu1knzusqo+7A==
Received: by paulmck-ThinkPad-P17-Gen-1.home (Postfix, from userid 1000)
	id 51AACCE0836; Wed,  4 Jun 2025 05:26:28 -0700 (PDT)
Date: Wed, 4 Jun 2025 05:26:28 -0700
From: "Paul E. McKenney" <paulmck@kernel.org>
To: Xiongfeng Wang <wangxiongfeng2@huawei.com>
Cc: Joel Fernandes <joelagnelf@nvidia.com>,
	Joel Fernandes <joel@joelfernandes.org>, ankur.a.arora@oracle.com,
	Frederic Weisbecker <frederic@kernel.org>,
	Boqun Feng <boqun.feng@gmail.com>, neeraj.upadhyay@kernel.org,
	urezki@gmail.com, rcu@vger.kernel.org, linux-kernel@vger.kernel.org,
	xiqi2@huawei.com, "Wangshaobo (bobo)" <bobo.shaobowang@huawei.com>,
	Xie XiuQi <xiexiuqi@huawei.com>
Subject: Re: [QUESTION] problems report: rcu_read_unlock_special() called in
 irq_exit() causes dead loop
Message-ID: <a963b475-72cd-474d-96d4-9e651fc8f857@paulmck-laptop>
Reply-To: paulmck@kernel.org
References: <9acd5f9f-6732-7701-6880-4b51190aa070@huawei.com>
 <CAEXW_YRC=f6i3KOd_uhuH=xAOCG7mW7-LwtA4+_fc8FMjfRHeg@mail.gmail.com>
 <3ce6f3ce-5dfb-8c59-cb7b-4619b70f8d25@huawei.com>
 <20250603185939.GA1109523@joelnvbox>
 <066e8121-c6c5-48ac-b35a-e6430d986dff@nvidia.com>
 <a82784fd-d51e-4ea2-9d5c-43db971a3074@nvidia.com>
 <c448118b-9f7e-4c29-d6b3-a66e70f7163f@huawei.com>
Precedence: bulk
X-Mailing-List: linux-kernel@vger.kernel.org
List-Id: <linux-kernel.vger.kernel.org>
List-Subscribe: <mailto:linux-kernel+subscribe@vger.kernel.org>
List-Unsubscribe: <mailto:linux-kernel+unsubscribe@vger.kernel.org>
MIME-Version: 1.0
Content-Type: text/plain; charset=utf-8
Content-Disposition: inline
Content-Transfer-Encoding: 8bit
In-Reply-To: <c448118b-9f7e-4c29-d6b3-a66e70f7163f@huawei.com>

On Wed, Jun 04, 2025 at 11:20:34AM +0800, Xiongfeng Wang wrote:
> Hi Joel,
> On 2025/6/4 3:22, Joel Fernandes wrote:
> > On 6/3/2025 3:03 PM, Joel Fernandes wrote:
> >> On 6/3/2025 2:59 PM, Joel Fernandes wrote:
> >>> On Fri, May 30, 2025 at 09:55:45AM +0800, Xiongfeng Wang wrote:
> >>>> Hi Joel,
> >>>>
> >>>> On 2025/5/29 0:30, Joel Fernandes wrote:
> >>>>> On Wed, May 21, 2025 at 5:43â€¯AM Xiongfeng Wang
> >>>>> <wangxiongfeng2@huawei.com> wrote:
> >>>>>>
> >>>>>> Hi RCU experts,
> >>>>>>
> >>>>>> When I ran syskaller in Linux 6.6 with CONFIG_PREEMPT_RCU enabled, I got
> >>>>>> the following soft lockup. The Calltrace is too long. I put it in the end.
> >>>>>> The issue can also be reproduced in the latest kernel.
> >>>>>>
> >>>>>> The issue is as follows. CPU3 is waiting for a spin_lock, which is got by CPU1.
> >>>>>> But CPU1 stuck in the following dead loop.
> >>>>>>
> >>>>>> irq_exit()
> >>>>>>   __irq_exit_rcu()
> >>>>>>     /* in_hardirq() returns false after this */
> >>>>>>     preempt_count_sub(HARDIRQ_OFFSET)
> >>>>>>     tick_irq_exit()
> >>>>>>       tick_nohz_irq_exit()
> >>>>>>             tick_nohz_stop_sched_tick()
> >>>>>>               trace_tick_stop()  /* a bpf prog is hooked on this trace point */
> >>>>>>                    __bpf_trace_tick_stop()
> >>>>>>                       bpf_trace_run2()
> >>>>>>                             rcu_read_unlock_special()
> >>>>>>                               /* will send a IPI to itself */
> >>>>>>                               irq_work_queue_on(&rdp->defer_qs_iw, rdp->cpu);
> >>>>>>
> >>>>>> /* after interrupt is enabled again, the irq_work is called */
> >>>>>> asm_sysvec_irq_work()
> >>>>>>   sysvec_irq_work()
> >>>>>> irq_exit() /* after handled the irq_work, we again enter into irq_exit() */
> >>>>>>   __irq_exit_rcu()
> >>>>>>     ...skip...
> >>>>>>            /* we queue a irq_work again, and enter a dead loop */
> >>>>>>            irq_work_queue_on(&rdp->defer_qs_iw, rdp->cpu);
> >>>>>
> >>>>> This seems legitimate, Boqun and I were just talking about it. He may
> >>>>> share more thoughts but here are a few:
> >>>>>
> >>>>> Maybe we can delay subsequent clearing of the flag in
> >>>>> rcu_preempt_deferred_qs_handler() using a timer and an exponential
> >>>>> back-off? That way we are not sending too many self-IPIs.
> >>>>>
> >>>>> And reset the process at the end of a grace period.
> >>>>>
> >>>>> Or just don't send subsequent self-IPIs if we just sent one for the
> >>>>> rdp. Chances are, if we did not get the scheduler's attention during
> >>>>> the first one, we may not in subsequent ones I think. Plus we do send
> >>>>> other IPIs already if the grace period was over extended (from the FQS
> >>>>> loop), maybe we can tweak that?
> >>>>
> >>>> Thanks a lot for your reply. I think it's hard for me to fix this issue as
> >>>> above without introducing new bugs. I barely understand the RCU code. But I'm
> >>>> very glad to help test if you have any code modifiction need to. I have
> >>>> the VM and the syskaller benchmark which can reproduce the problem.
> >>>
> >>> Sure, I understand. This is already incredibly valuable so thank you again.
> >>> Will request for your testing help soon. I also have a test module now which
> >>> can sort-off reproduce this. Keep you posted!
> >>
> >> Oh sorry I meant to ask - could you provide the full kernel log and also is
> >> there a standalone reproducer syzcaller binary one can run to reproduce it in a VM?
> 
> Sorry, I communicate with the teams who maintain the syzkaller tools. He said
> I can't send the syskaller binary out of the company. Sorry, but I can help to
> reproduce. It's not complicate and not time consuming.
> 
> I found the origin log which use kernel v6.6. But it's not complete.
> Then I reprouce the problem using the latest kernel.
> Both logs are attached as attachments.

Looking at both the v6.6 version and Joel's fix, I am forced to conclude
that this bug has been there for a very long time.  Thank you for your
testing efforts and Joel for the fix!

							Thanx, Paul

> > Sorry for the noise, but please provide the full .config as well. I am curious
> > if you have CONFIG_RCU_STRICT_GRACE_PERIOD. Since that has an effect on
> > rcu_read_unlock_special().
> 
> .config is also attached. CONFIG_RCU_STRICT_GRACE_PERIOD is not set.
> 
> Thanks,
> Xiongfeng
> 
> > 
> > Thanks!
> > 
> >  - Joel
> > 
> > .
> > 

> [    0.000000][    T0] Linux version 6.15.0-rc7 (root@localhost.localdomain) (gcc (GCC) 10.3.1, GNU ld (GNU Binutils) 2.37) #9 SMP PREEMPT_DYNAMIC Wed Jun  4 18:04:00 CST 2025
> [    0.000000][    T0] Command line: console=ttyS0 root=/dev/vda rw rootfstype=ext4 nohz_full=2 earlycon=pl011,0x9000000 watchdog_thresh=50 mpam=acpi kernelcore=reliable clear_freelist hugetlb_free_vmemmap=on hugevm earlyconalloc=on cgroup1_writeback hardlockup_panic=1 softlockup_panic=1 nmi_watchdog=1 psi_v1=1 enable_dmips_measure sysctl.net.core.netdev_unregister_timeout_secs=300 watchdog_thresh=50 selinux=0 panic_on_warn
> [    0.000000][    T0] BIOS-provided physical RAM map:
> [    0.000000][    T0] BIOS-e820: [mem 0x0000000000000000-0x000000000009ffff] usable
> [    0.000000][    T0] BIOS-e820: [mem 0x0000000000100000-0x00000000007fffff] usable
> [    0.000000][    T0] BIOS-e820: [mem 0x0000000000800000-0x0000000000807fff] ACPI NVS
> [    0.000000][    T0] BIOS-e820: [mem 0x0000000000808000-0x000000000080ffff] usable
> [    0.000000][    T0] BIOS-e820: [mem 0x0000000000810000-0x00000000008fffff] ACPI NVS
> [    0.000000][    T0] BIOS-e820: [mem 0x0000000000900000-0x00000000be8c2fff] usable
> [    0.000000][    T0] BIOS-e820: [mem 0x00000000be8c3000-0x00000000be8c3fff] ACPI data
> [    0.000000][    T0] BIOS-e820: [mem 0x00000000be8c4000-0x00000000be8cffff] usable
> [    0.000000][    T0] BIOS-e820: [mem 0x00000000be8d0000-0x00000000be8d0fff] ACPI data
> [    0.000000][    T0] BIOS-e820: [mem 0x00000000be8d1000-0x00000000be8d4fff] ACPI NVS
> [    0.000000][    T0] BIOS-e820: [mem 0x00000000be8d5000-0x00000000be8d7fff] ACPI data
> [    0.000000][    T0] BIOS-e820: [mem 0x00000000be8d8000-0x00000000be8dffff] ACPI NVS
> [    0.000000][    T0] BIOS-e820: [mem 0x00000000be8e0000-0x00000000be8f8fff] reserved
> [    0.000000][    T0] BIOS-e820: [mem 0x00000000be8f9000-0x00000000be9ecfff] usable
> [    0.000000][    T0] BIOS-e820: [mem 0x00000000be9ed000-0x00000000beb1afff] reserved
> [    0.000000][    T0] BIOS-e820: [mem 0x00000000beb1b000-0x00000000bfb9afff] usable
> [    0.000000][    T0] BIOS-e820: [mem 0x00000000bfb9b000-0x00000000bfbf2fff] reserved
> [    0.000000][    T0] BIOS-e820: [mem 0x00000000bfbf3000-0x00000000bfbfafff] ACPI data
> [    0.000000][    T0] BIOS-e820: [mem 0x00000000bfbfb000-0x00000000bfbfefff] ACPI NVS
> [    0.000000][    T0] BIOS-e820: [mem 0x00000000bfbff000-0x00000000bff3ffff] usable
> [    0.000000][    T0] BIOS-e820: [mem 0x00000000bff40000-0x00000000bff5ffff] reserved
> [    0.000000][    T0] BIOS-e820: [mem 0x00000000bff60000-0x00000000bfffffff] ACPI NVS
> [    0.000000][    T0] BIOS-e820: [mem 0x0000000100000000-0x000000013fffffff] usable
> [    0.000000][    T0] NX (Execute Disable) protection: active
> [    0.000000][    T0] APIC: Static calls initialized
> [    0.000000][    T0] efi: EFI v2.7 by EDK II
> [    0.000000][    T0] efi: SMBIOS=0xbfbce000 SMBIOS 3.0=0xbfbcc000 ACPI=0xbfbfa000 ACPI 2.0=0xbfbfa014 MEMATTR=0xbf228098 
> [    0.000000][    T0] SMBIOS 3.0.0 present.
> [    0.000000][    T0] DMI: QEMU Ubuntu 24.04 PC (i440FX + PIIX, 1996), BIOS 0.0.0 02/06/2015
> [    0.000000][    T0] DMI: Memory slots populated: 1/1
> [    0.000000][    T0] Hypervisor detected: KVM
> [    0.000000][    T0] kvm-clock: Using msrs 4b564d01 and 4b564d00
> [    0.000002][    T0] kvm-clock: using sched offset of 3369787381 cycles
> [    0.000011][    T0] clocksource: kvm-clock: mask: 0xffffffffffffffff max_cycles: 0x1cd42e4dffb, max_idle_ns: 881590591483 ns
> [    0.000027][    T0] tsc: Detected 2294.608 MHz processor
> [    0.000291][    T0] last_pfn = 0x140000 max_arch_pfn = 0x10000000000
> [    0.000371][    T0] MTRR map: 4 entries (2 fixed + 2 variable; max 18), built from 8 variable MTRRs
> [    0.000386][    T0] x86/PAT: Configuration [0-7]: WB  WC  UC- UC  WB  WP  UC- WT  
> [    0.000478][    T0] last_pfn = 0xbff40 max_arch_pfn = 0x10000000000
> [    0.021610][    T0] Using GB pages for direct mapping
> [    0.042117][    T0] Secure boot disabled
> [    0.042124][    T0] ACPI: Early table checksum verification disabled
> [    0.042134][    T0] ACPI: RSDP 0x00000000BFBFA014 000024 (v02 BOCHS )
> [    0.042155][    T0] ACPI: XSDT 0x00000000BFBF90E8 00005C (v01 BOCHS  BXPC     00000001      01000013)
> [    0.042183][    T0] ACPI: FACP 0x00000000BFBF5000 000074 (v01 BOCHS  BXPC     00000001 BXPC 00000001)
> [    0.042215][    T0] ACPI: DSDT 0x00000000BFBF6000 002024 (v01 BOCHS  BXPC     00000001 BXPC 00000001)
> [    0.042249][    T0] ACPI: FACS 0x00000000BFBFD000 000040
> [    0.042268][    T0] ACPI: APIC 0x00000000BFBF4000 000090 (v03 BOCHS  BXPC     00000001 BXPC 00000001)
> [    0.042293][    T0] ACPI: HPET 0x00000000BFBF3000 000038 (v01 BOCHS  BXPC     00000001 BXPC 00000001)
> [    0.042318][    T0] ACPI: SRAT 0x00000000BE8D7000 000110 (v01 BOCHS  BXPC     00000001 BXPC 00000001)
> [    0.042343][    T0] ACPI: HMAT 0x00000000BE8D6000 000050 (v02 BOCHS  BXPC     00000001 BXPC 00000001)
> [    0.042368][    T0] ACPI: WAET 0x00000000BE8D5000 000028 (v01 BOCHS  BXPC     00000001 BXPC 00000001)
> [    0.042393][    T0] ACPI: BGRT 0x00000000BE8D0000 000038 (v01 INTEL  EDK2     00000002      01000013)
> [    0.042415][    T0] ACPI: Reserving FACP table memory at [mem 0xbfbf5000-0xbfbf5073]
> [    0.042425][    T0] ACPI: Reserving DSDT table memory at [mem 0xbfbf6000-0xbfbf8023]
> [    0.042434][    T0] ACPI: Reserving FACS table memory at [mem 0xbfbfd000-0xbfbfd03f]
> [    0.042442][    T0] ACPI: Reserving APIC table memory at [mem 0xbfbf4000-0xbfbf408f]
> [    0.042451][    T0] ACPI: Reserving HPET table memory at [mem 0xbfbf3000-0xbfbf3037]
> [    0.042460][    T0] ACPI: Reserving SRAT table memory at [mem 0xbe8d7000-0xbe8d710f]
> [    0.042469][    T0] ACPI: Reserving HMAT table memory at [mem 0xbe8d6000-0xbe8d604f]
> [    0.042478][    T0] ACPI: Reserving WAET table memory at [mem 0xbe8d5000-0xbe8d5027]
> [    0.042486][    T0] ACPI: Reserving BGRT table memory at [mem 0xbe8d0000-0xbe8d0037]
> [    0.042774][    T0] ACPI: SRAT: Node 0 PXM 0 [mem 0x00000000-0x0009ffff]
> [    0.042786][    T0] ACPI: SRAT: Node 0 PXM 0 [mem 0x00100000-0xbfffffff]
> [    0.042798][    T0] ACPI: SRAT: Node 0 PXM 0 [mem 0x100000000-0x13fffffff]
> [    0.042809][    T0] ACPI: SRAT: Node 0 PXM 0 [mem 0x140000000-0x11ffffffff] hotplug
> [    0.042840][    T0] NUMA: Node 0 [mem 0x00001000-0x0009ffff] + [mem 0x00100000-0xbfffffff] -> [mem 0x00001000-0xbfffffff]
> [    0.042857][    T0] NUMA: Node 0 [mem 0x00001000-0xbfffffff] + [mem 0x100000000-0x13fffffff] -> [mem 0x00001000-0x13fffffff]
> [    0.042939][    T0] NODE_DATA(0) allocated [mem 0x13ffd5280-0x13fffffff]
> [    0.044263][    T0] Zone ranges:
> [    0.044268][    T0]   DMA      [mem 0x0000000000001000-0x0000000000ffffff]
> [    0.044281][    T0]   DMA32    [mem 0x0000000001000000-0x00000000ffffffff]
> [    0.044291][    T0]   Normal   [mem 0x0000000100000000-0x000000013fffffff]
> [    0.044302][    T0]   Device   empty
> [    0.044308][    T0] Movable zone start for each node
> [    0.044330][    T0] Early memory node ranges
> [    0.044334][    T0]   node   0: [mem 0x0000000000001000-0x000000000009ffff]
> [    0.044344][    T0]   node   0: [mem 0x0000000000100000-0x00000000007fffff]
> [    0.044352][    T0]   node   0: [mem 0x0000000000808000-0x000000000080ffff]
> [    0.044361][    T0]   node   0: [mem 0x0000000000900000-0x00000000be8c2fff]
> [    0.044371][    T0]   node   0: [mem 0x00000000be8c4000-0x00000000be8cffff]
> [    0.044379][    T0]   node   0: [mem 0x00000000be8f9000-0x00000000be9ecfff]
> [    0.044388][    T0]   node   0: [mem 0x00000000beb1b000-0x00000000bfb9afff]
> [    0.044396][    T0]   node   0: [mem 0x00000000bfbff000-0x00000000bff3ffff]
> [    0.044405][    T0]   node   0: [mem 0x0000000100000000-0x000000013fffffff]
> [    0.044415][    T0] Initmem setup node 0 [mem 0x0000000000001000-0x000000013fffffff]
> [    0.044840][    T0] On node 0, zone DMA: 1 pages in unavailable ranges
> [    0.044998][    T0] On node 0, zone DMA: 96 pages in unavailable ranges
> [    0.045009][    T0] On node 0, zone DMA: 8 pages in unavailable ranges
> [    0.045180][    T0] On node 0, zone DMA: 240 pages in unavailable ranges
> [    0.111525][    T0] On node 0, zone DMA32: 1 pages in unavailable ranges
> [    0.111563][    T0] On node 0, zone DMA32: 41 pages in unavailable ranges
> [    0.111917][    T0] On node 0, zone DMA32: 302 pages in unavailable ranges
> [    0.111999][    T0] On node 0, zone DMA32: 100 pages in unavailable ranges
> [    0.115749][    T0] On node 0, zone Normal: 192 pages in unavailable ranges
> [    0.270439][    T0] kasan: KernelAddressSanitizer initialized
> [    0.270908][    T0] ACPI: PM-Timer IO Port: 0xb008
> [    0.270956][    T0] ACPI: LAPIC_NMI (acpi_id[0xff] dfl dfl lint[0x1])
> [    0.271013][    T0] IOAPIC[0]: apic_id 0, version 17, address 0xfec00000, GSI 0-23
> [    0.271032][    T0] ACPI: INT_SRC_OVR (bus 0 bus_irq 0 global_irq 2 dfl dfl)
> [    0.271043][    T0] ACPI: INT_SRC_OVR (bus 0 bus_irq 5 global_irq 5 high level)
> [    0.271054][    T0] ACPI: INT_SRC_OVR (bus 0 bus_irq 9 global_irq 9 high level)
> [    0.271064][    T0] ACPI: INT_SRC_OVR (bus 0 bus_irq 10 global_irq 10 high level)
> [    0.271075][    T0] ACPI: INT_SRC_OVR (bus 0 bus_irq 11 global_irq 11 high level)
> [    0.271102][    T0] ACPI: Using ACPI (MADT) for SMP configuration information
> [    0.271108][    T0] ACPI: HPET id: 0x8086a201 base: 0xfed00000
> [    0.271205][    T0] TSC deadline timer available
> [    0.271229][    T0] CPU topo: Max. logical packages:   1
> [    0.271235][    T0] CPU topo: Max. logical dies:       1
> [    0.271240][    T0] CPU topo: Max. dies per package:   1
> [    0.271255][    T0] CPU topo: Max. threads per core:   1
> [    0.271260][    T0] CPU topo: Num. cores per package:     4
> [    0.271266][    T0] CPU topo: Num. threads per package:   4
> [    0.271271][    T0] CPU topo: Allowing 4 present CPUs plus 0 hotplug CPUs
> [    0.271318][    T0] kvm-guest: APIC: eoi() replaced with kvm_guest_apic_eoi_write()
> [    0.271355][    T0] kvm-guest: KVM setup pv remote TLB flush
> [    0.271366][    T0] kvm-guest: setup PV sched yield
> [    0.271544][    T0] PM: hibernation: Registered nosave memory: [mem 0x00000000-0x00000fff]
> [    0.271562][    T0] PM: hibernation: Registered nosave memory: [mem 0x000a0000-0x000fffff]
> [    0.271580][    T0] PM: hibernation: Registered nosave memory: [mem 0x00800000-0x00807fff]
> [    0.271599][    T0] PM: hibernation: Registered nosave memory: [mem 0x00810000-0x008fffff]
> [    0.271617][    T0] PM: hibernation: Registered nosave memory: [mem 0xbe8c3000-0xbe8c3fff]
> [    0.271636][    T0] PM: hibernation: Registered nosave memory: [mem 0xbe8d0000-0xbe8f8fff]
> [    0.271655][    T0] PM: hibernation: Registered nosave memory: [mem 0xbe9ed000-0xbeb1afff]
> [    0.271674][    T0] PM: hibernation: Registered nosave memory: [mem 0xbf203000-0xbf20bfff]
> [    0.271693][    T0] PM: hibernation: Registered nosave memory: [mem 0xbfb9b000-0xbfbfefff]
> [    0.271713][    T0] PM: hibernation: Registered nosave memory: [mem 0xbff40000-0xffffffff]
> [    0.271724][    T0] [mem 0xc0000000-0xffffffff] available for PCI devices
> [    0.271733][    T0] Booting paravirtualized kernel on KVM
> [    0.271739][    T0] clocksource: refined-jiffies: mask: 0xffffffff max_cycles: 0xffffffff, max_idle_ns: 1910969940391419 ns
> [    0.342656][    T0] setup_percpu: NR_CPUS:8192 nr_cpumask_bits:4 nr_cpu_ids:4 nr_node_ids:1
> [    0.343471][    T0] percpu: Embedded 77 pages/cpu s278528 r8192 d28672 u524288
> [    0.343796][    T0] Kernel command line: console=ttyS0 root=/dev/vda rw rootfstype=ext4 nohz_full=2 earlycon=pl011,0x9000000 watchdog_thresh=50 mpam=acpi kernelcore=reliable clear_freelist hugetlb_free_vmemmap=on hugevm earlyconalloc=on cgroup1_writeback hardlockup_panic=1 softlockup_panic=1 nmi_watchdog=1 psi_v1=1 enable_dmips_measure sysctl.net.core.netdev_unregister_timeout_secs=300 watchdog_thresh=50 selinux=0 panic_on_warn
> [    0.349175][    T0] Booting kernel: `' invalid for parameter `panic_on_warn'
> [    0.349208][    T0] Unknown kernel command line parameters "clear_freelist hugevm cgroup1_writeback enable_dmips_measure mpam=acpi earlyconalloc=on hardlockup_panic=1 psi_v1=1", will be passed to user space.
> [    0.349244][    T0] random: crng init done
> [    0.349249][    T0] printk: log buffer data + meta data: 1048576 + 3670016 = 4718592 bytes
> [    0.350455][    T0] Dentry cache hash table entries: 524288 (order: 10, 4194304 bytes, linear)
> [    0.350745][    T0] Inode-cache hash table entries: 262144 (order: 9, 2097152 bytes, linear)
> [    0.352005][    T0] software IO TLB: area num 4.
> [    0.379482][    T0] Fallback order for Node 0: 0 
> [    0.379503][    T0] Built 1 zonelists, mobility grouping on.  Total pages: 1047595
> [    0.379512][    T0] Policy zone: Normal
> [    0.379519][    T0] mem auto-init: stack:off, heap alloc:off, heap free:off
> [    0.379526][    T0] stackdepot: allocating hash table via alloc_large_system_hash
> [    0.379556][    T0] stackdepot hash table entries: 1048576 (order: 12, 16777216 bytes, linear)
> [    0.464645][    T0] SLUB: HWalign=64, Order=0-3, MinObjects=0, CPUs=4, Nodes=1
> [    0.550772][    T0] ftrace: allocating 155151 entries in 608 pages
> [    0.550785][    T0] ftrace: allocated 608 pages with 3 groups
> [    0.556173][    T0] Dynamic Preempt: none
> [    0.558241][    T0] rcu: Preemptible hierarchical RCU implementation.
> [    0.558247][    T0] rcu: 	RCU restricting CPUs from NR_CPUS=8192 to nr_cpu_ids=4.
> [    0.558257][    T0] 	Trampoline variant of Tasks RCU enabled.
> [    0.558262][    T0] 	Rude variant of Tasks RCU enabled.
> [    0.558265][    T0] 	Tracing variant of Tasks RCU enabled.
> [    0.558270][    T0] rcu: RCU calculated value of scheduler-enlistment delay is 100 jiffies.
> [    0.558276][    T0] rcu: Adjusting geometry for rcu_fanout_leaf=16, nr_cpu_ids=4
> [    0.558397][    T0] RCU Tasks: Setting shift to 2 and lim to 1 rcu_task_cb_adjust=1 rcu_task_cpu_ids=4.
> [    0.558417][    T0] RCU Tasks Rude: Setting shift to 2 and lim to 1 rcu_task_cb_adjust=1 rcu_task_cpu_ids=4.
> [    0.558436][    T0] RCU Tasks Trace: Setting shift to 2 and lim to 1 rcu_task_cb_adjust=1 rcu_task_cpu_ids=4.
> [    0.706069][    T0] NR_IRQS: 524544, nr_irqs: 456, preallocated irqs: 16
> [    0.707498][    T0] NO_HZ: Full dynticks CPUs: 2.
> [    0.707517][    T0] rcu: 	Offload RCU callbacks from CPUs: 2.
> [    0.707526][    T0] rcu: srcu_init: Setting srcu_struct sizes based on contention.
> [    0.708184][    T0] Console: colour dummy device 80x25
> [    0.708291][    T0] printk: legacy console [ttyS0] enabled
> [    0.895794][    T0] ACPI: Core revision 20240827
> [    0.897721][    T0] clocksource: hpet: mask: 0xffffffff max_cycles: 0xffffffff, max_idle_ns: 19112604467 ns
> [    0.899323][    T0] APIC: Switch to symmetric I/O mode setup
> [    0.900527][    T0] x2apic enabled
> [    0.901529][    T0] APIC: Switched APIC routing to: physical x2apic
> [    0.902553][    T0] kvm-guest: APIC: send_IPI_mask() replaced with kvm_send_ipi_mask()
> [    0.903769][    T0] kvm-guest: APIC: send_IPI_mask_allbutself() replaced with kvm_send_ipi_mask_allbutself()
> [    0.905232][    T0] kvm-guest: setup PV IPIs
> [    0.908156][    T0] ..TIMER: vector=0x30 apic1=0 pin1=2 apic2=-1 pin2=-1
> [    0.909260][    T0] clocksource: tsc-early: mask: 0xffffffffffffffff max_cycles: 0x21134f58f0d, max_idle_ns: 440795217993 ns
> [    0.911004][    T0] Calibrating delay loop (skipped) preset value.. 4589.21 BogoMIPS (lpj=2294608)
> [    0.912249][    T0] x86/cpu: User Mode Instruction Prevention (UMIP) activated
> [    0.913224][    T0] Last level iTLB entries: 4KB 0, 2MB 0, 4MB 0
> [    0.913999][    T0] Last level dTLB entries: 4KB 0, 2MB 0, 4MB 0, 1GB 0
> [    0.915039][    T0] Spectre V1 : Mitigation: usercopy/swapgs barriers and __user pointer sanitization
> [    0.916022][    T0] Spectre V2 : WARNING: Unprivileged eBPF is enabled with eIBRS on, data leaks possible via Spectre v2 BHB attacks!
> [    0.917002][    T0] Spectre V2 : Spectre BHI mitigation: SW BHB clearing on syscall and VM exit
> [    0.917998][    T0] Spectre V2 : Mitigation: Enhanced / Automatic IBRS
> [    0.918998][    T0] Spectre V2 : Spectre v2 / PBRSB-eIBRS: Retire a single CALL on VMEXIT
> [    0.920016][    T0] Spectre V2 : mitigation: Enabling conditional Indirect Branch Prediction Barrier
> [    0.921024][    T0] Speculative Store Bypass: Mitigation: Speculative Store Bypass disabled via prctl
> [    0.922017][    T0] TAA: Mitigation: TSX disabled
> [    0.922998][    T0] MMIO Stale Data: Mitigation: Clear CPU buffers
> [    0.924003][    T0] ITS: Mitigation: Aligned branch/return thunks
> [    0.925038][    T0] x86/fpu: Supporting XSAVE feature 0x001: 'x87 floating point registers'
> [    0.925998][    T0] x86/fpu: Supporting XSAVE feature 0x002: 'SSE registers'
> [    0.926998][    T0] x86/fpu: Supporting XSAVE feature 0x004: 'AVX registers'
> [    0.927998][    T0] x86/fpu: Supporting XSAVE feature 0x020: 'AVX-512 opmask'
> [    0.928998][    T0] x86/fpu: Supporting XSAVE feature 0x040: 'AVX-512 Hi256'
> [    0.929998][    T0] x86/fpu: Supporting XSAVE feature 0x080: 'AVX-512 ZMM_Hi256'
> [    0.930998][    T0] x86/fpu: Supporting XSAVE feature 0x200: 'Protection Keys User registers'
> [    0.931999][    T0] x86/fpu: xstate_offset[2]:  576, xstate_sizes[2]:  256
> [    0.932998][    T0] x86/fpu: xstate_offset[5]:  832, xstate_sizes[5]:   64
> [    0.933998][    T0] x86/fpu: xstate_offset[6]:  896, xstate_sizes[6]:  512
> [    0.934998][    T0] x86/fpu: xstate_offset[7]: 1408, xstate_sizes[7]: 1024
> [    0.935998][    T0] x86/fpu: xstate_offset[9]: 2432, xstate_sizes[9]:    8
> [    0.936998][    T0] x86/fpu: Enabled xstate features 0x2e7, context size is 2440 bytes, using 'compacted' format.
> [    1.185798][    T0] Freeing SMP alternatives memory: 104K
> [    1.186004][    T0] pid_max: default: 32768 minimum: 301
> [    1.191319][    T0] LSM: initializing lsm=lockdown,capability,yama,apparmor,bpf,ima,evm
> [    1.192174][    T0] Yama: becoming mindful.
> [    1.194123][    T0] AppArmor: AppArmor initialized
> [    1.195542][    T0] LSM support for eBPF active
> [    1.197205][    T0] Mount-cache hash table entries: 8192 (order: 4, 65536 bytes, linear)
> [    1.198015][    T0] Mountpoint-cache hash table entries: 8192 (order: 4, 65536 bytes, linear)
> [    1.203532][    T1] smpboot: CPU0: Intel(R) Xeon(R) Platinum 8380 CPU @ 2.30GHz (family: 0x6, model: 0x6a, stepping: 0x6)
> [    1.205408][    T1] Performance Events: PEBS fmt4+, Icelake events, 32-deep LBR, full-width counters, Intel PMU driver.
> [    1.206006][    T1] ... version:                2
> [    1.206699][    T1] ... bit width:              48
> [    1.207000][    T1] ... generic registers:      8
> [    1.207689][    T1] ... value mask:             0000ffffffffffff
> [    1.208000][    T1] ... max period:             00007fffffffffff
> [    1.208871][    T1] ... fixed-purpose events:   3
> [    1.209000][    T1] ... event mask:             00000007000000ff
> [    1.210344][    T1] signal: max sigframe size: 3632
> [    1.211207][    T1] rcu: Hierarchical SRCU implementation.
> [    1.212001][    T1] rcu: 	Max phase no-delay instances is 400.
> [    1.213562][    T1] Timer migration: 1 hierarchy levels; 8 children per group; 1 crossnode level
> [    1.241131][    T1] watchdog: Disabling watchdog on nohz_full cores by default
> [    1.242539][    T9] NMI watchdog: Enabled. Permanently consumes one hw-PMU counter.
> [    1.243500][    T1] smp: Bringing up secondary CPUs ...
> [    1.245144][    T1] smpboot: x86: Booting SMP configuration:
> [    1.245988][    T1] .... node  #0, CPUs:      #1 #2 #3
> [    1.254595][    T1] smp: Brought up 1 node, 4 CPUs
> [    1.255706][    T1] smpboot: Total of 4 processors activated (18356.86 BogoMIPS)
> [    1.259077][   T45] node 0 deferred pages initialised in 0ms
> [    1.263168][    T1] Memory: 3148068K/4190380K available (152506K kernel code, 32460K rwdata, 55912K rodata, 26564K init, 10536K bss, 1024988K reserved, 0K cma-reserved)
> [    1.267119][    T1] devtmpfs: initialized
> [    1.272981][    T1] x86/mm: Memory block size: 128MB
> [    1.330158][    T1] ACPI: PM: Registering ACPI NVS region [mem 0x00800000-0x00807fff] (32768 bytes)
> [    1.331088][    T1] ACPI: PM: Registering ACPI NVS region [mem 0x00810000-0x008fffff] (983040 bytes)
> [    1.334594][    T1] ACPI: PM: Registering ACPI NVS region [mem 0xbe8d1000-0xbe8d4fff] (16384 bytes)
> [    1.336035][    T1] ACPI: PM: Registering ACPI NVS region [mem 0xbe8d8000-0xbe8dffff] (32768 bytes)
> [    1.337063][    T1] ACPI: PM: Registering ACPI NVS region [mem 0xbfbfb000-0xbfbfefff] (16384 bytes)
> [    1.339037][    T1] ACPI: PM: Registering ACPI NVS region [mem 0xbff60000-0xbfffffff] (655360 bytes)
> [    1.343126][    T1] clocksource: jiffies: mask: 0xffffffff max_cycles: 0xffffffff, max_idle_ns: 1911260446275000 ns
> [    1.345021][    T1] posixtimers hash table entries: 2048 (order: 3, 32768 bytes, linear)
> [    1.346055][    T1] futex hash table entries: 1024 (order: 4, 65536 bytes, linear)
> [    1.348120][    T1] pinctrl core: initialized pinctrl subsystem
> [    1.354833][    T1] NET: Registered PF_NETLINK/PF_ROUTE protocol family
> [    1.363244][    T1] DMA: preallocated 512 KiB GFP_KERNEL pool for atomic allocations
> [    1.365100][    T1] DMA: preallocated 512 KiB GFP_KERNEL|GFP_DMA pool for atomic allocations
> [    1.366100][    T1] DMA: preallocated 512 KiB GFP_KERNEL|GFP_DMA32 pool for atomic allocations
> [    1.368207][    T1] audit: initializing netlink subsys (disabled)
> [    1.370235][   T51] audit: type=2000 audit(1749005465.695:1): state=initialized audit_enabled=0 res=1
> [    1.371993][    T1] thermal_sys: Registered thermal governor 'fair_share'
> [    1.371993][    T1] thermal_sys: Registered thermal governor 'bang_bang'
> [    1.371993][    T1] thermal_sys: Registered thermal governor 'step_wise'
> [    1.371993][    T1] thermal_sys: Registered thermal governor 'user_space'
> [    1.375122][    T1] cpuidle: using governor menu
> [    1.382462][    T1] acpiphp: ACPI Hot Plug PCI Controller Driver version: 0.5
> [    1.387225][    T1] dca service started, version 1.12.1
> [    1.389250][    T1] PCI: Using configuration type 1 for base access
> [    1.398521][    T1] kprobes: kprobe jump-optimization is enabled. All kprobes are optimized if possible.
> [    1.404292][    T1] HugeTLB: allocation took 0ms with hugepage_allocation_threads=1
> [    1.406049][    T1] HugeTLB: registered 1.00 GiB page size, pre-allocated 0 pages
> [    1.408008][    T1] HugeTLB: 16380 KiB vmemmap can be freed for a 1.00 GiB page
> [    1.410015][    T1] HugeTLB: registered 2.00 MiB page size, pre-allocated 0 pages
> [    1.411004][    T1] HugeTLB: 28 KiB vmemmap can be freed for a 2.00 MiB page
> [    1.428270][    T1] cryptd: max_cpu_qlen set to 1000
> [    1.449987][    T1] raid6: avx512x4 gen()  8890 MB/s
> [    1.467221][    T1] raid6: avx512x2 gen()  6086 MB/s
> [    1.486305][    T1] raid6: avx512x1 gen()  3591 MB/s
> [    1.504910][    T1] raid6: avx2x4   gen()  9335 MB/s
> [    1.521672][    T1] raid6: avx2x2   gen()  7820 MB/s
> [    1.538745][    T1] raid6: avx2x1   gen()  4428 MB/s
> [    1.539001][    T1] raid6: using algorithm avx2x4 gen() 9335 MB/s
> [    1.556983][    T1] raid6: .... xor() 6118 MB/s, rmw enabled
> [    1.557862][    T1] raid6: using avx512x2 recovery algorithm
> [    1.560097][    T1] ACPI: Added _OSI(Module Device)
> [    1.560862][    T1] ACPI: Added _OSI(Processor Device)
> [    1.562002][    T1] ACPI: Added _OSI(3.0 _SCP Extensions)
> [    1.562834][    T1] ACPI: Added _OSI(Processor Aggregator Device)
> [    1.642663][    T1] ACPI: 1 ACPI AML tables successfully acquired and loaded
> [    1.663784][    T1] ACPI: Interpreter enabled
> [    1.664289][    T1] ACPI: PM: (supports S0 S3 S4 S5)
> [    1.665002][    T1] ACPI: Using IOAPIC for interrupt routing
> [    1.666098][    T1] PCI: Using host bridge windows from ACPI; if necessary, use "pci=nocrs" and report a bug
> [    1.667002][    T1] PCI: Using E820 reservations for host bridge windows
> [    1.672468][    T1] ACPI: Enabled 3 GPEs in block 00 to 0F
> [    1.820574][    T1] ACPI: PCI Root Bridge [PCI0] (domain 0000 [bus 00-ff])
> [    1.821057][    T1] acpi PNP0A03:00: _OSC: OS supports [ASPM ClockPM Segments MSI HPX-Type3]
> [    1.823007][    T1] acpi PNP0A03:00: _OSC: not requesting OS control; OS requires [ExtendedConfig ASPM ClockPM MSI]
> [    1.824496][    T1] acpi PNP0A03:00: fail to add MMCONFIG information, can't access extended configuration space under this bridge
> [    1.839665][    T1] acpiphp: Slot [3] registered
> [    1.840424][    T1] acpiphp: Slot [4] registered
> [    1.841426][    T1] acpiphp: Slot [5] registered
> [    1.842414][    T1] acpiphp: Slot [6] registered
> [    1.843422][    T1] acpiphp: Slot [7] registered
> [    1.844417][    T1] acpiphp: Slot [8] registered
> [    1.846417][    T1] acpiphp: Slot [9] registered
> [    1.847422][    T1] acpiphp: Slot [10] registered
> [    1.848840][    T1] acpiphp: Slot [11] registered
> [    1.849435][    T1] acpiphp: Slot [12] registered
> [    1.850414][    T1] acpiphp: Slot [13] registered
> [    1.852421][    T1] acpiphp: Slot [14] registered
> [    1.853426][    T1] acpiphp: Slot [15] registered
> [    1.854428][    T1] acpiphp: Slot [16] registered
> [    1.855430][    T1] acpiphp: Slot [17] registered
> [    1.856410][    T1] acpiphp: Slot [18] registered
> [    1.857416][    T1] acpiphp: Slot [19] registered
> [    1.858413][    T1] acpiphp: Slot [20] registered
> [    1.859413][    T1] acpiphp: Slot [21] registered
> [    1.860419][    T1] acpiphp: Slot [22] registered
> [    1.861428][    T1] acpiphp: Slot [23] registered
> [    1.863420][    T1] acpiphp: Slot [24] registered
> [    1.864410][    T1] acpiphp: Slot [25] registered
> [    1.865413][    T1] acpiphp: Slot [26] registered
> [    1.866414][    T1] acpiphp: Slot [27] registered
> [    1.867413][    T1] acpiphp: Slot [28] registered
> [    1.868416][    T1] acpiphp: Slot [29] registered
> [    1.869427][    T1] acpiphp: Slot [30] registered
> [    1.870422][    T1] acpiphp: Slot [31] registered
> [    1.871235][    T1] PCI host bridge to bus 0000:00
> [    1.872189][    T1] pci_bus 0000:00: root bus resource [io  0x0000-0x0cf7 window]
> [    1.873015][    T1] pci_bus 0000:00: root bus resource [io  0x0d00-0xffff window]
> [    1.875014][    T1] pci_bus 0000:00: root bus resource [mem 0x000a0000-0x000bffff window]
> [    1.876013][    T1] pci_bus 0000:00: root bus resource [mem 0xc0000000-0xfebfffff window]
> [    1.877013][    T1] pci_bus 0000:00: root bus resource [mem 0x1800000000-0x187fffffff window]
> [    1.878015][    T1] pci_bus 0000:00: root bus resource [bus 00-ff]
> [    1.879055][    T1] pci 0000:00:00.0: [8086:1237] type 00 class 0x060000 conventional PCI endpoint
> [    1.883199][    T1] pci 0000:00:01.0: [8086:7000] type 00 class 0x060100 conventional PCI endpoint
> [    1.888113][    T1] pci 0000:00:01.1: [8086:7010] type 00 class 0x010180 conventional PCI endpoint
> [    1.889809][    T1] pci 0000:00:01.1: BAR 4 [io  0xc0c0-0xc0cf]
> [    1.891045][    T1] pci 0000:00:01.1: BAR 0 [io  0x01f0-0x01f7]: legacy IDE quirk
> [    1.892001][    T1] pci 0000:00:01.1: BAR 1 [io  0x03f6]: legacy IDE quirk
> [    1.893001][    T1] pci 0000:00:01.1: BAR 2 [io  0x0170-0x0177]: legacy IDE quirk
> [    1.894002][    T1] pci 0000:00:01.1: BAR 3 [io  0x0376]: legacy IDE quirk
> [    1.897828][    T1] pci 0000:00:01.3: [8086:7113] type 00 class 0x068000 conventional PCI endpoint
> [    1.899501][    T1] pci 0000:00:01.3: quirk: [io  0xb000-0xb03f] claimed by PIIX4 ACPI
> [    1.901012][    T1] pci 0000:00:01.3: quirk: [io  0xb100-0xb10f] claimed by PIIX4 SMB
> [    1.904694][    T1] pci 0000:00:02.0: [1234:1111] type 00 class 0x030000 conventional PCI endpoint
> [    1.907802][    T1] pci 0000:00:02.0: BAR 0 [mem 0xc0000000-0xc0ffffff pref]
> [    1.908023][    T1] pci 0000:00:02.0: BAR 2 [mem 0xc1012000-0xc1012fff]
> [    1.909035][    T1] pci 0000:00:02.0: ROM [mem 0xffff0000-0xffffffff pref]
> [    1.910242][    T1] pci 0000:00:02.0: Video device with shadowed ROM at [mem 0x000c0000-0x000dffff]
> [    1.915076][    T1] pci 0000:00:03.0: [1af4:1001] type 00 class 0x010000 conventional PCI endpoint
> [    1.918021][    T1] pci 0000:00:03.0: BAR 0 [io  0xc000-0xc07f]
> [    1.918937][    T1] pci 0000:00:03.0: BAR 1 [mem 0xc1011000-0xc1011fff]
> [    1.919036][    T1] pci 0000:00:03.0: BAR 4 [mem 0x1800000000-0x1800003fff 64bit pref]
> [    1.964682][    T1] pci 0000:00:04.0: [1af4:1009] type 00 class 0x000200 conventional PCI endpoint
> [    1.967023][    T1] pci 0000:00:04.0: BAR 0 [io  0xc080-0xc0bf]
> [    1.967923][    T1] pci 0000:00:04.0: BAR 1 [mem 0xc1010000-0xc1010fff]
> [    1.969038][    T1] pci 0000:00:04.0: BAR 4 [mem 0x1800004000-0x1800007fff 64bit pref]
> [    2.023377][    T1] ACPI: PCI: Interrupt link LNKA configured for IRQ 11
> [    2.027728][    T1] ACPI: PCI: Interrupt link LNKB configured for IRQ 11
> [    2.032596][    T1] ACPI: PCI: Interrupt link LNKC configured for IRQ 10
> [    2.036629][    T1] ACPI: PCI: Interrupt link LNKD configured for IRQ 10
> [    2.039469][    T1] ACPI: PCI: Interrupt link LNKS configured for IRQ 9
> [    2.057023][    T1] acpi/hmat: Memory Flags:0001 Processor Domain:0 Memory Domain:0
> [    2.060284][    T1] iommu: Default domain type: Passthrough
> [    2.066443][    T1] SCSI subsystem initialized
> [    2.068224][    T1] ACPI: bus type USB registered
> [    2.069422][    T1] usbcore: registered new interface driver usbfs
> [    2.070191][    T1] usbcore: registered new interface driver hub
> [    2.071150][    T1] usbcore: registered new device driver usb
> [    2.072872][    T1] mc: Linux media interface: v0.10
> [    2.074219][    T1] videodev: Linux video capture interface: v2.00
> [    2.075542][    T1] pps_core: LinuxPPS API ver. 1 registered
> [    2.077001][    T1] pps_core: Software ver. 5.3.6 - Copyright 2005-2007 Rodolfo Giometti <giometti@linux.it>
> [    2.078067][    T1] PTP clock support registered
> [    2.080191][    T1] EDAC MC: Ver: 3.0.0
> [    2.083022][    T1] efivars: Registered efivars operations
> [    2.084351][    T1] Advanced Linux Sound Architecture Driver Initialized.
> [    2.089802][    T1] NET: Registered PF_ATMPVC protocol family
> [    2.090006][    T1] NET: Registered PF_ATMSVC protocol family
> [    2.091176][    T1] NetLabel: Initializing
> [    2.091674][    T1] NetLabel:  domain hash size = 128
> [    2.093003][    T1] NetLabel:  protocols = UNLABELED CIPSOv4 CALIPSO
> [    2.094292][    T1] NetLabel:  unlabeled traffic allowed by default
> [    2.096382][    T1] PCI: Using ACPI for IRQ routing
> [    2.098314][    T1] pci 0000:00:02.0: vgaarb: setting as boot VGA device
> [    2.098993][    T1] pci 0000:00:02.0: vgaarb: bridge control possible
> [    2.098993][    T1] pci 0000:00:02.0: vgaarb: VGA device added: decodes=io+mem,owns=io+mem,locks=none
> [    2.102005][    T1] vgaarb: loaded
> [    2.107784][    T1] hpet0: at MMIO 0xfed00000, IRQs 2, 8, 0
> [    2.108002][    T1] hpet0: 3 comparators, 64-bit 100.000000 MHz counter
> [    2.118674][    T1] clocksource: Switched to clocksource kvm-clock
> [    2.469534][    T1] VFS: Disk quotas dquot_6.6.0
> [    2.469534][    T1] VFS: Dquot-cache hash table entries: 512 (order 0, 4096 bytes)
> [    2.478506][    T1] netfs: FS-Cache loaded
> [    2.482117][    T1] CacheFiles: Loaded
> [    2.486503][    T1] AppArmor: AppArmor Filesystem Enabled
> [    2.486503][    T1] pnp: PnP ACPI init
> [    2.502515][    T1] pnp: PnP ACPI: found 6 devices
> [    2.586545][    T1] clocksource: acpi_pm: mask: 0xffffff max_cycles: 0xffffff, max_idle_ns: 2085701024 ns
> [    2.599208][    T1] NET: Registered PF_INET protocol family
> [    2.602735][    T1] IP idents hash table entries: 65536 (order: 7, 524288 bytes, linear)
> [    2.854735][    T1] tcp_listen_portaddr_hash hash table entries: 2048 (order: 3, 32768 bytes, linear)
> [    2.855925][    T1] Table-perturb hash table entries: 65536 (order: 6, 262144 bytes, linear)
> [    2.857036][    T1] TCP established hash table entries: 32768 (order: 6, 262144 bytes, linear)
> [    2.858333][    T1] TCP bind hash table entries: 32768 (order: 8, 1048576 bytes, linear)
> [    2.859595][    T1] TCP: Hash tables configured (established 32768 bind 32768)
> [    2.861288][    T1] MPTCP token hash table entries: 4096 (order: 4, 98304 bytes, linear)
> [    2.862415][    T1] UDP hash table entries: 2048 (order: 5, 131072 bytes, linear)
> [    2.863411][    T1] UDP-Lite hash table entries: 2048 (order: 5, 131072 bytes, linear)
> [    2.865078][    T1] NET: Registered PF_UNIX/PF_LOCAL protocol family
> [    2.866541][    T1] NET: Registered PF_XDP protocol family
> [    2.867258][    T1] pci_bus 0000:00: resource 4 [io  0x0000-0x0cf7 window]
> [    2.868102][    T1] pci_bus 0000:00: resource 5 [io  0x0d00-0xffff window]
> [    2.868942][    T1] pci_bus 0000:00: resource 6 [mem 0x000a0000-0x000bffff window]
> [    2.869874][    T1] pci_bus 0000:00: resource 7 [mem 0xc0000000-0xfebfffff window]
> [    2.870806][    T1] pci_bus 0000:00: resource 8 [mem 0x1800000000-0x187fffffff window]
> [    2.872536][    T1] pci 0000:00:01.0: PIIX3: Enabling Passive Release
> [    2.873319][    T1] pci 0000:00:00.0: Limiting direct PCI/PCI transfers
> [    2.874269][    T1] PCI: CLS 0 bytes, default 64
> [    2.875542][    T1] PCI-DMA: Using software bounce buffering for IO (SWIOTLB)
> [    2.876399][    T1] software IO TLB: mapped [mem 0x00000000b7ede000-0x00000000bbede000] (64MB)
> [    2.877543][    T1] ACPI: bus type thunderbolt registered
> [    2.882287][    T1] RAPL PMU: API unit is 2^-32 Joules, 0 fixed counters, 10737418240 ms ovfl timer
> [    2.883551][    T1] kvm_amd: CPU 3 isn't AMD or Hygon
> [    2.884182][    T1] clocksource: tsc: mask: 0xffffffffffffffff max_cycles: 0x21134f58f0d, max_idle_ns: 440795217993 ns
> [    2.885657][    T1] clocksource: Switched to clocksource tsc
> [    2.888357][    T1] mce: Machine check injector initialized
> [    2.923164][    T1] Initialise system trusted keyrings
> [    2.924594][    T1] Key type blacklist registered
> [    2.926823][    T1] workingset: timestamp_bits=36 max_order=20 bucket_order=0
> [    2.937880][    T1] squashfs: version 4.0 (2009/01/31) Phillip Lougher
> [    2.940186][    T1] ntfs3: Enabled Linux POSIX ACLs support
> [    2.941585][    T1] ntfs3: Read-only LZX/Xpress compression included
> [    2.944200][    T1] fuse: init (API version 7.43)
> [    2.949569][    T1] SGI XFS with ACLs, security attributes, no debug enabled
> [    2.960163][    T1] integrity: Platform Keyring initialized
> [    3.023950][    T1] NET: Registered PF_ALG protocol family
> [    3.024893][    T1] xor: automatically using best checksumming function   avx       
> [    3.026083][    T1] async_tx: api initialized (async)
> [    3.026872][    T1] Key type asymmetric registered
> [    3.027630][    T1] Asymmetric key parser 'x509' registered
> [    3.028859][    T1] Block layer SCSI generic (bsg) driver version 0.4 loaded (major 239)
> [    3.030775][    T1] io scheduler mq-deadline registered
> [    3.031598][    T1] io scheduler kyber registered
> [    3.032482][    T1] io scheduler bfq registered
> [    3.039425][    T1] leds_ss4200: no LED devices found
> [    3.083911][    T1] acpiphp_ibm: ibm_acpiphp_init: acpi_walk_namespace failed
> [    3.086439][    T1] hv_vmbus: registering driver hyperv_fb
> [    3.087629][    T1] IPMI message handler: version 39.2
> [    3.088608][    T1] ipmi device interface
> [    3.090105][    T1] ipmi_si: IPMI System Interface driver
> [    3.094230][    T1] ipmi_si: Unable to find any System Interface(s)
> [    3.096931][    T1] ipmi_ssif: IPMI SSIF Interface driver
> [    3.099906][    T1] IPMI Watchdog: driver initialized
> [    3.101945][    T1] IPMI poweroff: Copyright (C) 2004 MontaVista Software - IPMI Powerdown via sys_reboot
> [    3.109527][    T1] input: Power Button as /devices/LNXSYSTM:00/LNXPWRBN:00/input/input0
> [    3.113301][    T1] ACPI: button: Power Button [PWRF]
> [    3.125046][    T1] ioatdma: Intel(R) QuickData Technology Driver 5.00
> [    3.126978][    T1] idxd driver failed to load without MOVDIR64B.
> [    6.328329][    T1] ACPI: \_SB_.LNKC: Enabled at IRQ 10
> [    9.410221][    T1] ACPI: \_SB_.LNKD: Enabled at IRQ 11
> [    9.414359][    T1] N_HDLC line discipline registered with maxframe=4096
> [    9.415246][    T1] Serial: 8250/16550 driver, 4 ports, IRQ sharing enabled
> [    9.415246][    T1] 00:04: ttyS0 at I/O 0x3f8 (irq = 4, base_baud = 115200) is a 16550A
> [    9.429616][    T1] mmtimer: Hardware unsupported
> [    9.436438][    T1] lp: driver loaded but no devices found
> [    9.438555][    T1] Non-volatile memory driver v1.3
> [    9.440563][    T1] ppdev: user-space parallel port driver
> [    9.441448][    T1] telclk_interrupt = 0xf non-mcpbl0010 hw.
> [    9.441536][    T1] Hangcheck: starting hangcheck timer 0.9.1 (tick is 180 seconds, margin is 60 seconds).
> [    9.446061][    T1] parport_pc 00:03: reported by Plug and Play ACPI
> [    9.446735][    T1] parport0: PC-style at 0x378, irq 7 [PCSPP,TRISTATE]
> [    9.544199][    T1] lp0: using parport0 (interrupt-driven).
> [    9.623819][    T1] brd: module loaded
> [    9.626608][    T1] loop: module loaded
> [    9.753355][    T1] virtio_blk virtio0: 4/0/0 default/read/poll queues
> [    9.753355][    T1] virtio_blk virtio0: [vda] 33554432 512-byte logical blocks (17.2 GB/16.0 GiB)
> [    9.770606][    T1] rbd: loaded (major 251)
> [    9.773539][    T1] zram: Added device: zram0
> [    9.777142][    T1] null_blk: disk nullb0 created
> [    9.777142][    T1] null_blk: module loaded
> [    9.777142][    T1] usbcore: registered new interface driver rtsx_usb
> [    9.777142][    T1] usbcore: registered new interface driver viperboard
> [    9.777142][    T1] Loading iSCSI transport class v2.0-870.
> [    9.793701][    T1] rdac: device handler registered
> [    9.794813][    T1] hp_sw: device handler registered
> [    9.795551][    T1] emc: device handler registered
> [    9.796668][    T1] alua: device handler registered
> [    9.798591][    T1] fnic: Cisco FCoE HBA Driver, ver 1.8.0.0
> [    9.799330][    T1] fnic: Successfully Initialized Trace Buffer
> [    9.799330][    T1] fnic: Successfully Initialized FC_CTLR Trace Buffer
> [    9.803612][    T1] bnx2fc: QLogic FCoE Driver bnx2fc v2.12.13 (October 15, 2015)
> [    9.806677][    T1] [0000:00:00.0]:[qedf_init:4142]: QLogic FCoE Offload Driver v8.42.3.0.
> [    9.809633][    T1] iscsi: registered transport (tcp)
> [    9.810127][    T1] Adaptec aacraid driver 1.2.1[50983]-custom
> [    9.810127][    T1] qla2xxx [0000:00:00.0]-0005: : QLogic Fibre Channel HBA Driver: 10.02.09.400-k.
> [    9.810127][    T1] iscsi: registered transport (qla4xxx)
> [    9.810127][    T1] QLogic iSCSI HBA Driver
> [    9.810127][    T1] Emulex LightPulse Fibre Channel SCSI driver 14.4.0.8
> [    9.810127][    T1] Copyright (C) 2017-2025 Broadcom. All Rights Reserved. The term "Broadcom" refers to Broadcom Inc. and/or its subsidiaries.
> [    9.895799][    T1] csiostor: Chelsio FCoE driver 1.0.0-ko
> [    9.896118][    T1] Microchip SmartPQI Driver (v2.1.30-031)
> [    9.896118][    T1] megasas: 07.734.00.00-rc1
> [    9.896118][    T1] mpt3sas version 52.100.00.00 loaded
> [    9.902394][    T1] libcxgbi:libcxgbi_init_module: Chelsio iSCSI driver library libcxgbi v0.9.1-ko (Apr. 2015)
> [    9.903082][    T1] Chelsio T4-T6 iSCSI Driver cxgb4i v0.9.5-ko (Apr. 2015)
> [    9.903082][    T1] iscsi: registered transport (cxgb4i)
> [    9.903082][    T1] QLogic NetXtreme II iSCSI Driver bnx2i v2.7.10.1 (Jul 16, 2014)
> [    9.903082][    T1] iscsi: registered transport (bnx2i)
> [    9.909918][    T1] iscsi: registered transport (qedi)
> [    9.912828][    T1] iscsi: registered transport (be2iscsi)
> [    9.913333][    T1] In beiscsi_module_init, tt=00000000cf5de27d
> [    9.913333][    T1] VMware PVSCSI driver - version 1.0.7.0-k
> [    9.913333][    T1] hv_vmbus: registering driver hv_storvsc
> [    9.913333][    T1] st: Version 20160209, fixed bufsize 32768, s/g segs 256
> [    9.913333][    T1] SCSI Media Changer driver v0.25 
> [    9.925915][    T1] scsi_debug:sdebug_driver_probe: scsi_debug: trim poll_queues to 0. poll_q/nr_hw = (0/1)
> [    9.926454][    T1] scsi host0: scsi_debug: version 0191 [20210520]
> [    9.926454][    T1]   dev_size_mb=8, opts=0x0, submit_queues=1, statistics=0
> [    9.934830][   T12] scsi 0:0:0:0: Direct-Access     Linux    scsi_debug       0191 PQ: 0 ANSI: 7
> [    9.943209][    C3] scsi 0:0:0:0: Power-on or device reset occurred
> [    9.949723][    T1] scsi host1: ata_piix
> [    9.952149][   T12] sd 0:0:0:0: Attached scsi generic sg0 type 0
> [    9.953189][    T1] scsi host2: ata_piix
> [    9.953766][    T1] ata1: PATA max MWDMA2 cmd 0x1f0 ctl 0x3f6 bmdma 0xc0c0 irq 14 lpm-pol 0
> [    9.955612][   T53] sd 0:0:0:0: [sda] 16384 512-byte logical blocks: (8.39 MB/8.00 MiB)
> [    9.953766][    T1] ata2: PATA max MWDMA2 cmd 0x170 ctl 0x376 bmdma 0xc0c8 irq 15 lpm-pol 0
> [    9.958582][    T1] Rounding down aligned max_sectors from 4294967295 to 4294967288
> [    9.960754][   T53] sd 0:0:0:0: [sda] Write Protect is off
> [    9.962424][    T1] db_root: cannot open: /etc/target
> [    9.967003][   T53] sd 0:0:0:0: [sda] Write cache: enabled, read cache: enabled, supports DPO and FUA
> [    9.976512][   T53] sd 0:0:0:0: [sda] permanent stream count = 5
> [    9.982569][    T1] MACsec IEEE 802.1AE
> [    9.982721][   T53] sd 0:0:0:0: [sda] Preferred minimum I/O size 512 bytes
> [    9.986251][   T53] sd 0:0:0:0: [sda] Optimal transfer size 524288 bytes
> [   10.020021][    T1] tun: Universal TUN/TAP device driver, 1.6
> [   10.022901][    T1] vcan: Virtual CAN interface driver
> [   10.024158][    T1] slcan: serial line CAN interface driver
> [   10.025231][    T1] CAN device driver interface
> [   10.026402][    T1] usbcore: registered new interface driver usb_8dev
> [   10.027474][    T1] usbcore: registered new interface driver ems_usb
> [   10.028420][    T1] usbcore: registered new interface driver kvaser_usb
> [   10.029618][    T1] usbcore: registered new interface driver peak_usb
> [   10.030497][    T1] cc770: CAN netdevice driver
> [   10.031945][   T53] sd 0:0:0:0: [sda] Attached SCSI disk
> [   10.032021][    T1] sja1000 CAN netdevice driver
> [   10.037516][    T1] cnic: QLogic cnicDriver v2.5.22 (July 20, 2015)
> [   10.110974][  T158] ata2: found unknown device (class 0)
> [   10.114620][  T158] ata2.00: ATAPI: QEMU DVD-ROM, 2.5+, max UDMA/100
> [   10.121735][   T68] scsi 2:0:0:0: CD-ROM            QEMU     QEMU DVD-ROM     2.5+ PQ: 0 ANSI: 5
> [   10.156373][   T68] sr 2:0:0:0: [sr0] scsi3-mmc drive: 4x/4x cd/rw xa/form2 tray
> [   10.159566][   T68] cdrom: Uniform CD-ROM driver Revision: 3.20
> [   10.190788][   T68] sr 2:0:0:0: Attached scsi generic sg1 type 5
> [   11.054446][    T1] e1000: Intel(R) PRO/1000 Network Driver
> [   11.056867][    T1] e1000: Copyright (c) 1999-2006 Intel Corporation.
> [   11.060318][    T1] e1000e: Intel(R) PRO/1000 Network Driver
> [   11.062684][    T1] e1000e: Copyright(c) 1999 - 2015 Intel Corporation.
> [   11.066195][    T1] igb: Intel(R) Gigabit Ethernet Network Driver
> [   11.068707][    T1] igb: Copyright (c) 2007-2014 Intel Corporation.
> [   11.071052][    T1] igbvf: Intel(R) Gigabit Virtual Function Network Driver
> [   11.072977][    T1] igbvf: Copyright (c) 2009 - 2012 Intel Corporation.
> [   11.075271][    T1] ixgbe: Intel(R) 10 Gigabit PCI Express Network Driver
> [   11.077168][    T1] ixgbe: Copyright (c) 1999-2016 Intel Corporation.
> [   11.080716][    T1] ixgbevf: Intel(R) 10 Gigabit PCI Express Virtual Function Network Driver
> [   11.084223][    T1] ixgbevf: Copyright (c) 2009 - 2024 Intel Corporation.
> [   11.088430][    T1] i40e: Intel(R) Ethernet Connection XL710 Network Driver
> [   11.091514][    T1] i40e: Copyright (c) 2013 - 2019 Intel Corporation.
> [   11.094579][    T1] iavf: Intel(R) Ethernet Adaptive Virtual Function Network Driver
> [   11.096922][    T1] Copyright (c) 2013 - 2018 Intel Corporation.
> [   11.099253][    T1] Intel(R) Ethernet Switch Host Interface Driver
> [   11.101137][    T1] Copyright(c) 2013 - 2019 Intel Corporation.
> [   11.103845][    T1] ice: Intel(R) Ethernet Connection E800 Series Linux Driver
> [   11.105426][    T1] ice: Copyright (c) 2018, Intel Corporation.
> [   11.111780][    T1] myri10ge: Version 1.5.3-1.534
> [   11.113169][    T1] nfp: NFP PCIe Driver, Copyright (C) 2014-2020 Netronome Systems
> [   11.114316][    T1] nfp: NFP PCIe Driver, Copyright (C) 2021-2022 Corigine Inc.
> [   11.116066][    T1] QLogic/NetXen Network Driver v4.0.82
> [   11.117149][    T1] QLogic FastLinQ 4xxxx Core Module qed
> [   11.117946][    T1] qede init: QLogic FastLinQ 4xxxx Ethernet Driver qede
> [   11.120003][    T1] Solarflare NET driver
> [   11.122395][    T1] PPP generic driver version 2.4.2
> [   11.124090][    T1] PPP BSD Compression module registered
> [   11.124883][    T1] PPP Deflate Compression module registered
> [   11.125607][    T1] PPP MPPE Compression module registered
> [   11.126246][    T1] NET: Registered PF_PPPOX protocol family
> [   11.126966][    T1] PPTP driver version 0.8.5
> [   11.127619][    T1] SLIP: version 0.8.4-NET3.019-NEWTTY (dynamic channels, max=256).
> [   11.128533][    T1] CSLIP: code copyright 1989 Regents of the University of California.
> [   11.129447][    T1] SLIP linefill/keepalive option.
> [   11.130034][    T1] hdlc: HDLC support module revision 1.22
> [   11.130699][    T1] VMware vmxnet3 virtual NIC driver - version 1.9.0.0-k-NAPI
> [   11.131974][    T1] usbcore: registered new interface driver catc
> [   11.132872][    T1] usbcore: registered new interface driver kaweth
> [   11.133608][    T1] pegasus: Pegasus/Pegasus II USB Ethernet driver
> [   11.134502][    T1] usbcore: registered new interface driver pegasus
> [   11.135409][    T1] usbcore: registered new interface driver rtl8150
> [   11.136230][    T1] usbcore: registered new device driver r8152-cfgselector
> [   11.137226][    T1] usbcore: registered new interface driver r8152
> [   11.138172][    T1] usbcore: registered new interface driver hso
> [   11.139059][    T1] usbcore: registered new interface driver lan78xx
> [   11.140011][    T1] usbcore: registered new interface driver asix
> [   11.140899][    T1] usbcore: registered new interface driver ax88179_178a
> [   11.141864][    T1] usbcore: registered new interface driver cdc_ether
> [   11.142800][    T1] usbcore: registered new interface driver cdc_eem
> [   11.143717][    T1] usbcore: registered new interface driver dm9601
> [   11.144634][    T1] usbcore: registered new interface driver smsc75xx
> [   11.145585][    T1] usbcore: registered new interface driver smsc95xx
> [   11.146510][    T1] usbcore: registered new interface driver gl620a
> [   11.147416][    T1] usbcore: registered new interface driver net1080
> [   11.148321][    T1] usbcore: registered new interface driver plusb
> [   11.149287][    T1] usbcore: registered new interface driver rndis_host
> [   11.150237][    T1] usbcore: registered new interface driver cdc_subset
> [   11.151178][    T1] usbcore: registered new interface driver zaurus
> [   11.152082][    T1] usbcore: registered new interface driver MOSCHIP usb-ethernet driver
> [   11.153194][    T1] usbcore: registered new interface driver int51x1
> [   11.154644][    T1] usbcore: registered new interface driver kalmia
> [   11.155601][    T1] usbcore: registered new interface driver ipheth
> [   11.156479][    T1] usbcore: registered new interface driver sierra_net
> [   11.157403][    T1] usbcore: registered new interface driver cx82310_eth
> [   11.158341][    T1] usbcore: registered new interface driver cdc_ncm
> [   11.159237][    T1] usbcore: registered new interface driver huawei_cdc_ncm
> [   11.160208][    T1] usbcore: registered new interface driver lg-vl600
> [   11.161133][    T1] usbcore: registered new interface driver qmi_wwan
> [   11.162046][    T1] usbcore: registered new interface driver cdc_mbim
> [   11.162958][    T1] usbcore: registered new interface driver ch9200
> [   11.163852][    T1] usbcore: registered new interface driver r8153_ecm
> [   11.164806][    T1] hv_vmbus: registering driver hv_netvsc
> [   11.166048][    T1] Fusion MPT base driver 3.04.20
> [   11.166701][    T1] Copyright (c) 1999-2008 LSI Corporation
> [   11.167382][    T1] Fusion MPT SPI Host driver 3.04.20
> [   11.168197][    T1] Fusion MPT SAS Host driver 3.04.20
> [   11.169007][    T1] Fusion MPT misc device (ioctl) driver 3.04.20
> [   11.170221][    T1] mptctl: Registered with Fusion MPT base driver
> [   11.170966][    T1] mptctl: /dev/mptctl @ (major,minor=10,220)
> [   11.173675][    T1] hv_vmbus: registering driver uio_hv_generic
> [   11.175650][    T1] VFIO - User Level meta-driver version: 0.3
> [   11.178780][    T1] usbcore: registered new interface driver cdc_acm
> [   11.179544][    T1] cdc_acm: USB Abstract Control Model driver for USB modems and ISDN adapters
> [   11.180727][    T1] usbcore: registered new interface driver usblp
> [   11.181614][    T1] usbcore: registered new interface driver cdc_wdm
> [   11.182525][    T1] usbcore: registered new interface driver usbtmc
> [   11.183735][    T1] usbcore: registered new interface driver uas
> [   11.184609][    T1] usbcore: registered new interface driver usb-storage
> [   11.185677][    T1] usbcore: registered new interface driver ums-alauda
> [   11.186597][    T1] usbcore: registered new interface driver ums-cypress
> [   11.187527][    T1] usbcore: registered new interface driver ums-datafab
> [   11.188471][    T1] usbcore: registered new interface driver ums_eneub6250
> [   11.189417][    T1] usbcore: registered new interface driver ums-freecom
> [   11.190312][    T1] usbcore: registered new interface driver ums-isd200
> [   11.191235][    T1] usbcore: registered new interface driver ums-jumpshot
> [   11.192166][    T1] usbcore: registered new interface driver ums-karma
> [   11.193143][    T1] usbcore: registered new interface driver ums-onetouch
> [   11.194096][    T1] usbcore: registered new interface driver ums-realtek
> [   11.195028][    T1] usbcore: registered new interface driver ums-sddr09
> [   11.195957][    T1] usbcore: registered new interface driver ums-sddr55
> [   11.196885][    T1] usbcore: registered new interface driver ums-usbat
> [   11.197872][    T1] usbcore: registered new interface driver mdc800
> [   11.198603][    T1] mdc800: v0.7.5 (30/10/2000):USB Driver for Mustek MDC800 Digital Camera
> [   11.199738][    T1] usbcore: registered new interface driver microtekX6
> [   11.200857][    T1] usbcore: registered new interface driver usbserial_generic
> [   11.201783][    T1] usbserial: USB Serial support registered for generic
> [   11.202702][    T1] usbcore: registered new interface driver aircable
> [   11.203525][    T1] usbserial: USB Serial support registered for aircable
> [   11.204432][    T1] usbcore: registered new interface driver ark3116
> [   11.205241][    T1] usbserial: USB Serial support registered for ark3116
> [   11.206137][    T1] usbcore: registered new interface driver belkin_sa
> [   11.206969][    T1] usbserial: USB Serial support registered for Belkin / Peracom / GoHubs USB Serial Adapter
> [   11.208241][    T1] usbcore: registered new interface driver ch341
> [   11.209036][    T1] usbserial: USB Serial support registered for ch341-uart
> [   11.209969][    T1] usbcore: registered new interface driver cp210x
> [   11.210776][    T1] usbserial: USB Serial support registered for cp210x
> [   11.211673][    T1] usbcore: registered new interface driver cyberjack
> [   11.212510][    T1] usbserial: USB Serial support registered for Reiner SCT Cyberjack USB card reader
> [   11.213765][    T1] usbcore: registered new interface driver cypress_m8
> [   11.214586][    T1] usbserial: USB Serial support registered for DeLorme Earthmate USB
> [   11.215541][    T1] usbserial: USB Serial support registered for HID->COM RS232 Adapter
> [   11.216519][    T1] usbserial: USB Serial support registered for Nokia CA-42 V2 Adapter
> [   11.217571][    T1] usbcore: registered new interface driver usb_debug
> [   11.218386][    T1] usbserial: USB Serial support registered for debug
> [   11.219212][    T1] usbserial: USB Serial support registered for xhci_dbc
> [   11.220124][    T1] usbcore: registered new interface driver digi_acceleport
> [   11.221186][    T1] usbserial: USB Serial support registered for Digi 2 port USB adapter
> [   11.222206][    T1] usbserial: USB Serial support registered for Digi 4 port USB adapter
> [   11.223263][    T1] usbcore: registered new interface driver io_edgeport
> [   11.224161][    T1] usbserial: USB Serial support registered for Edgeport 2 port adapter
> [   11.225194][    T1] usbserial: USB Serial support registered for Edgeport 4 port adapter
> [   11.226233][    T1] usbserial: USB Serial support registered for Edgeport 8 port adapter
> [   11.227262][    T1] usbserial: USB Serial support registered for EPiC device
> [   11.228222][    T1] usbcore: registered new interface driver io_ti
> [   11.229031][    T1] usbserial: USB Serial support registered for Edgeport TI 1 port adapter
> [   11.230092][    T1] usbserial: USB Serial support registered for Edgeport TI 2 port adapter
> [   11.231233][    T1] usbcore: registered new interface driver empeg
> [   11.232022][    T1] usbserial: USB Serial support registered for empeg
> [   11.232912][    T1] usbcore: registered new interface driver f81534
> [   11.233714][    T1] usbserial: USB Serial support registered for Fintek F81532/F81534
> [   11.234752][    T1] usbcore: registered new interface driver ftdi_sio
> [   11.235571][    T1] usbserial: USB Serial support registered for FTDI USB Serial Device
> [   11.236629][    T1] usbcore: registered new interface driver garmin_gps
> [   11.237482][    T1] usbserial: USB Serial support registered for Garmin GPS usb/tty
> [   11.238530][    T1] usbcore: registered new interface driver ipaq
> [   11.239305][    T1] usbserial: USB Serial support registered for PocketPC PDA
> [   11.240253][    T1] usbcore: registered new interface driver ipw
> [   11.241025][    T1] usbserial: USB Serial support registered for IPWireless converter
> [   11.242056][    T1] usbcore: registered new interface driver ir_usb
> [   11.242869][    T1] usbserial: USB Serial support registered for IR Dongle
> [   11.243791][    T1] usbcore: registered new interface driver iuu_phoenix
> [   11.244646][    T1] usbserial: USB Serial support registered for iuu_phoenix
> [   11.245589][    T1] usbcore: registered new interface driver keyspan
> [   11.246380][    T1] usbserial: USB Serial support registered for Keyspan - (without firmware)
> [   11.247476][    T1] usbserial: USB Serial support registered for Keyspan 1 port adapter
> [   11.248481][    T1] usbserial: USB Serial support registered for Keyspan 2 port adapter
> [   11.249668][    T1] usbserial: USB Serial support registered for Keyspan 4 port adapter
> [   11.250723][    T1] usbcore: registered new interface driver keyspan_pda
> [   11.251582][    T1] usbserial: USB Serial support registered for Keyspan PDA
> [   11.252467][    T1] usbserial: USB Serial support registered for Keyspan PDA - (prerenumeration)
> [   11.253631][    T1] usbcore: registered new interface driver kl5kusb105
> [   11.254987][    T1] usbserial: USB Serial support registered for KL5KUSB105D / PalmConnect
> [   11.256527][    T1] usbcore: registered new interface driver kobil_sct
> [   11.257420][    T1] usbserial: USB Serial support registered for KOBIL USB smart card terminal
> [   11.258554][    T1] usbcore: registered new interface driver mct_u232
> [   11.259354][    T1] usbserial: USB Serial support registered for MCT U232
> [   11.260251][    T1] usbcore: registered new interface driver mos7720
> [   11.261063][    T1] usbserial: USB Serial support registered for Moschip 2 port adapter
> [   11.262109][    T1] usbcore: registered new interface driver mos7840
> [   11.262912][    T1] usbserial: USB Serial support registered for Moschip 7840/7820 USB Serial Driver
> [   11.264257][    T1] usbcore: registered new interface driver mxuport
> [   11.265219][    T1] usbserial: USB Serial support registered for MOXA UPort
> [   11.266167][    T1] usbcore: registered new interface driver navman
> [   11.266991][    T1] usbserial: USB Serial support registered for navman
> [   11.267907][    T1] usbcore: registered new interface driver omninet
> [   11.268744][    T1] usbserial: USB Serial support registered for ZyXEL - omni.net usb
> [   11.269816][    T1] usbcore: registered new interface driver opticon
> [   11.270643][    T1] usbserial: USB Serial support registered for opticon
> [   11.271565][    T1] usbcore: registered new interface driver option
> [   11.272380][    T1] usbserial: USB Serial support registered for GSM modem (1-port)
> [   11.273396][    T1] usbcore: registered new interface driver oti6858
> [   11.274227][    T1] usbserial: USB Serial support registered for oti6858
> [   11.275144][    T1] usbcore: registered new interface driver pl2303
> [   11.275970][    T1] usbserial: USB Serial support registered for pl2303
> [   11.276928][    T1] usbcore: registered new interface driver qcaux
> [   11.277762][    T1] usbserial: USB Serial support registered for qcaux
> [   11.279011][    T1] usbcore: registered new interface driver qcserial
> [   11.279869][    T1] usbserial: USB Serial support registered for Qualcomm USB modem
> [   11.281186][    T1] usbcore: registered new interface driver quatech2
> [   11.282197][    T1] usbserial: USB Serial support registered for Quatech 2nd gen USB to Serial Driver
> [   11.283445][    T1] usbcore: registered new interface driver safe_serial
> [   11.284329][    T1] usbserial: USB Serial support registered for safe_serial
> [   11.285331][    T1] usbcore: registered new interface driver sierra
> [   11.286147][    T1] usbserial: USB Serial support registered for Sierra USB modem
> [   11.287158][    T1] usbcore: registered new interface driver spcp8x5
> [   11.287992][    T1] usbserial: USB Serial support registered for SPCP8x5
> [   11.288915][    T1] usbcore: registered new interface driver ssu100
> [   11.289745][    T1] usbserial: USB Serial support registered for Quatech SSU-100 USB to Serial Driver
> [   11.290951][    T1] usbcore: registered new interface driver symbolserial
> [   11.291834][    T1] usbserial: USB Serial support registered for symbol
> [   11.292749][    T1] usbcore: registered new interface driver ti_usb_3410_5052
> [   11.293659][    T1] usbserial: USB Serial support registered for TI USB 3410 1 port adapter
> [   11.294733][    T1] usbserial: USB Serial support registered for TI USB 5052 2 port adapter
> [   11.295867][    T1] usbcore: registered new interface driver upd78f0730
> [   11.296722][    T1] usbserial: USB Serial support registered for upd78f0730
> [   11.297667][    T1] usbcore: registered new interface driver visor
> [   11.298889][    T1] usbserial: USB Serial support registered for Handspring Visor / Palm OS
> [   11.300146][    T1] usbserial: USB Serial support registered for Sony Clie 5.0
> [   11.301064][    T1] usbserial: USB Serial support registered for Sony Clie 3.5
> [   11.302029][    T1] usbcore: registered new interface driver whiteheat
> [   11.302890][    T1] usbserial: USB Serial support registered for Connect Tech - WhiteHEAT - (prerenumeration)
> [   11.304120][    T1] usbserial: USB Serial support registered for Connect Tech - WhiteHEAT
> [   11.305188][    T1] usbcore: registered new interface driver xsens_mt
> [   11.306009][    T1] usbserial: USB Serial support registered for xsens_mt
> [   11.306997][    T1] usbcore: registered new interface driver adutux
> [   11.307909][    T1] usbcore: registered new interface driver appledisplay
> [   11.308886][    T1] usbcore: registered new interface driver emi26 - firmware loader
> [   11.309949][    T1] usbcore: registered new interface driver emi62 - firmware loader
> [   11.311044][    T1] usbcore: registered new interface driver idmouse
> [   11.311965][    T1] usbcore: registered new interface driver iowarrior
> [   11.312904][    T1] usbcore: registered new interface driver isight_firmware
> [   11.313921][    T1] usbcore: registered new interface driver usblcd
> [   11.314859][    T1] usbcore: registered new interface driver ldusb
> [   11.315866][    T1] usbcore: registered new interface driver legousbtower
> [   11.316859][    T1] usbcore: registered new interface driver uss720
> [   11.317576][    T1] uss720: USB Parport Cable driver for Cables using the Lucent Technologies USS720 Chip
> [   11.318653][    T1] uss720: NOTE: this is a special purpose driver to allow nonstandard
> [   11.319575][    T1] uss720: protocols (eg. bitbang) over USS720 usb to parallel cables
> [   11.320844][    T1] uss720: If you just want to connect to a printer, use usblp instead
> [   11.322181][    T1] usbcore: registered new interface driver usbsevseg
> [   11.323306][    T1] usbcore: registered new interface driver sisusb
> [   11.324198][    T1] usbcore: registered new interface driver cxacru
> [   11.325093][    T1] usbcore: registered new interface driver speedtch
> [   11.326015][    T1] usbcore: registered new interface driver ueagle-atm
> [   11.326797][    T1] xusbatm: malformed module parameters
> [   11.328351][    T1] i8042: PNP: PS/2 Controller [PNP0303:KBD,PNP0f13:MOU] at 0x60,0x64 irq 1,12
> [   11.330829][    T1] serio: i8042 KBD port at 0x60,0x64 irq 1
> [   11.331517][    T1] serio: i8042 AUX port at 0x60,0x64 irq 12
> [   11.332585][    T1] hv_vmbus: registering driver hyperv_keyboard
> [   11.334250][    T1] mousedev: PS/2 mouse device common for all mice
> [   11.336161][    T1] usbcore: registered new interface driver appletouch
> [   11.337110][    T1] usbcore: registered new interface driver bcm5974
> [   11.338850][    T1] usbcore: registered new interface driver synaptics_usb
> [   11.340002][    T1] usbcore: registered new interface driver usb_acecad
> [   11.340939][    T1] usbcore: registered new interface driver aiptek
> [   11.341850][    T1] usbcore: registered new interface driver kbtab
> [   11.343360][    T1] apanel: Fujitsu BIOS signature 'FJKEYINF' not found...
> [   11.344498][    T1] usbcore: registered new interface driver ati_remote2
> [   11.345430][    T1] cm109: Keymap for Komunikate KIP1000 phone loaded
> [   11.346411][    T1] usbcore: registered new interface driver cm109
> [   11.347182][    T1] cm109: CM109 phone driver: 20080805 (C) Alfred E. Heggestad
> [   11.348234][    T1] usbcore: registered new interface driver keyspan_remote
> [   11.349634][    T1] input: PC Speaker as /devices/platform/pcspkr/input/input2
> [   11.351611][   T77] input: AT Translated Set 2 keyboard as /devices/platform/i8042/serio0/input/input1
> [   11.351979][    T1] usbcore: registered new interface driver powermate
> [   11.355969][    T1] usbcore: registered new interface driver yealink
> [   11.357996][   T77] input: VirtualPS/2 VMware VMMouse as /devices/platform/i8042/serio1/input/input5
> [   11.360318][    T1] rtc_cmos 00:05: RTC can wake from S4
> [   11.361847][   T77] input: VirtualPS/2 VMware VMMouse as /devices/platform/i8042/serio1/input/input4
> [   11.365957][    T1] rtc_cmos 00:05: registered as rtc0
> [   11.367013][    T1] rtc_cmos 00:05: setting system clock to 2025-06-04T02:51:15 UTC (1749005475)
> [   11.369067][    T1] rtc_cmos 00:05: alarms up to one day, y3k, 242 bytes nvram
> [   11.375614][    T1] i2c_dev: i2c /dev entries driver
> [   11.378915][    T1] piix4_smbus 0000:00:01.3: SMBus Host Controller at 0xb100, revision 0
> [   11.383275][    T1] i2c i2c-0: Memory type 0x07 not supported yet, not instantiating SPD
> [   11.386788][    T1] usbcore: registered new interface driver i2c-diolan-u2c
> [   11.388475][    T1] i2c-parport: adapter type unspecified
> [   11.389768][    T1] usbcore: registered new interface driver i2c-tiny-usb
> [   11.398025][    T1] ir_imon_decoder: IR iMON protocol handler initialized
> [   11.399273][    T1] IR JVC protocol handler initialized
> [   11.400206][    T1] IR MCE Keyboard/mouse protocol handler initialized
> [   11.401362][    T1] IR NEC protocol handler initialized
> [   11.402312][    T1] IR RC5(x/sz) protocol handler initialized
> [   11.403335][    T1] IR RC6 protocol handler initialized
> [   11.404272][    T1] IR SANYO protocol handler initialized
> [   11.405238][    T1] IR Sony protocol handler initialized
> [   11.406764][    T1] usbcore: registered new interface driver iguanair
> [   11.408222][    T1] usbcore: registered new interface driver imon
> [   11.409655][    T1] usbcore: registered new interface driver imon_raw
> [   11.411593][    T1] usbcore: registered new interface driver mceusb
> [   11.413157][    T1] usbcore: registered new interface driver redrat3
> [   11.415320][    T1] serial_ir serial_ir.0: port 03f8 already in use
> [   11.417208][    T1] serial_ir serial_ir.0: use 'setserial /dev/ttySX uart none'
> [   11.418494][    T1] serial_ir serial_ir.0: or compile the serial port driver as module and
> [   11.419911][    T1] serial_ir serial_ir.0: make sure this module is loaded first
> [   11.421188][    T1] serial_ir serial_ir.0: probe with driver serial_ir failed with error -16
> [   11.423165][    T1] usbcore: registered new interface driver streamzap
> [   11.424622][    T1] usbcore: registered new interface driver ttusbir
> [   11.426213][    T1] usbcore: registered new interface driver ati_remote
> [   11.428044][    T1] b2c2-flexcop: B2C2 FlexcopII/II(b)/III digital TV receiver chip loaded successfully
> [   11.429662][    T1] saa7146: register extension 'budget dvb'
> [   11.430983][    T1] saa7146: register extension 'budget_av'
> [   11.432233][    T1] saa7146: register extension 'budget_ci dvb'
> [   11.435386][    T1] ngene: nGene PCIE bridge driver, Copyright (C) 2005-2007 Micronas
> [   11.437076][    T1] ddbridge: Digital Devices PCIE bridge driver 0.9.33-integrated, Copyright (C) 2010-17 Digital Devices GmbH
> [   11.439651][    T1] bttv: driver version 0.9.19 loaded
> [   11.440570][    T1] bttv: using 8 buffers with 2080k (520 pages) each for capture
> [   11.441894][    T1] bttv: Host bridge needs ETBF enabled
> [   11.443415][    T1] bt878: AUDIO driver version 0.0.0 loaded
> [   11.444942][    T1] cx18:  Start initialization, version 1.5.1
> [   11.446322][    T1] cx18:  End initialization
> [   11.447147][    T1] cx23885: cx23885 driver version 0.0.4 loaded
> [   11.450080][    T1] cx88_blackbird: cx2388x blackbird driver version 1.0.0 loaded
> [   11.451433][    T1] cx8802: registering cx8802 driver, type: blackbird access: shared
> [   11.452870][    T1] cx88_dvb: cx2388x dvb driver version 1.0.0 loaded
> [   11.454061][    T1] cx8802: registering cx8802 driver, type: dvb access: shared
> [   11.455392][    T1] ivtv: Start initialization, version 1.4.3
> [   11.456853][    T1] ivtv: End initialization
> [   11.457641][    T1] ivtvfb: no cards found
> [   11.458366][    T1] saa7134: saa7130/34: v4l2 driver version 0, 2, 17 loaded
> [   11.460357][    T1] saa7164 driver loaded
> [   11.461417][    T1] usbcore: registered new interface driver b2c2_flexcop_usb
> [   11.462984][    T1] usbcore: registered new interface driver dvb_usb_vp7045
> [   11.464532][    T1] usbcore: registered new interface driver dvb_usb_vp702x
> [   11.466140][    T1] usbcore: registered new interface driver dvb_usb_gp8psk
> [   11.467721][    T1] usbcore: registered new interface driver dvb_usb_dtt200u
> [   11.469294][    T1] usbcore: registered new interface driver dvb_usb_a800
> [   11.470809][    T1] usbcore: registered new interface driver dvb_usb_dibusb_mb
> [   11.472388][    T1] usbcore: registered new interface driver dvb_usb_dibusb_mc
> [   11.473990][    T1] usbcore: registered new interface driver dvb_usb_nova_t_usb2
> [   11.475577][    T1] usbcore: registered new interface driver dvb_usb_umt_010
> [   11.477142][    T1] usbcore: registered new interface driver dvb_usb_m920x
> [   11.478764][    T1] usbcore: registered new interface driver dvb_usb_digitv
> [   11.480298][    T1] usbcore: registered new interface driver dvb_usb_cxusb
> [   11.481824][    T1] usbcore: registered new interface driver dvb_usb_ttusb2
> [   11.483374][    T1] usbcore: registered new interface driver dvb_usb_dib0700
> [   11.484926][    T1] usbcore: registered new interface driver opera1
> [   11.486367][    T1] usbcore: registered new interface driver dvb_usb_af9005
> [   11.487580][    T1] failing symbol_get of non-GPLONLY symbol af9005_rc_decode.
> [   11.490776][    T1] failing symbol_get of non-GPLONLY symbol af9005_rc_decode.
> [   11.491663][    T1] failing symbol_get of non-GPLONLY symbol rc_map_af9005_table.
> [   11.498118][    T1] failing symbol_get of non-GPLONLY symbol rc_map_af9005_table.
> [   11.499043][    T1] failing symbol_get of non-GPLONLY symbol rc_map_af9005_table_size.
> [   11.505707][    T1] failing symbol_get of non-GPLONLY symbol rc_map_af9005_table_size.
> [   11.506613][    T1] af9005: af9005_rc_decode function not found, disabling remote
> [   11.506613][    T1] usbcore: registered new interface driver pctv452e
> [   11.506613][    T1] usbcore: registered new interface driver dw2102
> [   11.516894][    T1] usbcore: registered new interface driver dvb_usb_dtv5100
> [   11.519039][    T1] usbcore: registered new interface driver cinergyT2
> [   11.521006][    T1] usbcore: registered new interface driver dvb_usb_az6027
> [   11.523086][    T1] usbcore: registered new interface driver dvb_usb_technisat_usb2
> [   11.525279][    T1] usbcore: registered new interface driver dvb_usb_af9015
> [   11.527325][    T1] usbcore: registered new interface driver dvb_usb_af9035
> [   11.528690][    T1] usbcore: registered new interface driver dvb_usb_anysee
> [   11.530021][    T1] usbcore: registered new interface driver dvb_usb_au6610
> [   11.531330][    T1] usbcore: registered new interface driver dvb_usb_az6007
> [   11.532667][    T1] usbcore: registered new interface driver dvb_usb_ce6230
> [   11.533989][    T1] usbcore: registered new interface driver dvb_usb_ec168
> [   11.535288][    T1] usbcore: registered new interface driver dvb_usb_lmedm04
> [   11.536629][    T1] usbcore: registered new interface driver dvb_usb_gl861
> [   11.537979][    T1] usbcore: registered new interface driver dvb_usb_mxl111sf
> [   11.539271][    T1] usbcore: registered new interface driver dvb_usb_rtl28xxu
> [   11.540581][    T1] usbcore: registered new interface driver s2255
> [   11.541757][    T1] usbcore: registered new interface driver smsusb
> [   11.542932][    T1] usbcore: registered new interface driver ttusb
> [   11.544110][    T1] usbcore: registered new interface driver ttusb-dec
> [   11.545103][    T1] gspca_main: v2.14.0 registered
> [   11.546065][    T1] usbcore: registered new interface driver benq
> [   11.547250][    T1] usbcore: registered new interface driver conex
> [   11.548413][    T1] usbcore: registered new interface driver cpia1
> [   11.549607][    T1] usbcore: registered new interface driver etoms
> [   11.550456][    T1] usbcore: registered new interface driver finepix
> [   11.550456][    T1] usbcore: registered new interface driver jeilinj
> [   11.550456][    T1] usbcore: registered new interface driver jl2005bcd
> [   11.550456][    T1] usbcore: registered new interface driver konica
> [   11.550456][    T1] usbcore: registered new interface driver mars
> [   11.550456][    T1] usbcore: registered new interface driver mr97310a
> [   11.550456][    T1] usbcore: registered new interface driver nw80x
> [   11.550456][    T1] usbcore: registered new interface driver ov519
> [   11.550456][    T1] usbcore: registered new interface driver ov534
> [   11.550456][    T1] usbcore: registered new interface driver ov534_9
> [   11.550456][    T1] usbcore: registered new interface driver pac207
> [   11.550456][    T1] usbcore: registered new interface driver gspca_pac7302
> [   11.550456][    T1] usbcore: registered new interface driver pac7311
> [   11.550456][    T1] usbcore: registered new interface driver se401
> [   11.550456][    T1] usbcore: registered new interface driver sn9c2028
> [   11.550456][    T1] usbcore: registered new interface driver gspca_sn9c20x
> [   11.550456][    T1] usbcore: registered new interface driver sonixb
> [   11.550456][    T1] usbcore: registered new interface driver sonixj
> [   11.550456][    T1] usbcore: registered new interface driver spca500
> [   11.550456][    T1] usbcore: registered new interface driver spca501
> [   11.550456][    T1] usbcore: registered new interface driver spca505
> [   11.550456][    T1] usbcore: registered new interface driver spca506
> [   11.550456][    T1] usbcore: registered new interface driver spca508
> [   11.550456][    T1] usbcore: registered new interface driver spca561
> [   11.550456][    T1] usbcore: registered new interface driver spca1528
> [   11.550456][    T1] usbcore: registered new interface driver sq905
> [   11.550456][    T1] usbcore: registered new interface driver sq905c
> [   11.550456][    T1] usbcore: registered new interface driver sq930x
> [   11.550456][    T1] usbcore: registered new interface driver sunplus
> [   11.550456][    T1] usbcore: registered new interface driver stk014
> [   11.550456][    T1] usbcore: registered new interface driver stv0680
> [   11.550456][    T1] usbcore: registered new interface driver t613
> [   11.550456][    T1] usbcore: registered new interface driver gspca_topro
> [   11.550456][    T1] usbcore: registered new interface driver tv8532
> [   11.550456][    T1] usbcore: registered new interface driver vc032x
> [   11.550456][    T1] usbcore: registered new interface driver vicam
> [   11.550456][    T1] usbcore: registered new interface driver xirlink-cit
> [   11.550456][    T1] usbcore: registered new interface driver gspca_zc3xx
> [   11.550456][    T1] usbcore: registered new interface driver ALi m5602
> [   11.550456][    T1] usbcore: registered new interface driver STV06xx
> [   11.550456][    T1] usbcore: registered new interface driver gspca_gl860
> [   11.550456][    T1] usbcore: registered new interface driver Philips webcam
> [   11.550456][    T1] usbcore: registered new interface driver uvcvideo
> [   11.550456][    T1] au0828: au0828 driver loaded
> [   11.550456][    T1] usbcore: registered new interface driver au0828
> [   11.550456][    T1] usbcore: registered new interface driver cx231xx
> [   11.550456][    T1] usbcore: registered new interface driver em28xx
> [   11.550456][    T1] em28xx: Registered (Em28xx Audio Extension) extension
> [   11.550456][    T1] em28xx: Registered (Em28xx dvb Extension) extension
> [   11.550456][    T1] em28xx: Registered (Em28xx Input Extension) extension
> [   11.550456][    T1] usbcore: registered new interface driver hdpvr
> [   11.611206][    T1] usbcore: registered new interface driver pvrusb2
> [   11.611825][    T1] pvrusb2: V4L in-tree version:Hauppauge WinTV-PVR-USB2 MPEG2 Encoder/Tuner
> [   11.611825][    T1] pvrusb2: Debug mask is 31 (0x1f)
> [   11.611825][    T1] pps_ldisc: PPS line discipline registered
> [   11.611825][    T1] parport0: cannot grant exclusive access for device pps_parport
> [   11.611825][    T1] pps_parport: couldn't register with parport0
> [   11.682173][    T1] applesmc: supported laptop not found!
> [   11.683074][    T1] applesmc: driver init failed (ret=-19)!
> [   11.858034][    T1] pc87360: PC8736x not detected, module not inserted
> [   11.901092][    T1] intel_powerclamp: CPU does not support MWAIT
> [   11.901092][    T1] usbcore: registered new interface driver pcwd_usb
> [   11.901092][    T1] alim7101_wdt: Steve Hill <steve@navaho.co.uk>
> [   11.901092][    T1] alim7101_wdt: ALi M7101 PMU not present - WDT not set
> [   11.901092][    T1] ib700wdt: WDT driver for IB700 single board computer initialising
> [   11.921365][    T1] iTCO_vendor_support: vendor-support=0
> [   11.921385][    T1] it87_wdt: no device
> [   11.921385][    T1] nv_tco: NV TCO WatchDog Timer Driver v0.01
> [   11.921385][    T1] w83877f_wdt: I/O address 0x0443 already in use
> [   11.921385][    T1] w83977f_wdt: driver v1.00
> [   11.921385][    T1] w83977f_wdt: cannot register miscdev on minor=130 (err=-16)
> [   11.921385][    T1] machzwd: MachZ ZF-Logic Watchdog driver initializing
> [   11.921385][    T1] machzwd: no ZF-Logic found
> [   11.921385][    T1] watchdog: Software Watchdog: cannot register miscdev on minor=130 (err=-16).
> [   11.921385][    T1] watchdog: Software Watchdog: a legacy watchdog module is probably present.
> [   11.936161][    T1] softdog: initialized. soft_noboot=0 soft_margin=60 sec soft_panic=0 (nowayout=0)
> [   11.937096][    T1] softdog:              soft_reboot_cmd=<not set> soft_active_on_boot=0
> [   11.941015][    T1] device-mapper: core: CONFIG_IMA_DISABLE_HTABLE is disabled. Duplicate IMA measurements will not be recorded in the IMA log.
> [   11.941834][    T1] device-mapper: uevent: version 1.0.3
> [   11.944671][    T1] device-mapper: ioctl: 4.49.0-ioctl (2025-01-17) initialised: dm-devel@lists.linux.dev
> [   11.947130][    T1] device-mapper: multipath round-robin: version 1.2.0 loaded
> [   11.947974][    T1] device-mapper: multipath queue-length: version 0.2.0 loaded
> [   11.948066][    T1] device-mapper: multipath service-time: version 0.3.0 loaded
> [   11.948066][    T1] device-mapper: dm-log-userspace: version 1.3.0 loaded
> [   11.948066][    T1] Modular ISDN core version 1.1.29
> [   11.951878][    T1] NET: Registered PF_ISDN protocol family
> [   11.952521][    T1] DSP module 2.0
> [   11.952798][    T1] mISDN_dsp: DSP clocks every 64 samples. This equals 8 jiffies.
> [   11.952798][    T1] mISDN: Layer-1-over-IP driver Rev. 2.00
> [   11.952798][    T1] 0 virtual devices registered
> [   11.952798][    T1] mISDN: HFC-multi driver 2.03
> [   11.952798][    T1] usbcore: registered new interface driver HFC-S_USB
> [   11.952798][    T1] AVM Fritz PCI driver Rev. 2.3
> [   11.952798][    T1] Sedlbauer Speedfax+ Driver Rev. 2.0
> [   11.952798][    T1] Infineon ISDN Driver Rev. 1.0
> [   11.952798][    T1] Winbond W6692 PCI driver Rev. 2.0
> [   11.952798][    T1] Netjet PCI driver Rev. 2.0
> [   11.952798][    T1] mISDNipac module version 2.0
> [   11.952798][    T1] mISDN: ISAR driver Rev. 2.1
> [   11.952798][    T1] intel_pstate: CPU model not supported
> [   11.952798][    T1] sdhci: Secure Digital Host Controller Interface driver
> [   11.952798][    T1] sdhci: Copyright(c) Pierre Ossman
> [   11.952798][    T1] VUB300 Driver rom wait states = 1C irqpoll timeout = 0400
> [   11.980010][    T1] usbcore: registered new interface driver vub300
> [   11.980772][    T1] usbcore: registered new interface driver ushc
> [   11.980772][    T1] sdhci-pltfm: SDHCI platform and OF driver helper
> [   11.985526][    T1] No iBFT detected.
> [   11.985526][    T1] efifb: probing for efifb
> [   11.985526][    T1] efifb: framebuffer at 0xc0000000, using 1876k, total 1875k
> [   11.985526][    T1] efifb: mode is 800x600x32, linelength=3200, pages=1
> [   11.985526][    T1] efifb: scrolling: redraw
> [   11.985526][    T1] efifb: Truecolor: size=8:8:8:8, shift=24:16:8:0
> [   11.994716][    T1] Console: switching to colour frame buffer device 100x37
> [   11.994716][    T1] fb0: EFI VGA frame buffer device
> [   11.994716][    T1] ccp_crypto: Cannot load: there are no available CCPs
> [   12.009936][    T1] hid: raw HID events driver (C) Jiri Kosina
> [   12.015904][    T1] hv_vmbus: registering driver hid_hyperv
> [   12.015904][    T1] usbcore: registered new interface driver usbhid
> [   12.015904][    T1] usbhid: USB HID core driver
> [   12.015904][    T1] acerhdf: Acer Aspire One Fan driver, v.0.7.0
> [   12.015904][    T1] acerhdf: unknown (unsupported) BIOS version QEMU/Ubuntu 24.04 PC (i440FX + PIIX, 1996)/0.0.0, please report, aborting!
> [   12.015904][    T1] acer_wmi: Acer Laptop ACPI-WMI Extras
> [   12.015904][    T1] acer_wmi: No or unsupported WMI interface, unable to load
> [   12.015904][    T1] asus_wmi: ASUS WMI generic driver loaded
> [   12.015904][    T1] asus_wmi: ASUS Management GUID not found
> [   12.015904][    T1] asus_wmi: ASUS Management GUID not found
> [   12.015904][    T1] fujitsu_laptop: driver 0.6.0 successfully loaded
> [   12.015904][    T1] fujitsu_tablet: Unknown (using defaults)
> [   12.015904][    T1] hdaps: supported laptop not found!
> [   12.015904][    T1] hdaps: driver init failed (ret=-19)!
> [   12.042088][    T1] intel_oaktrail: Platform not recognized (You could try the module's force-parameter)
> [   12.042088][    T1] msi_wmi: This machine doesn't have neither MSI-hotkeys nor backlight through WMI
> [   12.042088][    T1] compal_laptop: Motherboard not recognized (You could try the module's force-parameter)
> [   12.042088][    T1] topstar_laptop: ACPI extras driver loaded
> [   12.042088][    T1] hv_utils: Registering HyperV Utility Driver
> [   12.042088][    T1] hv_vmbus: registering driver hv_utils
> [   12.042088][    T1] hv_vmbus: registering driver hv_balloon
> [   12.042088][    T1] Intel(R) PCI-E Non-Transparent Bridge Driver 2.0
> [   12.042088][    T1] Software Queue-Pair Transport over NTB, version 4
> [   12.093696][    T1] snd_mtpav snd_mtpav: MTVAP port 0x378 is busy
> [   12.093696][    T1] snd_mtpav snd_mtpav: probe with driver snd_mtpav failed with error -16
> [   12.093696][    T1] Error: Driver 'pcspkr' is already registered, aborting...
> [   12.093696][    T1] ASIHPI driver 4.14.03
> [   12.093696][    T1] usbcore: registered new interface driver snd-usb-audio
> [   12.093696][    T1] usbcore: registered new interface driver snd-ua101
> [   12.093696][    T1] usbcore: registered new interface driver snd-usb-usx2y
> [   12.093696][    T1] usbcore: registered new interface driver snd-usb-us122l
> [   12.093696][    T1] usbcore: registered new interface driver snd-usb-caiaq
> [   12.093696][    T1] usbcore: registered new interface driver snd-usb-6fire
> [   12.093696][    T1] usbcore: registered new interface driver snd-usb-hiface
> [   12.093696][    T1] usbcore: registered new interface driver snd-bcd2000
> [   12.093696][    T1] usbcore: registered new interface driver snd_usb_pod
> [   12.093696][    T1] usbcore: registered new interface driver snd_usb_podhd
> [   12.093696][    T1] usbcore: registered new interface driver snd_usb_toneport
> [   12.093696][    T1] usbcore: registered new interface driver snd_usb_variax
> [   12.093696][    T1] pktgen: Packet Generator for packet performance testing. Version: 2.75
> [   12.125278][    T1] drop_monitor: Initializing network drop monitor service
> [   12.126258][    T1] GACT probability on
> [   12.126266][    T1] Mirror/redirect action on
> [   12.126266][    T1] Simple TC action Loaded
> [   12.126266][    T1] netem: version 1.3
> [   12.126266][    T1] u32 classifier
> [   12.126266][    T1]     Performance counters on
> [   12.126266][    T1]     input device check on
> [   12.126266][    T1]     Actions configured
> [   12.126266][    T1] IPVS: Registered protocols (TCP, UDP, SCTP, AH, ESP)
> [   12.126266][    T1] IPVS: Connection hash table configured (size=4096, memory=32Kbytes)
> [   12.126266][    T1] IPVS: ipvs loaded.
> [   12.126266][    T1] IPVS: [rr] scheduler registered.
> [   12.126266][    T1] IPVS: [wrr] scheduler registered.
> [   12.126266][    T1] IPVS: [lc] scheduler registered.
> [   12.126266][    T1] IPVS: [wlc] scheduler registered.
> [   12.126266][    T1] IPVS: [fo] scheduler registered.
> [   12.126266][    T1] IPVS: [ovf] scheduler registered.
> [   12.126266][    T1] IPVS: [lblc] scheduler registered.
> [   12.126266][    T1] IPVS: [lblcr] scheduler registered.
> [   12.126266][    T1] IPVS: [dh] scheduler registered.
> [   12.126266][    T1] IPVS: [sh] scheduler registered.
> [   12.126266][    T1] IPVS: [sed] scheduler registered.
> [   12.126266][    T1] IPVS: [nq] scheduler registered.
> [   12.126266][    T1] IPVS: [sip] pe registered.
> [   12.126266][    T1] ipip: IPv4 and MPLS over IPv4 tunneling driver
> [   12.126266][    T1] gre: GRE over IPv4 demultiplexor driver
> [   12.126266][    T1] ip_gre: GRE over IPv4 tunneling driver
> [   12.153320][    T1] IPv4 over IPsec tunneling driver
> [   12.156669][    T1] Initializing XFRM netlink socket
> [   12.157319][    T1] IPsec XFRM device driver
> [   12.158213][    T1] NET: Registered PF_INET6 protocol family
> [   12.164488][    T1] Segment Routing with IPv6
> [   12.164488][    T1] In-situ OAM (IOAM) with IPv6
> [   12.164488][    T1] mip6: Mobile IPv6
> [   12.164488][    T1] sit: IPv6, IPv4 and MPLS over IPv4 tunneling driver
> [   12.164488][    T1] ip6_gre: GRE over IPv6 tunneling driver
> [   12.164488][    T1] NET: Registered PF_PACKET protocol family
> [   12.176092][    T1] NET: Registered PF_KEY protocol family
> [   12.176897][    T1] Bridge firewalling registered
> [   12.177494][    T1] can: controller area network core
> [   12.178215][    T1] NET: Registered PF_CAN protocol family
> [   12.178854][    T1] can: raw protocol
> [   12.179282][    T1] can: broadcast manager protocol
> [   12.179869][    T1] can: netlink gateway - max_hops=1
> [   12.181032][    T1] lec:lane_module_init: lec.c: initialized
> [   12.181866][    T1] l2tp_core: L2TP core driver, V2.0
> [   12.182458][    T1] l2tp_ppp: PPPoL2TP kernel driver, V2.0
> [   12.182690][    T1] l2tp_ip: L2TP IP encapsulation support (L2TPv3)
> [   12.182690][    T1] l2tp_netlink: L2TP netlink interface
> [   12.182690][    T1] l2tp_eth: L2TP ethernet pseudowire support (L2TPv3)
> [   12.182690][    T1] l2tp_debugfs: L2TP debugfs support
> [   12.182690][    T1] l2tp_ip6: L2TP IP encapsulation support for IPv6 (L2TPv3)
> [   12.182690][    T1] 8021q: 802.1Q VLAN Support v1.8
> [   12.191820][    T1] Key type dns_resolver registered
> [   12.192448][    T1] Key type ceph registered
> [   12.193424][    T1] libceph: loaded (mon/osd proto 15/24)
> [   12.194192][    T1] openvswitch: Open vSwitch switching datapath
> [   12.195544][    T1] mpls_gso: MPLS GSO support
> [   12.211849][    T1] IPI shorthand broadcast: enabled
> [   13.141846][    T1] sched_clock: Marking stable (12946003101, 195453356)->(13187037302, -45580845)
> [   13.157173][    T1] registered taskstats version 1
> [   13.171445][    T1] Loading compiled-in X.509 certificates
> [   13.375195][    T1] Loaded X.509 cert 'Build time autogenerated kernel key: 8bd3e4a98356365a6d82dbebcab1c0386f688aed'
> [   13.509884][    T1] Demotion targets for Node 0: null
> [   13.512905][    T1] kmemleak: Kernel memory leak detector initialized (mem pool available: 13099)
> [   13.512961][  T228] kmemleak: Automatic memory scanning thread started
> [   13.518494][    T1] Key type .fscrypt registered
> [   13.521275][    T1] Key type fscrypt-provisioning registered
> [   13.537207][    T1] Key type encrypted registered
> [   13.538131][    T1] AppArmor: AppArmor sha256 policy hashing enabled
> [   13.541112][    T1] ima: No TPM chip found, activating TPM-bypass!
> [   13.542348][    T1] Loading compiled-in module X.509 certificates
> [   13.552728][    T1] Loaded X.509 cert 'Build time autogenerated kernel key: 8bd3e4a98356365a6d82dbebcab1c0386f688aed'
> [   13.554544][    T1] ima: Allocated hash algorithm: sha256
> [   13.555592][    T1] ima: No architecture policies found
> [   13.556948][    T1] evm: Initialising EVM extended attributes:
> [   13.557956][    T1] evm: security.selinux
> [   13.558664][    T1] evm: security.SMACK64 (disabled)
> [   13.559521][    T1] evm: security.SMACK64EXEC (disabled)
> [   13.560432][    T1] evm: security.SMACK64TRANSMUTE (disabled)
> [   13.561410][    T1] evm: security.SMACK64MMAP (disabled)
> [   13.562318][    T1] evm: security.apparmor
> [   13.563035][    T1] evm: security.ima
> [   13.563609][    T1] evm: security.capability
> [   13.564271][    T1] evm: HMAC attrs: 0x1
> [   13.704007][  T494] alg: No test for fips(ansi_cprng) (fips_ansi_cprng)
> [   13.730964][  T515] "cryptomgr_test" (515) uses obsolete ecb(arc4) skcipher
> [   13.769482][    T1] printk: legacy console [netcon0] enabled
> [   13.770896][    T1] netconsole: network logging started
> [   13.774526][    T1] saa7134_alsa: saa7134 ALSA driver for DMA sound loaded
> [   13.776195][    T1] saa7134_alsa: saa7134 ALSA: no saa7134 cards found
> [   14.010120][    T1] clk: Disabling unused clocks
> [   14.010864][    T1] ALSA device list:
> [   14.011414][    T1]   #0: Dummy 1
> [   14.011929][    T1]   #1: Loopback 1
> [   14.012479][    T1]   #2: Virtual MIDI Card 1
> [   14.015525][    T1] md: Waiting for all devices to be available before autodetect
> [   14.018553][    T1] md: If you don't use raid, use raid=noautodetect
> [   14.020746][    T1] md: Autodetecting RAID arrays.
> [   14.022514][    T1] md: autorun ...
> [   14.023713][    T1] md: ... autorun DONE.
> [   14.254405][    T1] EXT4-fs (vda): warning: mounting fs with errors, running e2fsck is recommended
> [   14.279916][    T1] EXT4-fs (vda): Errors on filesystem, clearing orphan list.
> [   14.281090][    T1] EXT4-fs (vda): recovery complete
> [   14.283948][    T1] EXT4-fs (vda): mounted filesystem e4fb7975-5ae6-4691-99af-944cd89af02d r/w with ordered data mode. Quota mode: none.
> [   14.286035][    T1] VFS: Mounted root (ext4 filesystem) on device 252:0.
> [   14.288010][    T1] devtmpfs: mounted
> [   14.289411][    T1] integrity: Unable to open file: /etc/keys/x509_ima.der (-2)
> [   14.289512][    T1] integrity: Unable to open file: /etc/keys/x509_evm.der (-2)
> [   14.408551][    T1] Freeing unused decrypted memory: 2028K
> [   14.418364][    T1] Freeing unused kernel image (initmem) memory: 26564K
> [   14.419738][    T1] Write protecting the kernel read-only data: 210944k
> [   14.425423][    T1] Freeing unused kernel image (text/rodata gap) memory: 1092K
> [   14.427556][    T1] Freeing unused kernel image (rodata/data gap) memory: 1432K
> [   14.445803][    T1] Run /sbin/init as init process
