Return-Path: <linux-kernel+bounces-743726-lists+linux-kernel=lfdr.de@vger.kernel.org>
X-Original-To: lists+linux-kernel@lfdr.de
Delivered-To: lists+linux-kernel@lfdr.de
Received: from am.mirrors.kernel.org (am.mirrors.kernel.org [147.75.80.249])
	by mail.lfdr.de (Postfix) with ESMTPS id 25D5FB1027F
	for <lists+linux-kernel@lfdr.de>; Thu, 24 Jul 2025 09:58:46 +0200 (CEST)
Received: from smtp.subspace.kernel.org (relay.kernel.org [52.25.139.140])
	(using TLSv1.2 with cipher ECDHE-ECDSA-AES256-GCM-SHA384 (256/256 bits))
	(No client certificate requested)
	by am.mirrors.kernel.org (Postfix) with ESMTPS id 123EA1CC381F
	for <lists+linux-kernel@lfdr.de>; Thu, 24 Jul 2025 07:58:59 +0000 (UTC)
Received: from localhost.localdomain (localhost.localdomain [127.0.0.1])
	by smtp.subspace.kernel.org (Postfix) with ESMTP id 850FE22AE75;
	Thu, 24 Jul 2025 07:58:29 +0000 (UTC)
Authentication-Results: smtp.subspace.kernel.org;
	dkim=pass (1024-bit key) header.d=m.fudan.edu.cn header.i=@m.fudan.edu.cn header.b="HidRybBZ"
Received: from smtpbgjp3.qq.com (smtpbgjp3.qq.com [54.92.39.34])
	(using TLSv1.2 with cipher ECDHE-RSA-AES256-GCM-SHA384 (256/256 bits))
	(No client certificate requested)
	by smtp.subspace.kernel.org (Postfix) with ESMTPS id F0A3426738D
	for <linux-kernel@vger.kernel.org>; Thu, 24 Jul 2025 07:57:15 +0000 (UTC)
Authentication-Results: smtp.subspace.kernel.org; arc=none smtp.client-ip=54.92.39.34
ARC-Seal:i=1; a=rsa-sha256; d=subspace.kernel.org; s=arc-20240116;
	t=1753343873; cv=none; b=NS3Cze+EORxnwRSVYhiCIfaPunmX5erh7VaPgKrjMAwVMKYrNqe3BluaT6z9fnSFfPftVcHz593RsDLw/V95jHNg6o6dOp0/gOjBS2IyLOcVC6zBYxLgc+mgcaGp7i632JXUBmMpW5B5dKj/GxoRzAGFRdFi+bXHqXjxNl9KFws=
ARC-Message-Signature:i=1; a=rsa-sha256; d=subspace.kernel.org;
	s=arc-20240116; t=1753343873; c=relaxed/simple;
	bh=skJFSxKEG/pwFuZkOKK0XpEUYTLn+CJ+0MH23r8xvhs=;
	h=From:Message-Id:Content-Type:Mime-Version:Subject:Date:
	 In-Reply-To:Cc:To:References; b=pHHRaw1fuIer4EmPvWro7/btDN0RqZ0wRYwSfijExqADB7BexjeljmY6AbE1+ZIeAF0SQ15Ct+wOsYQpcM6/bhFaLFWMW2MEVrZC44kcAvvGzfc91+SiUpH3JXjaXDG0wOZC/qHtwgJpVp4bNFCC4BsDWLJ45HbsfHHxeFZy1z0=
ARC-Authentication-Results:i=1; smtp.subspace.kernel.org; dmarc=pass (p=reject dis=none) header.from=m.fudan.edu.cn; spf=pass smtp.mailfrom=m.fudan.edu.cn; dkim=pass (1024-bit key) header.d=m.fudan.edu.cn header.i=@m.fudan.edu.cn header.b=HidRybBZ; arc=none smtp.client-ip=54.92.39.34
Authentication-Results: smtp.subspace.kernel.org; dmarc=pass (p=reject dis=none) header.from=m.fudan.edu.cn
Authentication-Results: smtp.subspace.kernel.org; spf=pass smtp.mailfrom=m.fudan.edu.cn
DKIM-Signature: v=1; a=rsa-sha256; c=relaxed/relaxed; d=m.fudan.edu.cn;
	s=sorc2401; t=1753343763;
	bh=lQrwJoCpgl2/BAXpT3pNpBMlKBiTVuq62JQ+xefCnIs=;
	h=From:Message-Id:Mime-Version:Subject:Date:To;
	b=HidRybBZ4YwvW5IH7jquac1FR7R+pVSCo1MhrfunnoX6NKl573OQdt3We/1hMdfxo
	 Otwhw1NJB6ufB2XE/NV1Jr+l00IEgO7NVrgHMHl6zAdS5b7JTVBpzd3zjQXNrFrXoJ
	 RKA1ZeAu3D35MATv2lSgweEFjS9ZzNXQKk+e4BJY=
X-QQ-mid: zesmtpsz2t1753343761t7b9299ff
X-QQ-Originating-IP: ta+opYQ+rXwwJ6CQms5Njlfo+P19jwPxilOkxkaRtPE=
Received: from smtpclient.apple ( [202.120.235.142])
	by bizesmtp.qq.com (ESMTP) with 
	id ; Thu, 24 Jul 2025 15:55:58 +0800 (CST)
X-QQ-SSF: 0000000000000000000000000000000
X-QQ-GoodBg: 0
X-BIZMAIL-ID: 12530290682153853686
EX-QQ-RecipientCnt: 5
From: =?utf-8?B?6IOh54Sc?= <huk23@m.fudan.edu.cn>
Message-Id: <C0FEC6BF-BCC8-4301-BBE6-8A49A05D50D6@m.fudan.edu.cn>
Content-Type: multipart/mixed;
	boundary="Apple-Mail=_544FB0F3-7181-41A1-B559-5F64E0DD7181"
Precedence: bulk
X-Mailing-List: linux-kernel@vger.kernel.org
List-Id: <linux-kernel.vger.kernel.org>
List-Subscribe: <mailto:linux-kernel+subscribe@vger.kernel.org>
List-Unsubscribe: <mailto:linux-kernel+unsubscribe@vger.kernel.org>
Mime-Version: 1.0 (Mac OS X Mail 16.0 \(3826.600.51.1.1\))
Subject: Re: possible deadlock in smp_call_function_many_cond
Date: Thu, 24 Jul 2025 15:55:47 +0800
In-Reply-To: <877c02vejr.ffs@tglx>
Cc: =?utf-8?B?55m954OB5YaJ?= <baishuoran@hrbeu.edu.cn>,
 Peter Zijlstra <peterz@infradead.org>,
 "jjtan24@m.fudan.edu.cn" <jjtan24@m.fudan.edu.cn>,
 linux-kernel@vger.kernel.org
To: Thomas Gleixner <tglx@linutronix.de>
References: <758991c1.13f67.197f9cccf9b.Coremail.baishuoran@hrbeu.edu.cn>
 <877c02vejr.ffs@tglx>
X-Mailer: Apple Mail (2.3826.600.51.1.1)
X-QQ-SENDSIZE: 520
Feedback-ID: zesmtpsz:m.fudan.edu.cn:qybglogicsvrgz:qybglogicsvrgz8a-1
X-QQ-XMAILINFO: Ntdq2DfHmxsu4NwQtNhOnjjU8UCnBEGYkPyulTJ5rKBtjoPoF1e9bUM2
	NCDOcl/6Ke+q8xNtsNOBsuB2M8c6aggMN6y35AQlev5SjBgZvePQqTJgEtosElCfNJC0N2S
	nNdqgx+IMqAZ8vKIl2CTi+24XE7WXuKrAqVAaE7XjPqcYAz24FYl4INmI+Pc06cSy9C3SwM
	V9oQ5Hcxbv8SLnPwTMI3z+PTWYfYOmNc3W6FLdcHclR3CLGgEQYq1qv1EJTCXw1d6MRYdzC
	ZQmJuNi+K2oJ66oDTWphD2z9cAmUUoCOnI30pnLISJQz5i1WU7wj9bHBBpLbgzrFM2kmo7i
	c2qJB3TTa+aAjgAh/mPrTpEs1e2Xnj7lPHxLWxvHN9EtMogKAhbElYX+qWAAVdL03ixp4zO
	6Gaii5tkTxJAcqBpAfz2ZKE593gr42E4of81xAAy+dLmupql08FDXKz4NsC8xh13OElvmIc
	rvS63ah2e+GdcMfhyYi+UCMUubtER+fuidKG8CsMltH/ndSsKvBaIsOlNFxqZne67jcZvka
	/DFXs0J7E95J01Mkz5Mu/ib1hfbVNpuXCvJOYAnmnJCOcA/fku7ALpVU0ff6wI45Pkpn7l9
	Yqx8+6f6g3PoPQGacKYD9RQZMN5z6wXNABnEUiODB8t6cfZV3OKp9FQoGIf0huikaDIW843
	yOpvm0ZCej5knDm3GwPL86rq7tQasLebmC9zBfN732B2oWJFACZ5+iZo0KTARHL87IcRZ/l
	zke28zIK4wfCWs9JnGBqRZoDFss5BlFaPIf9Rg4SU+dYyGceu6yxJuLm/aOj3NJGHJjNviC
	/+q+CPBU/i/DeZTcOErpgDEkxsD4rBSp9qQj0gBHaGNuF8hddHhV2qb6mTwbL4J5wr3+XC6
	GVnG9h0KktlL+xM4Gd75aG186eeJ3AkN5I0fvRx/5yvcs7k8mOX4ZQ+l0S9xfRgJbSp8fjc
	x6rEWIRGPVqg9ristUWObtZVAKF+SI6KRBhXgJdgHh7/OjGPDNpzrVBtvrmqxfeCaRni0cp
	o5aCApWDjb8S5nQgCVV7un90r71eWQvkDKErJKT9ZPuWK0dTkB
X-QQ-XMRINFO: Nq+8W0+stu50PRdwbJxPCL0=
X-QQ-RECHKSPAM: 0


--Apple-Mail=_544FB0F3-7181-41A1-B559-5F64E0DD7181
Content-Transfer-Encoding: quoted-printable
Content-Type: text/plain;
	charset=utf-8

Hi Thomas:

We've reproduced the issue on multiple kernels (6.16-rc4, etc.), but =
just noticed that the latest tree has been updated to rc7, so we're =
still verifying.

Per your suggestion, we turned on multiple options to print these =
details, including: ftrace_dump_on_oops hrtimer_expire_entry =
hrtimer_expire_exit trace_event=3Dipi_entry,ipi_exit,irq_handler_ =
entry,irq_handler_exit. also turned on CONFIG_CSD LOCK WAIT DEBUG.

My guess is that the crash point might be csd_lock_wait(csd) in =
~/kernel/smp.c on line 885. Here the other CPUs are notified via IPI to =
execute flush_tlb_mm_range and enter spin wait. However, it has not yet =
been determined which CPU performed the operation that caused the IPI to =
return a timeout.

I'll first provide the log that was reproduced in 6.16-rc4. we'll =
re-verify it on rc7.

thanks,
Kun=20

> 2025=E5=B9=B47=E6=9C=8821=E6=97=A5 03:38=EF=BC=8CThomas Gleixner =
<tglx@linutronix.de> =E5=86=99=E9=81=93=EF=BC=9A
>=20
> On Fri, Jul 11 2025 at 22:03, =E7=99=BD=E7=83=81=E5=86=89 wrote:
>> When using our customized Syzkaller to fuzz the latest Linux kernel,
>> the following crash (122th)was triggered.
>>=20
>> HEAD commit: 6537cfb395f352782918d8ee7b7f10ba2cc3cbf2
>> git tree: upstream
>=20
> That's not the latest kernel.
>=20
>> =
Output:https://github.com/pghk13/Kernel-Bug/blob/main/0702_6.14/INFO%3A%20=
rcu%20detected%20stall%20in%20sys_select/122report.txt
>> Kernel =
config:https://github.com/pghk13/Kernel-Bug/blob/main/0305_6.14rc3/config.=
txt
>> C =
reproducer:https:https://github.com/pghk13/Kernel-Bug/blob/main/0702_6.14/=
INFO%3A%20rcu%20detected%20stall%20in%20sys_select/122repro.c
>> Syzlang reproducer: =
https://github.com/pghk13/Kernel-Bug/blob/main/0702_6.14/INFO%3A%20rcu%20d=
etected%20stall%20in%20sys_select/122repro.txt
>>=20

--Apple-Mail=_544FB0F3-7181-41A1-B559-5F64E0DD7181
Content-Disposition: attachment;
	filename=122log.txt
Content-Type: text/plain;
	x-unix-mode=0444;
	name="122log.txt"
Content-Transfer-Encoding: quoted-printable


[    0.000000][    T0] Linux version 6.16.0-rc4 =
(qjj@qjj-Standard-PC-Q35-ICH9-2009) (gcc (Ubuntu 9.4.0-1ubuntu1~20.04.2) =
9.4.0, GNU ld (GNU Binutils for Ubuntu) 2.34) #1 SMP PREEMPT_DYNAMIC Wed =
Jul  2 09:53:03 CST 2025

[    0.000000][    T0] Command line: root=3D/dev/sda console=3DttyS0 =
ftrace_dump_on_oops hrtimer_expire_entry hrtimer_expire_exit =
trace_event=3Dipi_entry,ipi_exit,irq_handler_entry,irq_handler_exit

[    0.000000][    T0] KERNEL supported cpus:

[    0.000000][    T0]   Intel GenuineIntel

[    0.000000][    T0]   AMD AuthenticAMD

[    0.000000][    T0] BIOS-provided physical RAM map:

[    0.000000][    T0] BIOS-e820: [mem =
0x0000000000000000-0x000000000009fbff] usable

[    0.000000][    T0] BIOS-e820: [mem =
0x000000000009fc00-0x000000000009ffff] reserved

[    0.000000][    T0] BIOS-e820: [mem =
0x00000000000f0000-0x00000000000fffff] reserved

[    0.000000][    T0] BIOS-e820: [mem =
0x0000000000100000-0x000000007ffdffff] usable

[    0.000000][    T0] BIOS-e820: [mem =
0x000000007ffe0000-0x000000007fffffff] reserved

[    0.000000][    T0] BIOS-e820: [mem =
0x00000000feffc000-0x00000000feffffff] reserved

[    0.000000][    T0] BIOS-e820: [mem =
0x00000000fffc0000-0x00000000ffffffff] reserved

[    0.000000][    T0] printk: legacy bootconsole [earlyser0] enabled

[    0.000000][    T0] ERROR: earlyprintk=3D earlyser already used

[    0.000000][    T0] ERROR: earlyprintk=3D earlyser already used

[    0.000000][    T0] =
**********************************************************

[    0.000000][    T0] **   NOTICE NOTICE NOTICE NOTICE NOTICE NOTICE =
NOTICE   **

[    0.000000][    T0] **                                                =
      **

[    0.000000][    T0] ** This system shows unhashed kernel memory =
addresses   **

[    0.000000][    T0] ** via the console, logs, and other interfaces. =
This    **

[    0.000000][    T0] ** might reduce the security of your system.      =
      **

[    0.000000][    T0] **                                                =
      **

[    0.000000][    T0] ** If you see this message and you are not =
debugging    **

[    0.000000][    T0] ** the kernel, report this immediately to your =
system   **

[    0.000000][    T0] ** administrator!                                 =
      **

[    0.000000][    T0] **                                                =
      **

[    0.000000][    T0] **   NOTICE NOTICE NOTICE NOTICE NOTICE NOTICE =
NOTICE   **

[    0.000000][    T0] =
**********************************************************

[    0.000000][    T0] Malformed early option 'vsyscall'

[    0.000000][    T0] nopcid: PCID feature disabled

[    0.000000][    T0] NX (Execute Disable) protection: active

[    0.000000][    T0] APIC: Static calls initialized

[    0.000000][    T0] SMBIOS 2.8 present.

[    0.000000][    T0] DMI: QEMU Standard PC (i440FX + PIIX, 1996), BIOS =
1.13.0-1ubuntu1.1 04/01/2014

[    0.000000][    T0] DMI: Memory slots populated: 1/1

[    0.000000][    T0] Hypervisor detected: KVM

[    0.000000][    T0] kvm-clock: Using msrs 4b564d01 and 4b564d00

[    0.000004][    T0] kvm-clock: using sched offset of 1705530923 =
cycles

[    0.002847][    T0] clocksource: kvm-clock: mask: 0xffffffffffffffff =
max_cycles: 0x1cd42e4dffb, max_idle_ns: 881590591483 ns

[    0.011456][    T0] tsc: Detected 2249.996 MHz processor

[    0.026856][    T0] last_pfn =3D 0x7ffe0 max_arch_pfn =3D =
0x10000000000

[    0.030205][    T0] MTRR map: 4 entries (3 fixed + 1 variable; max =
19), built from 8 variable MTRRs

[    0.034521][    T0] x86/PAT: Configuration [0-7]: WB  WC  UC- UC  WB  =
WP  UC- WT =20

[    0.043411][    T0] found SMP MP-table at [mem 0x000f5c50-0x000f5c5f]

[    0.046546][    T0] Using GB pages for direct mapping

[    0.051862][    T0] ACPI: Early table checksum verification disabled

[    0.054902][    T0] ACPI: RSDP 0x00000000000F59B0 000014 (v00 BOCHS )

[    0.058014][    T0] ACPI: RSDT 0x000000007FFE1685 000030 (v01 BOCHS  =
BXPCRSDT 00000001 BXPC 00000001)

[    0.062490][    T0] ACPI: FACP 0x000000007FFE1549 000074 (v01 BOCHS  =
BXPCFACP 00000001 BXPC 00000001)

[    0.066867][    T0] ACPI: DSDT 0x000000007FFE0040 001509 (v01 BOCHS  =
BXPCDSDT 00000001 BXPC 00000001)

[    0.071203][    T0] ACPI: FACS 0x000000007FFE0000 000040

[    0.073661][    T0] ACPI: APIC 0x000000007FFE15BD 000090 (v01 BOCHS  =
BXPCAPIC 00000001 BXPC 00000001)

[    0.077963][    T0] ACPI: HPET 0x000000007FFE164D 000038 (v01 BOCHS  =
BXPCHPET 00000001 BXPC 00000001)

[    0.082271][    T0] ACPI: Reserving FACP table memory at [mem =
0x7ffe1549-0x7ffe15bc]

[    0.085845][    T0] ACPI: Reserving DSDT table memory at [mem =
0x7ffe0040-0x7ffe1548]

[    0.089439][    T0] ACPI: Reserving FACS table memory at [mem =
0x7ffe0000-0x7ffe003f]

[    0.093028][    T0] ACPI: Reserving APIC table memory at [mem =
0x7ffe15bd-0x7ffe164c]

[    0.096659][    T0] ACPI: Reserving HPET table memory at [mem =
0x7ffe164d-0x7ffe1684]

[    0.102559][    T0] No NUMA configuration found

[    0.104733][    T0] Faking a node at [mem =
0x0000000000000000-0x000000007ffdffff]

[    0.108229][    T0] Faking node 0 at [mem =
0x0000000000001000-0x0000000040000fff] (1024MB)

[    0.112056][    T0] Faking node 1 at [mem =
0x0000000040001000-0x000000007ffdffff] (1023MB)

[    0.116497][    T0] NODE_DATA(0) allocated [mem =
0x3fffb400-0x40000fff]

[    0.120039][    T0] NODE_DATA(1) allocated [mem =
0x7ffd9400-0x7ffdefff]

[    0.128106][    T0] Zone ranges:

[    0.129678][    T0]   DMA      [mem =
0x0000000000001000-0x0000000000ffffff]

[    0.132886][    T0]   DMA32    [mem =
0x0000000001000000-0x000000007ffdffff]

[    0.136105][    T0]   Normal   empty

[    0.137798][    T0]   Device   empty

[    0.139540][    T0] Movable zone start for each node

[    0.141934][    T0] Early memory node ranges

[    0.143980][    T0]   node   0: [mem =
0x0000000000001000-0x000000000009efff]

[    0.147276][    T0]   node   0: [mem =
0x0000000000100000-0x0000000040000fff]

[    0.150636][    T0]   node   1: [mem =
0x0000000040001000-0x000000007ffdffff]

[    0.153973][    T0] Initmem setup node 0 [mem =
0x0000000000001000-0x0000000040000fff]

[    0.157720][    T0] Initmem setup node 1 [mem =
0x0000000040001000-0x000000007ffdffff]

[    0.161536][    T0] On node 0, zone DMA: 1 pages in unavailable =
ranges

[    0.165034][    T0] On node 0, zone DMA: 97 pages in unavailable =
ranges

[    0.205371][    T0] On node 1, zone DMA32: 32 pages in unavailable =
ranges

[    0.267153][    T0] kasan: KernelAddressSanitizer initialized

[    0.271673][    T0] ACPI: PM-Timer IO Port: 0x608

[    0.273981][    T0] ACPI: LAPIC_NMI (acpi_id[0xff] dfl dfl lint[0x1])

[    0.277145][    T0] IOAPIC[0]: apic_id 0, version 17, address =
0xfec00000, GSI 0-23

[    0.280772][    T0] ACPI: INT_SRC_OVR (bus 0 bus_irq 0 global_irq 2 =
dfl dfl)

[    0.284051][    T0] ACPI: INT_SRC_OVR (bus 0 bus_irq 5 global_irq 5 =
high level)

[    0.287522][    T0] ACPI: INT_SRC_OVR (bus 0 bus_irq 9 global_irq 9 =
high level)

[    0.290951][    T0] ACPI: INT_SRC_OVR (bus 0 bus_irq 10 global_irq 10 =
high level)

[    0.294433][    T0] ACPI: INT_SRC_OVR (bus 0 bus_irq 11 global_irq 11 =
high level)

[    0.297923][    T0] ACPI: Using ACPI (MADT) for SMP configuration =
information

[    0.301281][    T0] ACPI: HPET id: 0x8086a201 base: 0xfed00000

[    0.304053][    T0] TSC deadline timer available

[    0.306228][    T0] CPU topo: Max. logical packages:   4

[    0.308692][    T0] CPU topo: Max. logical dies:       4

[    0.311236][    T0] CPU topo: Max. dies per package:   1

[    0.313787][    T0] CPU topo: Max. threads per core:   1

[    0.316335][    T0] CPU topo: Num. cores per package:     1

[    0.318994][    T0] CPU topo: Num. threads per package:   1

[    0.321628][    T0] CPU topo: Allowing 4 present CPUs plus 0 hotplug =
CPUs

[    0.324920][    T0] kvm-guest: APIC: eoi() replaced with =
kvm_guest_apic_eoi_write()

[    0.328707][    T0] kvm-guest: KVM setup pv remote TLB flush

[    0.331442][    T0] kvm-guest: setup PV sched yield

[    0.333811][    T0] PM: hibernation: Registered nosave memory: [mem =
0x00000000-0x00000fff]

[    0.337727][    T0] PM: hibernation: Registered nosave memory: [mem =
0x0009f000-0x000fffff]

[    0.341633][    T0] [mem 0x80000000-0xfeffbfff] available for PCI =
devices

[    0.344851][    T0] Booting paravirtualized kernel on KVM

[    0.347409][    T0] clocksource: refined-jiffies: mask: 0xffffffff =
max_cycles: 0xffffffff, max_idle_ns: 19112604462750000 ns

[    0.406325][    T0] setup_percpu: NR_CPUS:8 nr_cpumask_bits:4 =
nr_cpu_ids:4 nr_node_ids:2

[    0.410962][    T0] percpu: Embedded 70 pages/cpu s247304 r8192 =
d31224 u1048576

[    0.414809][    T0] kvm-guest: PV spinlocks enabled

[    0.417147][    T0] PV qspinlock hash table entries: 256 (order: 0, =
4096 bytes, linear)

[    0.420989][    T0] Kernel command line: earlyprintk=3Dserial =
net.ifnames=3D0 sysctl.kernel.hung_task_all_cpu_backtrace=3D1 =
ima_policy=3Dtcb nf-conntrack-ftp.ports=3D20000 =
nf-conntrack-tftp.ports=3D20000 nf-conntrack-sip.ports=3D20000 =
nf-conntrack-irc.ports=3D20000 nf-conntrack-sane.ports=3D20000 =
binder.debug_mask=3D0 rcupdate.rcu_expedited=3D1 =
rcupdate.rcu_cpu_stall_cputime=3D1 no_hash_pointers page_owner=3Don =
sysctl.vm.nr_hugepages=3D4 sysctl.vm.nr_overcommit_hugepages=3D4 =
secretmem.enable=3D1 sysctl.max_rcu_stall_to_panic=3D1 =
msr.allow_writes=3Doff coredump_filter=3D0xffff root=3D/dev/sda =
console=3DttyS0 vsyscall=3Dnative numa=3Dfake=3D2 kvm-intel.nested=3D1 =
spec_store_bypass_disable=3Dprctl nopcid vivid.n_devs=3D64 =
vivid.multiplanar=3D1,2,1,2,1,2,1,2,1,2,1,2,1,2,1,2,1,2,1,2,1,2,1,2,1,2,1,=
2,1,2,1,2,1,2,1,2,1,2,1,2,1,2,1,2,1,2,1,2,1,2,1,2,1,2,1,2,1,2,1,2,1,2,1,2 =
netrom.nr_ndevs=3D32 rose.rose_ndevs=3D32 smp.csd_lock_timeout=3D100000 =
watchdog_thresh=3D55 workqueue.watchdog_thresh=3D140 =
sysctl.net.core.netdev_unregister_timeout_secs=3D140 dummy_hcd.num=3D32 =
max_loop=3D32 nbds_max=3D32 panic_on_warn

[    0.427302][    T0] Unknown kernel command line parameters =
"hrtimer_expire_entry hrtimer_expire_exit =
spec_store_bypass_disable=3Dprctl nbds_max=3D32", will be passed to user =
space.

[    0.480111][    T0] random: crng init done

[    0.482201][    T0] printk: log buffer data + meta data: 262144 + =
917504 =3D 1179648 bytes

[    0.486680][    T0] Fallback order for Node 0: 0 1=20

[    0.486698][    T0] Fallback order for Node 1: 1 0=20

[    0.486713][    T0] Built 2 zonelists, mobility grouping on.  Total =
pages: 524158

[    0.495204][    T0] Policy zone: DMA32

[    0.497416][    T0] mem auto-init: stack:off, heap alloc:on, heap =
free:off

[    0.500856][    T0] stackdepot: allocating hash table via =
alloc_large_system_hash

[    0.504552][    T0] stackdepot hash table entries: 1048576 (order: =
12, 16777216 bytes, linear)

[    0.595325][    T0] SLUB: HWalign=3D64, Order=3D0-3, MinObjects=3D0, =
CPUs=3D4, Nodes=3D2

[    0.616839][    T0] allocated 41943040 bytes of page_ext

[    0.619573][    T0] Node 0, zone      DMA: page owner found early =
allocated 0 pages

[    0.637519][    T0] Node 0, zone    DMA32: page owner found early =
allocated 5853 pages

[    0.644823][    T0] Node 1, zone    DMA32: page owner found early =
allocated 4483 pages

[    0.653194][    T0] Dynamic Preempt: full

[    0.656174][    T0] Running RCU self tests

[    0.658190][    T0] Running RCU synchronous self tests

[    0.660686][    T0] rcu: Preemptible hierarchical RCU implementation.

[    0.663834][    T0] rcu: 	RCU lockdep checking is enabled.

[    0.666510][    T0] rcu: 	RCU restricting CPUs from NR_CPUS=3D8 to =
nr_cpu_ids=3D4.

[    0.670048][    T0] rcu: 	RCU callback double-/use-after-free =
debug is enabled.

[    0.673442][    T0] rcu: 	RCU debug extended QS entry/exit.

[    0.676156][    T0] 	All grace periods are expedited (rcu_expedited).

[    0.679313][    T0] 	Trampoline variant of Tasks RCU enabled.

[    0.682128][    T0] 	Tracing variant of Tasks RCU enabled.

[    0.684775][    T0] rcu: RCU calculated value of scheduler-enlistment =
delay is 10 jiffies.

[    0.688833][    T0] rcu: Adjusting geometry for rcu_fanout_leaf=3D16, =
nr_cpu_ids=3D4

[    0.692523][    T0] Running RCU synchronous self tests

[    0.695049][    T0] RCU Tasks: Setting shift to 2 and lim to 1 =
rcu_task_cb_adjust=3D1 rcu_task_cpu_ids=3D4.

[    0.699649][    T0] RCU Tasks Trace: Setting shift to 2 and lim to 1 =
rcu_task_cb_adjust=3D1 rcu_task_cpu_ids=3D4.

[    0.875439][    T0] NR_IRQS: 4352, nr_irqs: 456, preallocated irqs: =
16

[    0.879694][    T0] rcu: srcu_init: Setting srcu_struct sizes based =
on contention.

[    0.883863][    T0] kfence: initialized - using 2097152 bytes for 255 =
objects at 0xff1100007de00000-0xff1100007e000000

[    0.919893][    T0] Console: colour VGA+ 80x25

[    0.922234][    T0] printk: legacy console [ttyS0] enabled

[    0.922234][    T0] printk: legacy console [ttyS0] enabled

[    0.927401][    T0] printk: legacy bootconsole [earlyser0] disabled

[    0.927401][    T0] printk: legacy bootconsole [earlyser0] disabled

[    0.933264][    T0] Lock dependency validator: Copyright (c) 2006 Red =
Hat, Inc., Ingo Molnar

[    0.937218][    T0] ... MAX_LOCKDEP_SUBCLASSES:  8

[    0.939498][    T0] ... MAX_LOCK_DEPTH:          48

[    0.941806][    T0] ... MAX_LOCKDEP_KEYS:        8192

[    0.944353][    T0] ... CLASSHASH_SIZE:          4096

[    0.946749][    T0] ... MAX_LOCKDEP_ENTRIES:     1048576

[    0.949270][    T0] ... MAX_LOCKDEP_CHAINS:      1048576

[    0.951821][    T0] ... CHAINHASH_SIZE:          524288

[    0.954338][    T0]  memory used by lock dependency info: 106625 kB

[    0.957256][    T0]  memory used for stack traces: 8320 kB

[    0.959912][    T0]  per task-struct memory footprint: 1920 bytes

[    0.962888][    T0] mempolicy: Enabling automatic NUMA balancing. =
Configure with numa_balancing=3D or the kernel.numa_balancing sysctl

[    0.968407][    T0] ACPI: Core revision 20250404

[    0.971622][    T0] clocksource: hpet: mask: 0xffffffff max_cycles: =
0xffffffff, max_idle_ns: 19112604467 ns

[    0.976753][    T0] APIC: Switch to symmetric I/O mode setup

[    0.980703][    T0] x2apic enabled

[    0.983892][    T0] APIC: Switched APIC routing to: physical x2apic

[    0.987021][    T0] kvm-guest: APIC: send_IPI_mask() replaced with =
kvm_send_ipi_mask()

[    0.990710][    T0] kvm-guest: APIC: send_IPI_mask_allbutself() =
replaced with kvm_send_ipi_mask_allbutself()

[    0.995267][    T0] kvm-guest: setup PV IPIs

[    1.003745][    T0] ..TIMER: vector=3D0x30 apic1=3D0 pin1=3D2 =
apic2=3D-1 pin2=3D-1

[    1.007036][    T0] tsc: Marking TSC unstable due to TSCs =
unsynchronized

[    1.010173][    T0] Calibrating delay loop (skipped) preset value.. =
4499.99 BogoMIPS (lpj=3D22499960)

[    1.015208][    T0] x86/cpu: User Mode Instruction Prevention (UMIP) =
activated

[    1.020963][    T0] Last level iTLB entries: 4KB 512, 2MB 255, 4MB =
127

[    1.024192][    T0] Last level dTLB entries: 4KB 512, 2MB 255, 4MB =
127, 1GB 0

[    1.027861][    T0] Speculative Store Bypass: Mitigation: Speculative =
Store Bypass disabled via prctl

[    1.030172][    T0] Speculative Return Stack Overflow: IBPB-extending =
microcode not applied!

[    1.034182][    T0] Speculative Return Stack Overflow: WARNING: See =
https://kernel.org/doc/html/latest/admin-guide/hw-vuln/srso.html for =
mitigation options.

[    1.034193][    T0] Spectre V2 : Mitigation: Retpolines

[    1.042794][    T0] Speculative Return Stack Overflow: Vulnerable: =
Safe RET, no microcode

[    1.050168][    T0] Spectre V1 : Mitigation: usercopy/swapgs barriers =
and __user pointer sanitization

[    1.054757][    T0] Spectre V2 : Spectre v2 / SpectreRSB: Filling RSB =
on context switch and VMEXIT

[    1.060168][    T0] Spectre V2 : Enabling Restricted Speculation for =
firmware calls

[    1.064007][    T0] Spectre V2 : mitigation: Enabling conditional =
Indirect Branch Prediction Barrier

[    1.068761][    T0] x86/fpu: Supporting XSAVE feature 0x001: 'x87 =
floating point registers'

[    1.070169][    T0] x86/fpu: Supporting XSAVE feature 0x002: 'SSE =
registers'

[    1.073340][    T0] x86/fpu: Supporting XSAVE feature 0x004: 'AVX =
registers'

[    1.080167][    T0] x86/fpu: Supporting XSAVE feature 0x020: 'AVX-512 =
opmask'

[    1.083395][    T0] x86/fpu: Supporting XSAVE feature 0x040: 'AVX-512 =
Hi256'

[    1.086589][    T0] x86/fpu: Supporting XSAVE feature 0x080: 'AVX-512 =
ZMM_Hi256'

[    1.089896][    T0] x86/fpu: Supporting XSAVE feature 0x200: =
'Protection Keys User registers'

[    1.090171][    T0] x86/fpu: xstate_offset[2]:  576, xstate_sizes[2]: =
 256

[    1.093293][    T0] x86/fpu: xstate_offset[5]:  832, xstate_sizes[5]: =
  64

[    1.096290][    T0] x86/fpu: xstate_offset[6]:  896, xstate_sizes[6]: =
 512

[    1.100169][    T0] x86/fpu: xstate_offset[7]: 1408, xstate_sizes[7]: =
1024

[    1.103187][    T0] x86/fpu: xstate_offset[9]: 2432, xstate_sizes[9]: =
   8

[    1.106264][    T0] x86/fpu: Enabled xstate features 0x2e7, context =
size is 2440 bytes, using 'compacted' format.

[    1.698016][    T0] Freeing SMP alternatives memory: 128K

[    1.700227][    T0] pid_max: default: 32768 minimum: 301

[    1.703502][    T0] LSM: initializing =
lsm=3Dlockdown,capability,landlock,yama,safesetid,tomoyo,selinux,bpf,ima,e=
vm

[    1.709298][    T0] landlock: Up and running.

[    1.710223][    T0] Yama: becoming mindful.

[    1.712850][    T0] TOMOYO Linux initialized

[    1.714943][    T0] SELinux:  Initializing.

[    1.725876][    T0] LSM support for eBPF active

[    1.731017][    T0] Dentry cache hash table entries: 262144 (order: =
9, 2097152 bytes, vmalloc hugepage)

[    1.739962][    T0] Inode-cache hash table entries: 131072 (order: 8, =
1048576 bytes, vmalloc)

[    1.740682][    T0] Mount-cache hash table entries: 4096 (order: 3, =
32768 bytes, vmalloc)

[    1.744750][    T0] Mountpoint-cache hash table entries: 4096 (order: =
3, 32768 bytes, vmalloc)

[    1.761127][    T0] Running RCU synchronous self tests

[    1.763501][    T0] Running RCU synchronous self tests

[    1.767711][    T1] smpboot: CPU0: AMD EPYC 9754 128-Core Processor =
(family: 0x19, model: 0xa0, stepping: 0x2)

[    1.772213][    T1] Performance Events: Fam17h+ core perfctr, AMD PMU =
driver.

[    1.775945][    T1] ... version:                0

[    1.778153][    T1] ... bit width:              48

[    1.780189][    T1] ... generic registers:      6

[    1.782437][    T1] ... value mask:             0000ffffffffffff

[    1.785214][    T1] ... max period:             00007fffffffffff

[    1.788064][    T1] ... fixed-purpose events:   0

[    1.790190][    T1] ... event mask:             000000000000003f

[    1.794746][    T1] signal: max sigframe size: 3376

[    1.797982][    T1] rcu: Hierarchical SRCU implementation.

[    1.800188][    T1] rcu: 	Max phase no-delay instances is 1000.

[    1.804617][    T1] Timer migration: 2 hierarchy levels; 8 children =
per group; 1 crossnode level

[    1.970812][    T1] smp: Bringing up secondary CPUs ...

[    1.987490][    T1] smpboot: x86: Booting SMP configuration:

[    1.990256][    T1] .... node  #1, CPUs:      #1

[    2.013232][    T1] .... node  #0, CPUs:   #2

[    2.062992][    T1] .... node  #1, CPUs:   #3

[    2.070654][    T1] smp: Brought up 2 nodes, 4 CPUs

[    2.080191][    T1] smpboot: Total of 4 processors activated =
(17999.96 BogoMIPS)

[    2.090724][    T1] Memory: 1224800K/2096632K available (171889K =
kernel code, 41437K rwdata, 40136K rodata, 27612K init, 121544K bss, =
812008K reserved, 0K cma-reserved)

[    2.101415][    T1] devtmpfs: initialized

[    2.105671][    T1] x86/mm: Memory block size: 128MB

[    2.185446][    T1] Running RCU synchronous self tests

[    2.187961][    T1] Running RCU synchronous self tests

[    2.191638][    T1] Running RCU Tasks wait API self tests

[    2.192792][    T1] Running RCU Tasks Trace wait API self tests

[    2.250260][    T1] clocksource: jiffies: mask: 0xffffffff =
max_cycles: 0xffffffff, max_idle_ns: 19112604462750000 ns

[    2.261115][    T1] posixtimers hash table entries: 2048 (order: 5, =
147456 bytes, vmalloc)

[    2.265239][    T1] futex hash table entries: 512 (65536 bytes on 2 =
NUMA nodes, total 128 KiB, linear).

[    2.277626][    T1] PM: RTC time: 00:47:38, date: 2025-07-24

[    2.315912][    T1] NET: Registered PF_NETLINK/PF_ROUTE protocol =
family

[    2.320232][   T44] Callback from call_rcu_tasks_trace() invoked.

[    2.342140][    T1] audit: initializing netlink subsys (disabled)

[    2.345175][   T45] audit: type=3D2000 audit(1753318058.334:1): =
state=3Dinitialized audit_enabled=3D0 res=3D1

[    2.352275][    T1] thermal_sys: Registered thermal governor =
'step_wise'

[    2.352657][    T1] cpuidle: using governor menu

[    2.355965][    T1] NET: Registered PF_QIPCRTR protocol family

[    2.384071][    T1] dca service started, version 1.12.1

[    2.387198][    T1] PCI: Using configuration type 1 for base access

[    2.390188][    T1] PCI: Using configuration type 1 for extended =
access

[    2.412058][   T43] Callback from call_rcu_tasks() invoked.

[    2.422326][    T1] HugeTLB: allocation took 0ms with =
hugepage_allocation_threads=3D1

[    2.430603][    T1] HugeTLB: registered 1.00 GiB page size, =
pre-allocated 0 pages

[    2.436881][    T1] HugeTLB: 16380 KiB vmemmap can be freed for a =
1.00 GiB page

[    2.440209][    T1] HugeTLB: registered 2.00 MiB page size, =
pre-allocated 0 pages

[    2.446957][    T1] HugeTLB: 28 KiB vmemmap can be freed for a 2.00 =
MiB page

[    2.472828][    T1] raid6: skipped pq benchmark and selected avx512x4

[    2.476504][    T1] raid6: using avx512x2 recovery algorithm

[    2.487274][    T1] ACPI: Added _OSI(Module Device)

[    2.490042][    T1] ACPI: Added _OSI(Processor Device)

[    2.490209][    T1] ACPI: Added _OSI(Processor Aggregator Device)

[    2.611176][    T1] ACPI: 1 ACPI AML tables successfully acquired and =
loaded

[    2.648947][    T1] ACPI: Interpreter enabled

[    2.650820][    T1] ACPI: PM: (supports S0 S3 S4 S5)

[    2.653236][    T1] ACPI: Using IOAPIC for interrupt routing

[    2.656489][    T1] PCI: Using host bridge windows from ACPI; if =
necessary, use "pci=3Dnocrs" and report a bug

[    2.660187][    T1] PCI: Using E820 reservations for host bridge =
windows

[    2.670378][    T1] ACPI: Enabled 2 GPEs in block 00 to 0F

[    2.926931][    T1] ACPI: PCI Root Bridge [PCI0] (domain 0000 [bus =
00-ff])

[    2.930296][    T1] acpi PNP0A03:00: _OSC: OS supports =
[ExtendedConfig ASPM ClockPM Segments MSI HPX-Type3]

[    2.940688][    T1] PCI host bridge to bus 0000:00

[    2.942914][    T1] pci_bus 0000:00: Unknown NUMA node; performance =
will be reduced

[    2.946857][    T1] pci_bus 0000:00: root bus resource [io  =
0x0000-0x0cf7 window]

[    2.950212][    T1] pci_bus 0000:00: root bus resource [io  =
0x0d00-0xffff window]

[    2.953733][    T1] pci_bus 0000:00: root bus resource [mem =
0x000a0000-0x000bffff window]

[    2.957623][    T1] pci_bus 0000:00: root bus resource [mem =
0x80000000-0xfebfffff window]

[    2.960222][    T1] pci_bus 0000:00: root bus resource [mem =
0x100000000-0x17fffffff window]

[    2.964142][    T1] pci_bus 0000:00: root bus resource [bus 00-ff]

[    2.968024][    T1] pci 0000:00:00.0: [8086:1237] type 00 class =
0x060000 conventional PCI endpoint

[    2.980080][    T1] pci 0000:00:01.0: [8086:7000] type 00 class =
0x060100 conventional PCI endpoint

[    2.988295][    T1] pci 0000:00:01.1: [8086:7010] type 00 class =
0x010180 conventional PCI endpoint

[    2.991936][    T1] pci 0000:00:01.1: BAR 4 [io  0xc060-0xc06f]

[    2.994855][    T1] pci 0000:00:01.1: BAR 0 [io  0x01f0-0x01f7]: =
legacy IDE quirk

[    2.998427][    T1] pci 0000:00:01.1: BAR 1 [io  0x03f6]: legacy IDE =
quirk

[    3.000203][    T1] pci 0000:00:01.1: BAR 2 [io  0x0170-0x0177]: =
legacy IDE quirk

[    3.003743][    T1] pci 0000:00:01.1: BAR 3 [io  0x0376]: legacy IDE =
quirk

[    3.010211][    T1] pci 0000:00:01.3: [8086:7113] type 00 class =
0x068000 conventional PCI endpoint

[    3.016164][    T1] pci 0000:00:01.3: quirk: [io  0x0600-0x063f] =
claimed by PIIX4 ACPI

[    3.019951][    T1] pci 0000:00:01.3: quirk: [io  0x0700-0x070f] =
claimed by PIIX4 SMB

[    3.026801][    T1] pci 0000:00:02.0: [1234:1111] type 00 class =
0x030000 conventional PCI endpoint

[    3.034672][    T1] pci 0000:00:02.0: BAR 0 [mem =
0xfd000000-0xfdffffff pref]

[    3.038443][    T1] pci 0000:00:02.0: BAR 2 [mem =
0xfebb0000-0xfebb0fff]

[    3.040325][    T1] pci 0000:00:02.0: ROM [mem 0xfeba0000-0xfebaffff =
pref]

[    3.044498][    T1] pci 0000:00:02.0: Video device with shadowed ROM =
at [mem 0x000c0000-0x000dffff]

[    3.056001][    T1] pci 0000:00:03.0: [1af4:1005] type 00 class =
0x00ff00 conventional PCI endpoint

[    3.063299][    T1] pci 0000:00:03.0: BAR 0 [io  0xc040-0xc05f]

[    3.066223][    T1] pci 0000:00:03.0: BAR 4 [mem =
0xfe000000-0xfe003fff 64bit pref]

[    3.078249][    T1] pci 0000:00:04.0: [8086:100e] type 00 class =
0x020000 conventional PCI endpoint

[    3.082873][    T1] pci 0000:00:04.0: BAR 0 [mem =
0xfeb80000-0xfeb9ffff]

[    3.086032][    T1] pci 0000:00:04.0: BAR 1 [io  0xc000-0xc03f]

[    3.089070][    T1] pci 0000:00:04.0: ROM [mem 0xfeb00000-0xfeb7ffff =
pref]

[    3.130906][    T1] ACPI: PCI: Interrupt link LNKA configured for IRQ =
10

[    3.140887][    T1] ACPI: PCI: Interrupt link LNKB configured for IRQ =
10

[    3.150674][    T1] ACPI: PCI: Interrupt link LNKC configured for IRQ =
11

[    3.160459][    T1] ACPI: PCI: Interrupt link LNKD configured for IRQ =
11

[    3.166255][    T1] ACPI: PCI: Interrupt link LNKS configured for IRQ =
9

[    3.192533][    T1] iommu: Default domain type: Translated

[    3.192921][    T1] iommu: DMA domain TLB invalidation policy: lazy =
mode

[    3.208328][    T1] SCSI subsystem initialized

[    3.213089][    T1] ACPI: bus type USB registered

[    3.216550][    T1] usbcore: registered new interface driver usbfs

[    3.220722][    T1] usbcore: registered new interface driver hub

[    3.223849][    T1] usbcore: registered new device driver usb

[    3.229665][    T1] mc: Linux media interface: v0.10

[    3.230673][    T1] videodev: Linux video capture interface: v2.00

[    3.234784][    T1] pps_core: LinuxPPS API ver. 1 registered

[    3.237486][    T1] pps_core: Software ver. 5.3.6 - Copyright =
2005-2007 Rodolfo Giometti <giometti@linux.it>

[    3.240354][    T1] PTP clock support registered

[    3.243722][    T1] EDAC MC: Ver: 3.0.0

[    3.255334][    T1] Advanced Linux Sound Architecture Driver =
Initialized.

[    3.268054][    T1] Bluetooth: Core ver 2.22

[    3.270509][    T1] NET: Registered PF_BLUETOOTH protocol family

[    3.273361][    T1] Bluetooth: HCI device and connection manager =
initialized

[    3.276756][    T1] Bluetooth: HCI socket layer initialized

[    3.279500][    T1] Bluetooth: L2CAP socket layer initialized

[    3.280294][    T1] Bluetooth: SCO socket layer initialized

[    3.283035][    T1] NET: Registered PF_ATMPVC protocol family

[    3.285762][    T1] NET: Registered PF_ATMSVC protocol family

[    3.288972][    T1] NetLabel: Initializing

[    3.290187][    T1] NetLabel:  domain hash size =3D 128

[    3.292604][    T1] NetLabel:  protocols =3D UNLABELED CIPSOv4 =
CALIPSO

[    3.296311][    T1] NetLabel:  unlabeled traffic allowed by default

[    3.302041][    T1] nfc: nfc_init: NFC Core ver 0.1

[    3.304946][    T1] NET: Registered PF_NFC protocol family

[    3.307775][    T1] PCI: Using ACPI for IRQ routing

[    3.311489][    T1] pci 0000:00:02.0: vgaarb: setting as boot VGA =
device

[    3.313521][    T1] pci 0000:00:02.0: vgaarb: bridge control possible

[    3.316464][    T1] pci 0000:00:02.0: vgaarb: VGA device added: =
decodes=3Dio+mem,owns=3Dio+mem,locks=3Dnone

[    3.320649][    T1] vgaarb: loaded

[    3.339854][    T1] hpet0: at MMIO 0xfed00000, IRQs 2, 8, 0

[    3.340186][    T1] hpet0: 3 comparators, 64-bit 100.000000 MHz =
counter

[    3.348670][    T1] clocksource: Switched to clocksource kvm-clock

[    3.361032][    T1] VFS: Disk quotas dquot_6.6.0

[    3.363495][    T1] VFS: Dquot-cache hash table entries: 512 (order =
0, 4096 bytes)

[    3.372151][    T1] netfs: FS-Cache loaded

[    3.376124][    T1] CacheFiles: Loaded

[    3.378896][    T1] TOMOYO: 2.6.0

[    3.380490][    T1] Mandatory Access Control activated.

[    3.383547][    T1] pnp: PnP ACPI init

[    3.411206][    T1] pnp: PnP ACPI: found 6 devices

[    3.516889][    T1] clocksource: acpi_pm: mask: 0xffffff max_cycles: =
0xffffff, max_idle_ns: 2085701024 ns

[    3.522795][    T1] NET: Registered PF_INET protocol family

[    3.527417][    T1] IP idents hash table entries: 32768 (order: 6, =
262144 bytes, vmalloc)

[    3.554208][    T1] tcp_listen_portaddr_hash hash table entries: 1024 =
(order: 4, 73728 bytes, vmalloc)

[    3.560941][    T1] Table-perturb hash table entries: 65536 (order: =
6, 262144 bytes, vmalloc)

[    3.565873][    T1] TCP established hash table entries: 16384 (order: =
5, 131072 bytes, vmalloc)

[    3.574793][    T1] TCP bind hash table entries: 16384 (order: 9, =
2359296 bytes, vmalloc hugepage)

[    3.581379][    T1] TCP: Hash tables configured (established 16384 =
bind 16384)

[    3.587764][    T1] MPTCP token hash table entries: 2048 (order: 5, =
180224 bytes, vmalloc)

[    3.593449][    T1] UDP hash table entries: 1024 (order: 6, 262144 =
bytes, vmalloc)

[    3.598870][    T1] UDP-Lite hash table entries: 1024 (order: 6, =
262144 bytes, vmalloc)

[    3.604274][    T1] NET: Registered PF_UNIX/PF_LOCAL protocol family

[    3.612276][    T1] RPC: Registered named UNIX socket transport =
module.

[    3.615435][    T1] RPC: Registered udp transport module.

[    3.617970][    T1] RPC: Registered tcp transport module.

[    3.620454][    T1] RPC: Registered tcp-with-tls transport module.

[    3.623252][    T1] RPC: Registered tcp NFSv4.1 backchannel transport =
module.

[    3.633779][    T1] NET: Registered PF_XDP protocol family

[    3.636408][    T1] pci_bus 0000:00: resource 4 [io  0x0000-0x0cf7 =
window]

[    3.639787][    T1] pci_bus 0000:00: resource 5 [io  0x0d00-0xffff =
window]

[    3.643081][    T1] pci_bus 0000:00: resource 6 [mem =
0x000a0000-0x000bffff window]

[    3.646702][    T1] pci_bus 0000:00: resource 7 [mem =
0x80000000-0xfebfffff window]

[    3.650389][    T1] pci_bus 0000:00: resource 8 [mem =
0x100000000-0x17fffffff window]

[    3.655792][    T1] pci 0000:00:01.0: PIIX3: Enabling Passive Release

[    3.659057][    T1] pci 0000:00:00.0: Limiting direct PCI/PCI =
transfers

[    3.662904][    T1] PCI: CLS 0 bytes, default 64

[    3.667242][    T1] ACPI: bus type thunderbolt registered

[    3.678148][   T81] kworker/u20:0 (81) used greatest stack depth: =
27944 bytes left

[    3.681878][   T80] kworker/u20:0 (80) used greatest stack depth: =
27032 bytes left

[    3.691870][    T1] kvm_intel: VMX not supported by CPU 3

[    3.695009][    T1] kvm_amd: Nested Virtualization enabled

[    3.697749][    T1] kvm_amd: Nested Paging enabled

[   25.323851][    T1] Initialise system trusted keyrings

[   25.329032][    T1] workingset: timestamp_bits=3D40 max_order=3D19 =
bucket_order=3D0

[   25.340805][    T1] DLM installed

[   25.347900][    T1] squashfs: version 4.0 (2009/01/31) Phillip =
Lougher

[   25.359324][    T1] NFS: Registering the id_resolver key type

[   25.362322][    T1] Key type id_resolver registered

[   25.364685][    T1] Key type id_legacy registered

[   25.368050][    T1] nfs4filelayout_init: NFSv4 File Layout Driver =
Registering...

[   25.371639][    T1] nfs4flexfilelayout_init: NFSv4 Flexfile Layout =
Driver Registering...

[   25.391920][    T1] Key type cifs.spnego registered

[   25.394522][    T1] Key type cifs.idmap registered

[   25.401042][    T1] ntfs3: Enabled Linux POSIX ACLs support

[   25.403692][    T1] ntfs3: Read-only LZX/Xpress compression included

[   25.407200][    T1] efs: 1.0a - http://aeschi.ch.eu.org/efs/

[   25.409995][    T1] jffs2: version 2.2. (NAND) (SUMMARY)  =C2=A9 =
2001-2006 Red Hat, Inc.

[   25.416989][    T1] romfs: ROMFS MTD (C) 2007 Red Hat, Inc.

[   25.419816][    T1] QNX4 filesystem 0.2.3 registered.

[   25.422339][    T1] qnx6: QNX6 filesystem 1.0.0 registered.

[   25.426243][    T1] fuse: init (API version 7.44)

[   25.432894][    T1] orangefs_debugfs_init: called with debug mask: =
:none: :0:

[   25.438113][    T1] orangefs_init: module version upstream loaded

[   25.441937][    T1] JFS: nTxBlock =3D 8192, nTxLock =3D 65536

[   25.489874][    T1] SGI XFS with ACLs, security attributes, realtime, =
quota, no debug enabled

[   25.500045][    T1] 9p: Installing v9fs 9p2000 file system support

[   25.503676][    T1] NILFS version 2 loaded

[   25.505637][    T1] befs: version: 0.9.3

[   25.508499][    T1] ocfs2: Registered cluster interface o2cb

[   25.512366][    T1] ocfs2: Registered cluster interface user

[   25.515977][    T1] OCFS2 User DLM kernel interface loaded

[   25.542151][    T1] gfs2: GFS2 installed

[   25.562154][    T1] ceph: loaded (mds proto 32)

[   25.579162][    T1] cryptd: max_cpu_qlen set to 1000

[   25.638161][    T1] NET: Registered PF_ALG protocol family

[   25.641423][    T1] xor: automatically using best checksumming =
function   avx      =20

[   25.645153][    T1] async_tx: api initialized (async)

[   25.647845][    T1] Key type asymmetric registered

[   25.650187][    T1] Asymmetric key parser 'x509' registered

[   25.652867][    T1] Asymmetric key parser 'pkcs8' registered

[   25.655548][    T1] Key type pkcs7_test registered

[   25.659173][    T1] Block layer SCSI generic (bsg) driver version 0.4 =
loaded (major 238)

[   25.664615][    T1] io scheduler mq-deadline registered

[   25.667175][    T1] io scheduler kyber registered

[   25.669829][    T1] io scheduler bfq registered

[   25.685321][    T1] input: Power Button as =
/devices/LNXSYSTM:00/LNXPWRBN:00/input/input0

[   25.698302][    T1] ACPI: button: Power Button [PWRF]

[   25.723635][    T1] ioatdma: Intel(R) QuickData Technology Driver =
5.00

[   31.755990][    T1] ACPI: \_SB_.LNKC: Enabled at IRQ 11

[   32.483519][    T1] N_HDLC line discipline registered with =
maxframe=3D4096

[   32.487390][    T1] Serial: 8250/16550 driver, 4 ports, IRQ sharing =
enabled

[   32.497431][    T1] 00:05: ttyS0 at I/O 0x3f8 (irq =3D 4, base_baud =3D=
 115200) is a 16550A

[   32.548472][    T1] Non-volatile memory driver v1.3

[   32.556245][    T1] Linux agpgart interface v0.103

[   32.566348][    T1] usbcore: registered new interface driver xillyusb

[   32.576958][    T1] ACPI: bus type drm_connector registered

[   32.590263][    T1] [drm] Initialized vgem 1.0.0 for vgem on minor 0

[   32.603361][    T1] [drm] Initialized vkms 1.0.0 for vkms on minor 1

[   32.713705][    T1] Console: switching to colour frame buffer device =
128x48

[   32.738548][    T1] platform vkms: [drm] fb0: vkmsdrmfb frame buffer =
device

[   32.743178][    T1] usbcore: registered new interface driver udl

[   32.748677][    T1] bochs-drm 0000:00:02.0: vgaarb: deactivate vga =
console

[   32.762817][    T1] [drm] Found bochs VGA, ID 0xb0c0.

[   32.765273][    T1] [drm] Framebuffer size 16384 kB @ 0xfd000000, =
mmio @ 0xfebb0000.

[   32.776041][    T1] [drm] Initialized bochs-drm 1.0.0 for =
0000:00:02.0 on minor 2

[   32.821261][    T1] fbcon: bochs-drmdrmfb (fb1) is primary device

[   32.821295][    T1] fbcon: Remapping primary device, fb1, to tty 1-63

[   34.923804][    T1] bochs-drm 0000:00:02.0: [drm] fb1: bochs-drmdrmfb =
frame buffer device

[   34.930541][    T1] usbcore: registered new interface driver gm12u320

[   34.934153][    T1] usbcore: registered new interface driver gud

[   35.089158][    T1] brd: module loaded

[   35.421537][    T1] loop: module loaded

[   35.758101][    T1] zram: Added device: zram0

[   35.778428][    T1] null_blk: disk nullb0 created

[   35.780698][    T1] null_blk: module loaded

[   35.786783][    T1] Guest personality initialized and is inactive

[   35.791536][    T1] VMCI host device registered (name=3Dvmci, =
major=3D10, minor=3D265)

[   35.795014][    T1] Initialized host personality

[   35.798397][    T1] usbcore: registered new interface driver rtsx_usb

[   35.806011][    T1] usbcore: registered new interface driver =
viperboard

[   35.811906][    T1] usbcore: registered new interface driver dln2

[   35.817154][    T1] usbcore: registered new interface driver =
pn533_usb

[   35.828832][    T1] nfcsim 0.2 initialized

[   35.831544][    T1] usbcore: registered new interface driver port100

[   35.835181][    T1] usbcore: registered new interface driver nfcmrvl

[   35.847133][    T1] Loading iSCSI transport class v2.0-870.

[   35.866223][    T1] st: Version 20160209, fixed bufsize 32768, s/g =
segs 256

[   35.939252][    T1] scsi host0: ata_piix

[   35.950360][    T1] scsi host1: ata_piix

[   35.955552][    T1] ata1: PATA max MWDMA2 cmd 0x1f0 ctl 0x3f6 bmdma =
0xc060 irq 14 lpm-pol 0

[   35.959628][    T1] ata2: PATA max MWDMA2 cmd 0x170 ctl 0x376 bmdma =
0xc068 irq 15 lpm-pol 0

[   35.971222][    T1] Rounding down aligned max_sectors from 4294967295 =
to 4294967288

[   35.975917][    T1] db_root: cannot open: /etc/target

[   35.980118][    T1] slram: not enough parameters.

[   35.992329][    T1] ftl_cs: FTL header not found.

[   36.050110][    T1] wireguard: WireGuard 1.0.0 loaded. See =
www.wireguard.com for information.

[   36.054205][    T1] wireguard: Copyright (C) 2015-2019 Jason A. =
Donenfeld <Jason@zx2c4.com>. All Rights Reserved.

[   36.061475][    T1] eql: Equalizer2002: Simon Janes (simon@ncm.com) =
and David S. Miller (davem@redhat.com)

[   36.083597][    T1] MACsec IEEE 802.1AE

[   36.107428][    T1] usbcore: registered new interface driver =
mvusb_mdio

[   36.111109][    T1] tun: Universal TUN/TAP device driver, 1.6

[   36.116968][    T1] vcan: Virtual CAN interface driver

[   36.118745][ T1088] ata2: found unknown device (class 0)

[   36.119576][    T1] vxcan: Virtual CAN Tunnel driver

[   36.125207][    T1] slcan: serial line CAN interface driver

[   36.125230][ T1083] ata1: found unknown device (class 0)

[   36.128249][    T1] CAN device driver interface

[   36.133419][ T1088] ata2.00: ATAPI: QEMU DVD-ROM, 2.5+, max UDMA/100

[   36.134631][    T1] usbcore: registered new interface driver usb_8dev

[   36.139429][ T1083] ata1.00: ATA-7: QEMU HARDDISK, 2.5+, max UDMA/100

[   36.140863][    T1] usbcore: registered new interface driver ems_usb

[   36.143869][ T1083] ata1.00: 4194304 sectors, multi 16: LBA48=20

[   36.147609][    T1] usbcore: registered new interface driver esd_usb

[   36.154663][    T1] usbcore: registered new interface driver =
etas_es58x

[   36.158625][    T1] usbcore: registered new interface driver f81604

[   36.162399][    T1] usbcore: registered new interface driver gs_usb

[   36.162770][   T39] scsi 0:0:0:0: Direct-Access     ATA      QEMU =
HARDDISK    2.5+ PQ: 0 ANSI: 5

[   36.166608][    T1] usbcore: registered new interface driver =
kvaser_usb

[   36.173388][    T1] usbcore: registered new interface driver mcba_usb

[   36.177179][    T1] usbcore: registered new interface driver peak_usb

[   36.180927][    T1] usbcore: registered new interface driver ucan

[   36.183900][   T39] sd 0:0:0:0: Attached scsi generic sg0 type 0

[   36.184737][    T1] e100: Intel(R) PRO/100 Network Driver

[   36.188751][   T79] sd 0:0:0:0: [sda] 4194304 512-byte logical =
blocks: (2.15 GB/2.00 GiB)

[   36.189540][    T1] e100: Copyright(c) 1999-2006 Intel Corporation

[   36.194478][   T79] sd 0:0:0:0: [sda] Write Protect is off

[   36.197084][    T1] e1000: Intel(R) PRO/1000 Network Driver

[   36.198866][ T1029] scsi 1:0:0:0: CD-ROM            QEMU     QEMU =
DVD-ROM     2.5+ PQ: 0 ANSI: 5

[   36.201745][    T1] e1000: Copyright (c) 1999-2006 Intel Corporation.

[   36.206457][   T79] sd 0:0:0:0: [sda] Write cache: enabled, read =
cache: enabled, doesn't support DPO or FUA

[   36.214540][   T79] sd 0:0:0:0: [sda] Preferred minimum I/O size 512 =
bytes

[   36.422552][   T79] sd 0:0:0:0: [sda] Attached SCSI disk

[   36.609740][ T1029] sr 1:0:0:0: [sr0] scsi3-mmc drive: 4x/4x cd/rw =
xa/form2 tray

[   36.613350][ T1029] cdrom: Uniform CD-ROM driver Revision: 3.20

[   36.740896][ T1029] sr 1:0:0:0: Attached scsi generic sg1 type 5

[   42.426433][    T1] ACPI: \_SB_.LNKD: Enabled at IRQ 10

[   42.919073][    T1] e1000 0000:00:04.0 eth0: (PCI:33MHz:32-bit) =
52:54:00:12:34:56

[   42.922739][    T1] e1000 0000:00:04.0 eth0: Intel(R) PRO/1000 =
Network Connection

[   42.928143][    T1] e1000e: Intel(R) PRO/1000 Network Driver

[   42.930773][    T1] e1000e: Copyright(c) 1999 - 2015 Intel =
Corporation.

[   42.936943][    T1] mkiss: AX.25 Multikiss, Hans Albas PE1AYX

[   42.939846][    T1] AX.25: bpqether driver version 004

[   42.942327][    T1] PPP generic driver version 2.4.2

[   42.947318][    T1] PPP BSD Compression module registered

[   42.949944][    T1] PPP Deflate Compression module registered

[   42.952730][    T1] PPP MPPE Compression module registered

[   42.955350][    T1] NET: Registered PF_PPPOX protocol family

[   42.958330][    T1] PPTP driver version 0.8.5

[   42.962989][    T1] SLIP: version 0.8.4-NET3.019-NEWTTY (dynamic =
channels, max=3D256) (6 bit encapsulation enabled).

[   42.968374][    T1] CSLIP: code copyright 1989 Regents of the =
University of California.

[   42.972170][    T1] SLIP linefill/keepalive option.

[   42.974528][    T1] hdlc: HDLC support module revision 1.22

[   42.977577][    T1] LAPB Ethernet driver version 0.02

[   42.982702][    T1] usbcore: registered new interface driver =
ath9k_htc

[   42.987132][    T1] usbcore: registered new interface driver carl9170

[   42.991046][    T1] usbcore: registered new interface driver =
ath6kl_usb

[   42.994930][    T1] usbcore: registered new interface driver ar5523

[   43.000127][    T1] usbcore: registered new interface driver =
ath10k_usb

[   43.004297][    T1] usbcore: registered new interface driver plfxlc

[   43.008243][    T1] mac80211_hwsim: initializing netlink

[   43.066954][    T1] usbcore: registered new interface driver atusb

[   43.093983][    T1] mac802154_hwsim mac802154_hwsim: Added 2 =
mac802154 hwsim hardware radios

[   43.099416][    T1] VMware vmxnet3 virtual NIC driver - version =
1.9.0.0-k-NAPI

[   43.103848][    T1] usbcore: registered new interface driver catc

[   43.108510][    T1] usbcore: registered new interface driver kaweth

[   43.111366][    T1] pegasus: Pegasus/Pegasus II USB Ethernet driver

[   43.115540][    T1] usbcore: registered new interface driver pegasus

[   43.119072][    T1] usbcore: registered new interface driver rtl8150

[   43.122326][    T1] usbcore: registered new device driver =
r8152-cfgselector

[   43.126088][    T1] usbcore: registered new interface driver r8152

[   43.130313][    T1] usbcore: registered new interface driver hso

[   43.134136][    T1] usbcore: registered new interface driver lan78xx

[   43.138325][    T1] usbcore: registered new interface driver asix

[   43.142206][    T1] usbcore: registered new interface driver =
ax88179_178a

[   43.146326][    T1] usbcore: registered new interface driver =
cdc_ether

[   43.150753][    T1] usbcore: registered new interface driver cdc_eem

[   43.154919][    T1] usbcore: registered new interface driver dm9601

[   43.158897][    T1] usbcore: registered new interface driver sr9700

[   43.162826][    T1] usbcore: registered new interface driver =
CoreChips

[   43.166965][    T1] usbcore: registered new interface driver smsc75xx

[   43.170994][    T1] usbcore: registered new interface driver smsc95xx

[   43.175526][    T1] usbcore: registered new interface driver gl620a

[   43.180668][    T1] usbcore: registered new interface driver net1080

[   43.184896][    T1] usbcore: registered new interface driver plusb

[   43.189059][    T1] usbcore: registered new interface driver =
rndis_host

[   43.193710][    T1] usbcore: registered new interface driver =
cdc_subset

[   43.198608][    T1] usbcore: registered new interface driver zaurus

[   43.202457][    T1] usbcore: registered new interface driver MOSCHIP =
usb-ethernet driver

[   43.207907][    T1] usbcore: registered new interface driver int51x1

[   43.213157][    T1] usbcore: registered new interface driver =
cdc_phonet

[   43.218806][    T1] usbcore: registered new interface driver kalmia

[   43.223413][    T1] usbcore: registered new interface driver ipheth

[   43.227497][    T1] usbcore: registered new interface driver =
sierra_net

[   43.232665][    T1] usbcore: registered new interface driver =
cx82310_eth

[   43.237592][    T1] usbcore: registered new interface driver cdc_ncm

[   43.242538][    T1] usbcore: registered new interface driver =
huawei_cdc_ncm

[   43.247487][    T1] usbcore: registered new interface driver lg-vl600

[   43.252415][    T1] usbcore: registered new interface driver qmi_wwan

[   43.257082][    T1] usbcore: registered new interface driver cdc_mbim

[   43.260946][    T1] usbcore: registered new interface driver ch9200

[   43.265227][    T1] usbcore: registered new interface driver aqc111

[   43.269734][    T1] usbcore: registered new interface driver =
r8153_ecm

[   43.284827][    T1] VFIO - User Level meta-driver version: 0.3

[   43.300994][    T1] aoe: AoE v85 initialised.

[   43.325325][    T1] usbcore: registered new interface driver cdc_acm

[   43.331613][    T1] cdc_acm: USB Abstract Control Model driver for =
USB modems and ISDN adapters

[   43.336543][    T1] usbcore: registered new interface driver usblp

[   43.340710][    T1] usbcore: registered new interface driver cdc_wdm

[   43.344865][    T1] usbcore: registered new interface driver usbtmc

[   43.349676][    T1] usbcore: registered new interface driver uas

[   43.353734][    T1] usbcore: registered new interface driver =
usb-storage

[   43.358048][    T1] usbcore: registered new interface driver =
ums-alauda

[   43.361779][    T1] usbcore: registered new interface driver =
ums-cypress

[   43.365429][    T1] usbcore: registered new interface driver =
ums-datafab

[   43.369310][    T1] usbcore: registered new interface driver =
ums_eneub6250

[   43.373637][    T1] usbcore: registered new interface driver =
ums-freecom

[   43.377493][    T1] usbcore: registered new interface driver =
ums-isd200

[   43.381154][    T1] usbcore: registered new interface driver =
ums-jumpshot

[   43.384885][    T1] usbcore: registered new interface driver =
ums-karma

[   43.389239][    T1] usbcore: registered new interface driver =
ums-onetouch

[   43.393586][    T1] usbcore: registered new interface driver =
ums-realtek

[   43.400204][    T1] usbcore: registered new interface driver =
ums-sddr09

[   43.404444][    T1] usbcore: registered new interface driver =
ums-sddr55

[   43.408828][    T1] usbcore: registered new interface driver =
ums-usbat

[   43.413399][    T1] usbcore: registered new interface driver mdc800

[   43.416418][    T1] mdc800: v0.7.5 (30/10/2000):USB Driver for Mustek =
MDC800 Digital Camera

[   43.421594][    T1] usbcore: registered new interface driver =
microtekX6

[   43.427010][    T1] usbcore: registered new interface driver =
usbserial_generic

[   43.432118][    T1] usbserial: USB Serial support registered for =
generic

[   43.437400][    T1] usbcore: registered new interface driver aircable

[   43.441437][    T1] usbserial: USB Serial support registered for =
aircable

[   43.445500][    T1] usbcore: registered new interface driver ark3116

[   43.449538][    T1] usbserial: USB Serial support registered for =
ark3116

[   43.453816][    T1] usbcore: registered new interface driver =
belkin_sa

[   43.457942][    T1] usbserial: USB Serial support registered for =
Belkin / Peracom / GoHubs USB Serial Adapter

[   43.463706][    T1] usbcore: registered new interface driver ch341

[   43.467731][    T1] usbserial: USB Serial support registered for =
ch341-uart

[   43.472165][    T1] usbcore: registered new interface driver cp210x

[   43.476025][    T1] usbserial: USB Serial support registered for =
cp210x

[   43.483293][    T1] usbcore: registered new interface driver =
cyberjack

[   43.486855][    T1] usbserial: USB Serial support registered for =
Reiner SCT Cyberjack USB card reader

[   43.492297][    T1] usbcore: registered new interface driver =
cypress_m8

[   43.496356][    T1] usbserial: USB Serial support registered for =
DeLorme Earthmate USB

[   43.501078][    T1] usbserial: USB Serial support registered for =
HID->COM RS232 Adapter

[   43.505740][    T1] usbserial: USB Serial support registered for =
Nokia CA-42 V2 Adapter

[   43.510691][    T1] usbcore: registered new interface driver =
usb_debug

[   43.514675][    T1] usbserial: USB Serial support registered for =
debug

[   43.518784][    T1] usbserial: USB Serial support registered for =
xhci_dbc

[   43.523089][    T1] usbcore: registered new interface driver =
digi_acceleport

[   43.527337][    T1] usbserial: USB Serial support registered for Digi =
2 port USB adapter

[   43.532076][    T1] usbserial: USB Serial support registered for Digi =
4 port USB adapter

[   43.537091][    T1] usbcore: registered new interface driver =
io_edgeport

[   43.541162][    T1] usbserial: USB Serial support registered for =
Edgeport 2 port adapter

[   43.546128][    T1] usbserial: USB Serial support registered for =
Edgeport 4 port adapter

[   43.550373][    T1] usbserial: USB Serial support registered for =
Edgeport 8 port adapter

[   43.554559][    T1] usbserial: USB Serial support registered for EPiC =
device

[   43.559258][    T1] usbcore: registered new interface driver io_ti

[   43.563116][    T1] usbserial: USB Serial support registered for =
Edgeport TI 1 port adapter

[   43.567958][    T1] usbserial: USB Serial support registered for =
Edgeport TI 2 port adapter

[   43.573054][    T1] usbcore: registered new interface driver empeg

[   43.576938][    T1] usbserial: USB Serial support registered for =
empeg

[   43.581031][    T1] usbcore: registered new interface driver =
f81534a_ctrl

[   43.584825][    T1] usbcore: registered new interface driver f81232

[   43.589583][    T1] usbserial: USB Serial support registered for =
f81232

[   43.593487][    T1] usbserial: USB Serial support registered for =
f81534a

[   43.597681][    T1] usbcore: registered new interface driver f81534

[   43.601421][    T1] usbserial: USB Serial support registered for =
Fintek F81532/F81534

[   43.606025][    T1] usbcore: registered new interface driver ftdi_sio

[   43.609824][    T1] usbserial: USB Serial support registered for FTDI =
USB Serial Device

[   43.613973][    T1] usbcore: registered new interface driver =
garmin_gps

[   43.617638][    T1] usbserial: USB Serial support registered for =
Garmin GPS usb/tty

[   43.621611][    T1] usbcore: registered new interface driver ipaq

[   43.624709][    T1] usbserial: USB Serial support registered for =
PocketPC PDA

[   43.628552][    T1] usbcore: registered new interface driver ipw

[   43.631662][    T1] usbserial: USB Serial support registered for =
IPWireless converter

[   43.635653][    T1] usbcore: registered new interface driver ir_usb

[   43.639245][    T1] usbserial: USB Serial support registered for IR =
Dongle

[   43.643395][    T1] usbcore: registered new interface driver =
iuu_phoenix

[   43.647304][    T1] usbserial: USB Serial support registered for =
iuu_phoenix

[   43.651466][    T1] usbcore: registered new interface driver keyspan

[   43.655162][    T1] usbserial: USB Serial support registered for =
Keyspan - (without firmware)

[   43.660098][    T1] usbserial: USB Serial support registered for =
Keyspan 1 port adapter

[   43.664532][    T1] usbserial: USB Serial support registered for =
Keyspan 2 port adapter

[   43.669050][    T1] usbserial: USB Serial support registered for =
Keyspan 4 port adapter

[   43.673687][    T1] usbcore: registered new interface driver =
keyspan_pda

[   43.677634][    T1] usbserial: USB Serial support registered for =
Keyspan PDA

[   43.681631][    T1] usbserial: USB Serial support registered for =
Keyspan PDA - (prerenumeration)

[   43.686540][    T1] usbcore: registered new interface driver =
kl5kusb105

[   43.690425][    T1] usbserial: USB Serial support registered for =
KL5KUSB105D / PalmConnect

[   43.695148][    T1] usbcore: registered new interface driver =
kobil_sct

[   43.699937][    T1] usbserial: USB Serial support registered for =
KOBIL USB smart card terminal

[   43.704790][    T1] usbcore: registered new interface driver mct_u232

[   43.708658][    T1] usbserial: USB Serial support registered for MCT =
U232

[   43.712728][    T1] usbcore: registered new interface driver =
metro_usb

[   43.716500][    T1] usbserial: USB Serial support registered for =
Metrologic USB to Serial

[   43.721249][    T1] usbcore: registered new interface driver mos7720

[   43.724937][    T1] usbserial: USB Serial support registered for =
Moschip 2 port adapter

[   43.729587][    T1] usbcore: registered new interface driver mos7840

[   43.733306][    T1] usbserial: USB Serial support registered for =
Moschip 7840/7820 USB Serial Driver

[   43.737937][    T1] usbcore: registered new interface driver mxuport

[   43.741693][    T1] usbserial: USB Serial support registered for MOXA =
UPort

[   43.745873][    T1] usbcore: registered new interface driver navman

[   43.749656][    T1] usbserial: USB Serial support registered for =
navman

[   43.753666][    T1] usbcore: registered new interface driver omninet

[   43.757408][    T1] usbserial: USB Serial support registered for =
ZyXEL - omni.net usb

[   43.761925][    T1] usbcore: registered new interface driver opticon

[   43.765613][    T1] usbserial: USB Serial support registered for =
opticon

[   43.769278][    T1] usbcore: registered new interface driver option

[   43.772377][    T1] usbserial: USB Serial support registered for GSM =
modem (1-port)

[   43.776306][    T1] usbcore: registered new interface driver oti6858

[   43.780152][    T1] usbserial: USB Serial support registered for =
oti6858

[   43.784229][    T1] usbcore: registered new interface driver pl2303

[   43.787948][    T1] usbserial: USB Serial support registered for =
pl2303

[   43.791929][    T1] usbcore: registered new interface driver qcaux

[   43.795578][    T1] usbserial: USB Serial support registered for =
qcaux

[   43.799585][    T1] usbcore: registered new interface driver qcserial

[   43.803317][    T1] usbserial: USB Serial support registered for =
Qualcomm USB modem

[   43.810255][    T1] usbcore: registered new interface driver quatech2

[   43.813985][    T1] usbserial: USB Serial support registered for =
Quatech 2nd gen USB to Serial Driver

[   43.819165][    T1] usbcore: registered new interface driver =
safe_serial

[   43.823023][    T1] usbserial: USB Serial support registered for =
safe_serial

[   43.827278][    T1] usbcore: registered new interface driver sierra

[   43.830930][    T1] usbserial: USB Serial support registered for =
Sierra USB modem

[   43.835314][    T1] usbcore: registered new interface driver =
usb_serial_simple

[   43.839448][    T1] usbserial: USB Serial support registered for =
carelink

[   43.843337][    T1] usbserial: USB Serial support registered for =
flashloader

[   43.846871][    T1] usbserial: USB Serial support registered for =
funsoft

[   43.850722][    T1] usbserial: USB Serial support registered for =
google

[   43.854540][    T1] usbserial: USB Serial support registered for hp4x

[   43.858373][    T1] usbserial: USB Serial support registered for =
kaufmann

[   43.862353][    T1] usbserial: USB Serial support registered for =
libtransistor

[   43.866440][    T1] usbserial: USB Serial support registered for =
moto_modem

[   43.870511][    T1] usbserial: USB Serial support registered for =
motorola_tetra

[   43.874718][    T1] usbserial: USB Serial support registered for =
nokia

[   43.878599][    T1] usbserial: USB Serial support registered for =
novatel_gps

[   43.882581][    T1] usbserial: USB Serial support registered for owon

[   43.886601][    T1] usbserial: USB Serial support registered for =
siemens_mpi

[   43.890215][    T1] usbserial: USB Serial support registered for =
suunto

[   43.893464][    T1] usbserial: USB Serial support registered for =
vivopay

[   43.897954][    T1] usbserial: USB Serial support registered for zio

[   43.901882][    T1] usbcore: registered new interface driver spcp8x5

[   43.905579][    T1] usbserial: USB Serial support registered for =
SPCP8x5

[   43.909678][    T1] usbcore: registered new interface driver ssu100

[   43.913377][    T1] usbserial: USB Serial support registered for =
Quatech SSU-100 USB to Serial Driver

[   43.918593][    T1] usbcore: registered new interface driver =
symbolserial

[   43.922496][    T1] usbserial: USB Serial support registered for =
symbol

[   43.926480][    T1] usbcore: registered new interface driver =
ti_usb_3410_5052

[   43.930796][    T1] usbserial: USB Serial support registered for TI =
USB 3410 1 port adapter

[   43.935402][    T1] usbserial: USB Serial support registered for TI =
USB 5052 2 port adapter

[   43.940317][    T1] usbcore: registered new interface driver =
upd78f0730

[   43.946490][    T1] usbserial: USB Serial support registered for =
upd78f0730

[   43.950800][    T1] usbcore: registered new interface driver visor

[   43.954483][    T1] usbserial: USB Serial support registered for =
Handspring Visor / Palm OS

[   43.958671][    T1] usbserial: USB Serial support registered for Sony =
Clie 5.0

[   43.962230][    T1] usbserial: USB Serial support registered for Sony =
Clie 3.5

[   43.965979][    T1] usbcore: registered new interface driver =
wishbone_serial

[   43.970171][    T1] usbserial: USB Serial support registered for =
wishbone_serial

[   43.974606][    T1] usbcore: registered new interface driver =
whiteheat

[   43.978540][    T1] usbserial: USB Serial support registered for =
Connect Tech - WhiteHEAT - (prerenumeration)

[   43.983910][    T1] usbserial: USB Serial support registered for =
Connect Tech - WhiteHEAT

[   43.988754][    T1] usbcore: registered new interface driver =
xr_serial

[   43.993159][    T1] usbserial: USB Serial support registered for =
xr_serial

[   43.998113][    T1] usbcore: registered new interface driver xsens_mt

[   44.002636][    T1] usbserial: USB Serial support registered for =
xsens_mt

[   44.007807][    T1] usbcore: registered new interface driver adutux

[   44.012678][    T1] usbcore: registered new interface driver =
appledisplay

[   44.017211][    T1] usbcore: registered new interface driver =
cypress_cy7c63

[   44.021637][    T1] usbcore: registered new interface driver cytherm

[   44.025707][    T1] usbcore: registered new interface driver emi26 - =
firmware loader

[   44.030495][    T1] usbcore: registered new interface driver emi62 - =
firmware loader

[   44.034902][    T1] usbcore: registered new device driver =
apple-mfi-fastcharge

[   44.039411][    T1] usbcore: registered new interface driver ljca

[   44.043337][    T1] usbcore: registered new interface driver idmouse

[   44.047696][    T1] usbcore: registered new interface driver =
iowarrior

[   44.051942][    T1] usbcore: registered new interface driver =
isight_firmware

[   44.056357][    T1] usbcore: registered new interface driver usblcd

[   44.060495][    T1] usbcore: registered new interface driver ldusb

[   44.064483][    T1] usbcore: registered new interface driver =
legousbtower

[   44.068839][    T1] usbcore: registered new interface driver usbtest

[   44.072956][    T1] usbcore: registered new interface driver =
usb_ehset_test

[   44.077406][    T1] usbcore: registered new interface driver =
trancevibrator

[   44.082070][    T1] usbcore: registered new interface driver uss720

[   44.084995][    T1] uss720: USB Parport Cable driver for Cables using =
the Lucent Technologies USS720 Chip

[   44.089438][    T1] uss720: NOTE: this is a special purpose driver to =
allow nonstandard

[   44.093105][    T1] uss720: protocols (eg. bitbang) over USS720 usb =
to parallel cables

[   44.096796][    T1] uss720: If you just want to connect to a printer, =
use usblp instead

[   44.101615][    T1] usbcore: registered new interface driver =
usbsevseg

[   44.105745][    T1] usbcore: registered new interface driver yurex

[   44.113329][    T1] usbcore: registered new interface driver chaoskey

[   44.117100][    T1] usbcore: registered new interface driver sisusb

[   44.121171][    T1] usbcore: registered new interface driver lvs

[   44.125105][    T1] usbcore: registered new interface driver cxacru

[   44.129269][    T1] usbcore: registered new interface driver speedtch

[   44.133404][    T1] usbcore: registered new interface driver =
ueagle-atm

[   44.136466][    T1] xusbatm: malformed module parameters

[   44.148004][    T1] dummy_hcd dummy_hcd.0: USB Host+Gadget Emulator, =
driver 02 May 2005

[   44.151840][    T1] dummy_hcd dummy_hcd.0: Dummy host controller

[   44.158780][    T1] dummy_hcd dummy_hcd.0: new USB bus registered, =
assigned bus number 1

[   44.165549][    T1] usb usb1: New USB device found, idVendor=3D1d6b, =
idProduct=3D0002, bcdDevice=3D 6.16

[   44.170172][    T1] usb usb1: New USB device strings: Mfr=3D3, =
Product=3D2, SerialNumber=3D1

[   44.174026][    T1] usb usb1: Product: Dummy host controller

[   44.176871][    T1] usb usb1: Manufacturer: Linux 6.16.0-rc4 =
dummy_hcd

[   44.180073][    T1] usb usb1: SerialNumber: dummy_hcd.0

[   44.190786][    T1] hub 1-0:1.0: USB hub found

[   44.193558][    T1] hub 1-0:1.0: 1 port detected

[   44.209158][    T1] dummy_hcd dummy_hcd.1: USB Host+Gadget Emulator, =
driver 02 May 2005

[   44.213098][    T1] dummy_hcd dummy_hcd.1: Dummy host controller

[   44.218119][    T1] dummy_hcd dummy_hcd.1: new USB bus registered, =
assigned bus number 2

[   44.223656][    T1] usb usb2: New USB device found, idVendor=3D1d6b, =
idProduct=3D0002, bcdDevice=3D 6.16

[   44.228016][    T1] usb usb2: New USB device strings: Mfr=3D3, =
Product=3D2, SerialNumber=3D1

[   44.231769][    T1] usb usb2: Product: Dummy host controller

[   44.234482][    T1] usb usb2: Manufacturer: Linux 6.16.0-rc4 =
dummy_hcd

[   44.238180][    T1] usb usb2: SerialNumber: dummy_hcd.1

[   44.246831][    T1] hub 2-0:1.0: USB hub found

[   44.249364][    T1] hub 2-0:1.0: 1 port detected

[   44.259788][    T1] dummy_hcd dummy_hcd.2: USB Host+Gadget Emulator, =
driver 02 May 2005

[   44.263788][    T1] dummy_hcd dummy_hcd.2: Dummy host controller

[   44.269572][    T1] dummy_hcd dummy_hcd.2: new USB bus registered, =
assigned bus number 3

[   44.275610][    T1] usb usb3: New USB device found, idVendor=3D1d6b, =
idProduct=3D0002, bcdDevice=3D 6.16

[   44.280681][    T1] usb usb3: New USB device strings: Mfr=3D3, =
Product=3D2, SerialNumber=3D1

[   44.284805][    T1] usb usb3: Product: Dummy host controller

[   44.287620][    T1] usb usb3: Manufacturer: Linux 6.16.0-rc4 =
dummy_hcd

[   44.291343][    T1] usb usb3: SerialNumber: dummy_hcd.2

[   44.300862][    T1] hub 3-0:1.0: USB hub found

[   44.303385][    T1] hub 3-0:1.0: 1 port detected

[   44.313657][    T1] dummy_hcd dummy_hcd.3: USB Host+Gadget Emulator, =
driver 02 May 2005

[   44.317685][    T1] dummy_hcd dummy_hcd.3: Dummy host controller

[   44.322108][    T1] dummy_hcd dummy_hcd.3: new USB bus registered, =
assigned bus number 4

[   44.328272][    T1] usb usb4: New USB device found, idVendor=3D1d6b, =
idProduct=3D0002, bcdDevice=3D 6.16

[   44.332538][    T1] usb usb4: New USB device strings: Mfr=3D3, =
Product=3D2, SerialNumber=3D1

[   44.336284][    T1] usb usb4: Product: Dummy host controller

[   44.339175][    T1] usb usb4: Manufacturer: Linux 6.16.0-rc4 =
dummy_hcd

[   44.342301][    T1] usb usb4: SerialNumber: dummy_hcd.3

[   44.351436][    T1] hub 4-0:1.0: USB hub found

[   44.354203][    T1] hub 4-0:1.0: 1 port detected

[   44.364451][    T1] dummy_hcd dummy_hcd.4: USB Host+Gadget Emulator, =
driver 02 May 2005

[   44.368418][    T1] dummy_hcd dummy_hcd.4: Dummy host controller

[   44.373493][    T1] dummy_hcd dummy_hcd.4: new USB bus registered, =
assigned bus number 5

[   44.379111][    T1] usb usb5: New USB device found, idVendor=3D1d6b, =
idProduct=3D0002, bcdDevice=3D 6.16

[   44.383358][    T1] usb usb5: New USB device strings: Mfr=3D3, =
Product=3D2, SerialNumber=3D1

[   44.387246][    T1] usb usb5: Product: Dummy host controller

[   44.389995][    T1] usb usb5: Manufacturer: Linux 6.16.0-rc4 =
dummy_hcd

[   44.393137][    T1] usb usb5: SerialNumber: dummy_hcd.4

[   44.402279][    T1] hub 5-0:1.0: USB hub found

[   44.404820][    T1] hub 5-0:1.0: 1 port detected

[   44.415847][    T1] dummy_hcd dummy_hcd.5: USB Host+Gadget Emulator, =
driver 02 May 2005

[   44.420611][    T1] dummy_hcd dummy_hcd.5: Dummy host controller

[   44.425034][    T1] dummy_hcd dummy_hcd.5: new USB bus registered, =
assigned bus number 6

[   44.430641][    T1] usb usb6: New USB device found, idVendor=3D1d6b, =
idProduct=3D0002, bcdDevice=3D 6.16

[   44.434911][    T1] usb usb6: New USB device strings: Mfr=3D3, =
Product=3D2, SerialNumber=3D1

[   44.438773][    T1] usb usb6: Product: Dummy host controller

[   44.441486][    T1] usb usb6: Manufacturer: Linux 6.16.0-rc4 =
dummy_hcd

[   44.444606][    T1] usb usb6: SerialNumber: dummy_hcd.5

[   44.453996][    T1] hub 6-0:1.0: USB hub found

[   44.456528][    T1] hub 6-0:1.0: 1 port detected

[   44.467670][    T1] dummy_hcd dummy_hcd.6: USB Host+Gadget Emulator, =
driver 02 May 2005

[   44.471562][    T1] dummy_hcd dummy_hcd.6: Dummy host controller

[   44.475828][    T1] dummy_hcd dummy_hcd.6: new USB bus registered, =
assigned bus number 7

[   44.481484][    T1] usb usb7: New USB device found, idVendor=3D1d6b, =
idProduct=3D0002, bcdDevice=3D 6.16

[   44.485792][    T1] usb usb7: New USB device strings: Mfr=3D3, =
Product=3D2, SerialNumber=3D1

[   44.489669][    T1] usb usb7: Product: Dummy host controller

[   44.492395][    T1] usb usb7: Manufacturer: Linux 6.16.0-rc4 =
dummy_hcd

[   44.495502][    T1] usb usb7: SerialNumber: dummy_hcd.6

[   44.507713][    T1] hub 7-0:1.0: USB hub found

[   44.510274][    T1] hub 7-0:1.0: 1 port detected

[   44.519928][    T1] dummy_hcd dummy_hcd.7: USB Host+Gadget Emulator, =
driver 02 May 2005

[   44.523849][    T1] dummy_hcd dummy_hcd.7: Dummy host controller

[   44.529211][    T1] dummy_hcd dummy_hcd.7: new USB bus registered, =
assigned bus number 8

[   44.534806][    T1] usb usb8: New USB device found, idVendor=3D1d6b, =
idProduct=3D0002, bcdDevice=3D 6.16

[   44.539191][    T1] usb usb8: New USB device strings: Mfr=3D3, =
Product=3D2, SerialNumber=3D1

[   44.542946][    T1] usb usb8: Product: Dummy host controller

[   44.545646][    T1] usb usb8: Manufacturer: Linux 6.16.0-rc4 =
dummy_hcd

[   44.548835][    T1] usb usb8: SerialNumber: dummy_hcd.7

[   44.558089][    T1] hub 8-0:1.0: USB hub found

[   44.561074][    T1] hub 8-0:1.0: 1 port detected

[   44.572064][    T1] dummy_hcd dummy_hcd.8: USB Host+Gadget Emulator, =
driver 02 May 2005

[   44.575917][    T1] dummy_hcd dummy_hcd.8: Dummy host controller

[   44.580852][    T1] dummy_hcd dummy_hcd.8: new USB bus registered, =
assigned bus number 9

[   44.587027][    T1] usb usb9: New USB device found, idVendor=3D1d6b, =
idProduct=3D0002, bcdDevice=3D 6.16

[   44.591306][    T1] usb usb9: New USB device strings: Mfr=3D3, =
Product=3D2, SerialNumber=3D1

[   44.595071][    T1] usb usb9: Product: Dummy host controller

[   44.597882][    T1] usb usb9: Manufacturer: Linux 6.16.0-rc4 =
dummy_hcd

[   44.601014][    T1] usb usb9: SerialNumber: dummy_hcd.8

[   44.610113][    T1] hub 9-0:1.0: USB hub found

[   44.612656][    T1] hub 9-0:1.0: 1 port detected

[   44.623018][    T1] dummy_hcd dummy_hcd.9: USB Host+Gadget Emulator, =
driver 02 May 2005

[   44.627014][    T1] dummy_hcd dummy_hcd.9: Dummy host controller

[   44.631866][    T1] dummy_hcd dummy_hcd.9: new USB bus registered, =
assigned bus number 10

[   44.637531][    T1] usb usb10: New USB device found, idVendor=3D1d6b, =
idProduct=3D0002, bcdDevice=3D 6.16

[   44.641786][    T1] usb usb10: New USB device strings: Mfr=3D3, =
Product=3D2, SerialNumber=3D1

[   44.645527][    T1] usb usb10: Product: Dummy host controller

[   44.648368][    T1] usb usb10: Manufacturer: Linux 6.16.0-rc4 =
dummy_hcd

[   44.651523][    T1] usb usb10: SerialNumber: dummy_hcd.9

[   44.660733][    T1] hub 10-0:1.0: USB hub found

[   44.664356][    T1] hub 10-0:1.0: 1 port detected

[   44.674882][    T1] dummy_hcd dummy_hcd.10: USB Host+Gadget Emulator, =
driver 02 May 2005

[   44.679277][    T1] dummy_hcd dummy_hcd.10: Dummy host controller

[   44.683964][    T1] dummy_hcd dummy_hcd.10: new USB bus registered, =
assigned bus number 11

[   44.689843][    T1] usb usb11: New USB device found, idVendor=3D1d6b, =
idProduct=3D0002, bcdDevice=3D 6.16

[   44.694235][    T1] usb usb11: New USB device strings: Mfr=3D3, =
Product=3D2, SerialNumber=3D1

[   44.698596][    T1] usb usb11: Product: Dummy host controller

[   44.701418][    T1] usb usb11: Manufacturer: Linux 6.16.0-rc4 =
dummy_hcd

[   44.704674][    T1] usb usb11: SerialNumber: dummy_hcd.10

[   44.713643][    T1] hub 11-0:1.0: USB hub found

[   44.716310][    T1] hub 11-0:1.0: 1 port detected

[   44.727353][    T1] dummy_hcd dummy_hcd.11: USB Host+Gadget Emulator, =
driver 02 May 2005

[   44.731392][    T1] dummy_hcd dummy_hcd.11: Dummy host controller

[   44.735919][    T1] dummy_hcd dummy_hcd.11: new USB bus registered, =
assigned bus number 12

[   44.741610][    T1] usb usb12: New USB device found, idVendor=3D1d6b, =
idProduct=3D0002, bcdDevice=3D 6.16

[   44.745917][    T1] usb usb12: New USB device strings: Mfr=3D3, =
Product=3D2, SerialNumber=3D1

[   44.750134][    T1] usb usb12: Product: Dummy host controller

[   44.752918][    T1] usb usb12: Manufacturer: Linux 6.16.0-rc4 =
dummy_hcd

[   44.756074][    T1] usb usb12: SerialNumber: dummy_hcd.11

[   44.764624][    T1] hub 12-0:1.0: USB hub found

[   44.767262][    T1] hub 12-0:1.0: 1 port detected

[   44.778027][    T1] dummy_hcd dummy_hcd.12: USB Host+Gadget Emulator, =
driver 02 May 2005

[   44.781934][    T1] dummy_hcd dummy_hcd.12: Dummy host controller

[   44.786862][    T1] dummy_hcd dummy_hcd.12: new USB bus registered, =
assigned bus number 13

[   44.792497][    T1] usb usb13: New USB device found, idVendor=3D1d6b, =
idProduct=3D0002, bcdDevice=3D 6.16

[   44.796870][    T1] usb usb13: New USB device strings: Mfr=3D3, =
Product=3D2, SerialNumber=3D1

[   44.800675][    T1] usb usb13: Product: Dummy host controller

[   44.803426][    T1] usb usb13: Manufacturer: Linux 6.16.0-rc4 =
dummy_hcd

[   44.806596][    T1] usb usb13: SerialNumber: dummy_hcd.12

[   44.816305][    T1] hub 13-0:1.0: USB hub found

[   44.818975][    T1] hub 13-0:1.0: 1 port detected

[   44.829559][    T1] dummy_hcd dummy_hcd.13: USB Host+Gadget Emulator, =
driver 02 May 2005

[   44.833523][    T1] dummy_hcd dummy_hcd.13: Dummy host controller

[   44.838446][    T1] dummy_hcd dummy_hcd.13: new USB bus registered, =
assigned bus number 14

[   44.844668][    T1] usb usb14: New USB device found, idVendor=3D1d6b, =
idProduct=3D0002, bcdDevice=3D 6.16

[   44.849138][    T1] usb usb14: New USB device strings: Mfr=3D3, =
Product=3D2, SerialNumber=3D1

[   44.853042][    T1] usb usb14: Product: Dummy host controller

[   44.855830][    T1] usb usb14: Manufacturer: Linux 6.16.0-rc4 =
dummy_hcd

[   44.859122][    T1] usb usb14: SerialNumber: dummy_hcd.13

[   44.868347][    T1] hub 14-0:1.0: USB hub found

[   44.870923][    T1] hub 14-0:1.0: 1 port detected

[   44.881125][    T1] dummy_hcd dummy_hcd.14: USB Host+Gadget Emulator, =
driver 02 May 2005

[   44.885094][    T1] dummy_hcd dummy_hcd.14: Dummy host controller

[   44.890122][    T1] dummy_hcd dummy_hcd.14: new USB bus registered, =
assigned bus number 15

[   44.896132][    T1] usb usb15: New USB device found, idVendor=3D1d6b, =
idProduct=3D0002, bcdDevice=3D 6.16

[   44.900564][    T1] usb usb15: New USB device strings: Mfr=3D3, =
Product=3D2, SerialNumber=3D1

[   44.904412][    T1] usb usb15: Product: Dummy host controller

[   44.907257][    T1] usb usb15: Manufacturer: Linux 6.16.0-rc4 =
dummy_hcd

[   44.910438][    T1] usb usb15: SerialNumber: dummy_hcd.14

[   44.919525][    T1] hub 15-0:1.0: USB hub found

[   44.923027][    T1] hub 15-0:1.0: 1 port detected

[   44.933220][    T1] dummy_hcd dummy_hcd.15: USB Host+Gadget Emulator, =
driver 02 May 2005

[   44.937258][    T1] dummy_hcd dummy_hcd.15: Dummy host controller

[   44.941901][    T1] dummy_hcd dummy_hcd.15: new USB bus registered, =
assigned bus number 16

[   44.948188][    T1] usb usb16: New USB device found, idVendor=3D1d6b, =
idProduct=3D0002, bcdDevice=3D 6.16

[   44.952542][    T1] usb usb16: New USB device strings: Mfr=3D3, =
Product=3D2, SerialNumber=3D1

[   44.956396][    T1] usb usb16: Product: Dummy host controller

[   44.959362][    T1] usb usb16: Manufacturer: Linux 6.16.0-rc4 =
dummy_hcd

[   44.962574][    T1] usb usb16: SerialNumber: dummy_hcd.15

[   44.971864][    T1] hub 16-0:1.0: USB hub found

[   44.974449][    T1] hub 16-0:1.0: 1 port detected

[   44.984924][    T1] dummy_hcd dummy_hcd.16: USB Host+Gadget Emulator, =
driver 02 May 2005

[   44.988944][    T1] dummy_hcd dummy_hcd.16: Dummy host controller

[   44.993837][    T1] dummy_hcd dummy_hcd.16: new USB bus registered, =
assigned bus number 17

[   44.999542][    T1] usb usb17: New USB device found, idVendor=3D1d6b, =
idProduct=3D0002, bcdDevice=3D 6.16

[   45.003881][    T1] usb usb17: New USB device strings: Mfr=3D3, =
Product=3D2, SerialNumber=3D1

[   45.007840][    T1] usb usb17: Product: Dummy host controller

[   45.010618][    T1] usb usb17: Manufacturer: Linux 6.16.0-rc4 =
dummy_hcd

[   45.013814][    T1] usb usb17: SerialNumber: dummy_hcd.16

[   45.023088][    T1] hub 17-0:1.0: USB hub found

[   45.026116][    T1] hub 17-0:1.0: 1 port detected

[   45.036241][    T1] dummy_hcd dummy_hcd.17: USB Host+Gadget Emulator, =
driver 02 May 2005

[   45.040243][    T1] dummy_hcd dummy_hcd.17: Dummy host controller

[   45.044737][    T1] dummy_hcd dummy_hcd.17: new USB bus registered, =
assigned bus number 18

[   45.050546][    T1] usb usb18: New USB device found, idVendor=3D1d6b, =
idProduct=3D0002, bcdDevice=3D 6.16

[   45.054909][    T1] usb usb18: New USB device strings: Mfr=3D3, =
Product=3D2, SerialNumber=3D1

[   45.058852][    T1] usb usb18: Product: Dummy host controller

[   45.061694][    T1] usb usb18: Manufacturer: Linux 6.16.0-rc4 =
dummy_hcd

[   45.064907][    T1] usb usb18: SerialNumber: dummy_hcd.17

[   45.074139][    T1] hub 18-0:1.0: USB hub found

[   45.077398][    T1] hub 18-0:1.0: 1 port detected

[   45.086625][    T1] dummy_hcd dummy_hcd.18: USB Host+Gadget Emulator, =
driver 02 May 2005

[   45.091366][    T1] dummy_hcd dummy_hcd.18: Dummy host controller

[   45.096642][    T1] dummy_hcd dummy_hcd.18: new USB bus registered, =
assigned bus number 19

[   45.102477][    T1] usb usb19: New USB device found, idVendor=3D1d6b, =
idProduct=3D0002, bcdDevice=3D 6.16

[   45.107052][    T1] usb usb19: New USB device strings: Mfr=3D3, =
Product=3D2, SerialNumber=3D1

[   45.110900][    T1] usb usb19: Product: Dummy host controller

[   45.113687][    T1] usb usb19: Manufacturer: Linux 6.16.0-rc4 =
dummy_hcd

[   45.116916][    T1] usb usb19: SerialNumber: dummy_hcd.18

[   45.125982][    T1] hub 19-0:1.0: USB hub found

[   45.128686][    T1] hub 19-0:1.0: 1 port detected

[   45.139156][    T1] dummy_hcd dummy_hcd.19: USB Host+Gadget Emulator, =
driver 02 May 2005

[   45.143008][    T1] dummy_hcd dummy_hcd.19: Dummy host controller

[   45.148258][    T1] dummy_hcd dummy_hcd.19: new USB bus registered, =
assigned bus number 20

[   45.154095][    T1] usb usb20: New USB device found, idVendor=3D1d6b, =
idProduct=3D0002, bcdDevice=3D 6.16

[   45.158675][    T1] usb usb20: New USB device strings: Mfr=3D3, =
Product=3D2, SerialNumber=3D1

[   45.162200][    T1] usb usb20: Product: Dummy host controller

[   45.164771][    T1] usb usb20: Manufacturer: Linux 6.16.0-rc4 =
dummy_hcd

[   45.167764][    T1] usb usb20: SerialNumber: dummy_hcd.19

[   45.176681][    T1] hub 20-0:1.0: USB hub found

[   45.179224][    T1] hub 20-0:1.0: 1 port detected

[   45.189168][    T1] dummy_hcd dummy_hcd.20: USB Host+Gadget Emulator, =
driver 02 May 2005

[   45.192814][    T1] dummy_hcd dummy_hcd.20: Dummy host controller

[   45.197888][    T1] dummy_hcd dummy_hcd.20: new USB bus registered, =
assigned bus number 21

[   45.203232][    T1] usb usb21: New USB device found, idVendor=3D1d6b, =
idProduct=3D0002, bcdDevice=3D 6.16

[   45.207458][    T1] usb usb21: New USB device strings: Mfr=3D3, =
Product=3D2, SerialNumber=3D1

[   45.210996][    T1] usb usb21: Product: Dummy host controller

[   45.213566][    T1] usb usb21: Manufacturer: Linux 6.16.0-rc4 =
dummy_hcd

[   45.216489][    T1] usb usb21: SerialNumber: dummy_hcd.20

[   45.225509][    T1] hub 21-0:1.0: USB hub found

[   45.228089][    T1] hub 21-0:1.0: 1 port detected

[   45.238290][    T1] dummy_hcd dummy_hcd.21: USB Host+Gadget Emulator, =
driver 02 May 2005

[   45.241928][    T1] dummy_hcd dummy_hcd.21: Dummy host controller

[   45.246316][    T1] dummy_hcd dummy_hcd.21: new USB bus registered, =
assigned bus number 22

[   45.251788][    T1] usb usb22: New USB device found, idVendor=3D1d6b, =
idProduct=3D0002, bcdDevice=3D 6.16

[   45.255792][    T1] usb usb22: New USB device strings: Mfr=3D3, =
Product=3D2, SerialNumber=3D1

[   45.259431][    T1] usb usb22: Product: Dummy host controller

[   45.262110][    T1] usb usb22: Manufacturer: Linux 6.16.0-rc4 =
dummy_hcd

[   45.265052][    T1] usb usb22: SerialNumber: dummy_hcd.21

[   45.274178][    T1] hub 22-0:1.0: USB hub found

[   45.276638][    T1] hub 22-0:1.0: 1 port detected

[   45.284155][    T1] dummy_hcd dummy_hcd.22: USB Host+Gadget Emulator, =
driver 02 May 2005

[   45.288408][    T1] dummy_hcd dummy_hcd.22: Dummy host controller

[   45.293059][    T1] dummy_hcd dummy_hcd.22: new USB bus registered, =
assigned bus number 23

[   45.298721][    T1] usb usb23: New USB device found, idVendor=3D1d6b, =
idProduct=3D0002, bcdDevice=3D 6.16

[   45.302833][    T1] usb usb23: New USB device strings: Mfr=3D3, =
Product=3D2, SerialNumber=3D1

[   45.306367][    T1] usb usb23: Product: Dummy host controller

[   45.309850][    T1] usb usb23: Manufacturer: Linux 6.16.0-rc4 =
dummy_hcd

[   45.312801][    T1] usb usb23: SerialNumber: dummy_hcd.22

[   45.322038][    T1] hub 23-0:1.0: USB hub found

[   45.324496][    T1] hub 23-0:1.0: 1 port detected

[   45.334742][    T1] dummy_hcd dummy_hcd.23: USB Host+Gadget Emulator, =
driver 02 May 2005

[   45.338528][    T1] dummy_hcd dummy_hcd.23: Dummy host controller

[   45.342911][    T1] dummy_hcd dummy_hcd.23: new USB bus registered, =
assigned bus number 24

[   45.349122][    T1] usb usb24: New USB device found, idVendor=3D1d6b, =
idProduct=3D0002, bcdDevice=3D 6.16

[   45.353241][    T1] usb usb24: New USB device strings: Mfr=3D3, =
Product=3D2, SerialNumber=3D1

[   45.356923][    T1] usb usb24: Product: Dummy host controller

[   45.359538][    T1] usb usb24: Manufacturer: Linux 6.16.0-rc4 =
dummy_hcd

[   45.362735][    T1] usb usb24: SerialNumber: dummy_hcd.23

[   45.372246][    T1] hub 24-0:1.0: USB hub found

[   45.374725][    T1] hub 24-0:1.0: 1 port detected

[   45.384556][    T1] dummy_hcd dummy_hcd.24: USB Host+Gadget Emulator, =
driver 02 May 2005

[   45.388413][    T1] dummy_hcd dummy_hcd.24: Dummy host controller

[   45.392903][    T1] dummy_hcd dummy_hcd.24: new USB bus registered, =
assigned bus number 25

[   45.398912][    T1] usb usb25: New USB device found, idVendor=3D1d6b, =
idProduct=3D0002, bcdDevice=3D 6.16

[   45.402951][    T1] usb usb25: New USB device strings: Mfr=3D3, =
Product=3D2, SerialNumber=3D1

[   45.406548][    T1] usb usb25: Product: Dummy host controller

[   45.409301][    T1] usb usb25: Manufacturer: Linux 6.16.0-rc4 =
dummy_hcd

[   45.412433][    T1] usb usb25: SerialNumber: dummy_hcd.24

[   45.421604][    T1] hub 25-0:1.0: USB hub found

[   45.424182][    T1] hub 25-0:1.0: 1 port detected

[   45.433696][    T1] dummy_hcd dummy_hcd.25: USB Host+Gadget Emulator, =
driver 02 May 2005

[   45.438659][    T1] dummy_hcd dummy_hcd.25: Dummy host controller

[   45.443380][    T1] dummy_hcd dummy_hcd.25: new USB bus registered, =
assigned bus number 26

[   45.449273][    T1] usb usb26: New USB device found, idVendor=3D1d6b, =
idProduct=3D0002, bcdDevice=3D 6.16

[   45.453625][    T1] usb usb26: New USB device strings: Mfr=3D3, =
Product=3D2, SerialNumber=3D1

[   45.458304][    T1] usb usb26: Product: Dummy host controller

[   45.461098][    T1] usb usb26: Manufacturer: Linux 6.16.0-rc4 =
dummy_hcd

[   45.464275][    T1] usb usb26: SerialNumber: dummy_hcd.25

[   45.473078][    T1] hub 26-0:1.0: USB hub found

[   45.475676][    T1] hub 26-0:1.0: 1 port detected

[   45.485360][    T1] dummy_hcd dummy_hcd.26: USB Host+Gadget Emulator, =
driver 02 May 2005

[   45.490119][    T1] dummy_hcd dummy_hcd.26: Dummy host controller

[   45.495064][    T1] dummy_hcd dummy_hcd.26: new USB bus registered, =
assigned bus number 27

[   45.500940][    T1] usb usb27: New USB device found, idVendor=3D1d6b, =
idProduct=3D0002, bcdDevice=3D 6.16

[   45.505322][    T1] usb usb27: New USB device strings: Mfr=3D3, =
Product=3D2, SerialNumber=3D1

[   45.509279][    T1] usb usb27: Product: Dummy host controller

[   45.512077][    T1] usb usb27: Manufacturer: Linux 6.16.0-rc4 =
dummy_hcd

[   45.515247][    T1] usb usb27: SerialNumber: dummy_hcd.26

[   45.524884][    T1] hub 27-0:1.0: USB hub found

[   45.527574][    T1] hub 27-0:1.0: 1 port detected

[   45.538059][    T1] dummy_hcd dummy_hcd.27: USB Host+Gadget Emulator, =
driver 02 May 2005

[   45.541982][    T1] dummy_hcd dummy_hcd.27: Dummy host controller

[   45.548596][    T1] dummy_hcd dummy_hcd.27: new USB bus registered, =
assigned bus number 28

[   45.554237][    T1] usb usb28: New USB device found, idVendor=3D1d6b, =
idProduct=3D0002, bcdDevice=3D 6.16

[   45.558483][    T1] usb usb28: New USB device strings: Mfr=3D3, =
Product=3D2, SerialNumber=3D1

[   45.562311][    T1] usb usb28: Product: Dummy host controller

[   45.564995][    T1] usb usb28: Manufacturer: Linux 6.16.0-rc4 =
dummy_hcd

[   45.568156][    T1] usb usb28: SerialNumber: dummy_hcd.27

[   45.577121][    T1] hub 28-0:1.0: USB hub found

[   45.579662][    T1] hub 28-0:1.0: 1 port detected

[   45.589459][    T1] dummy_hcd dummy_hcd.28: USB Host+Gadget Emulator, =
driver 02 May 2005

[   45.593143][    T1] dummy_hcd dummy_hcd.28: Dummy host controller

[   45.597856][    T1] dummy_hcd dummy_hcd.28: new USB bus registered, =
assigned bus number 29

[   45.603812][    T1] usb usb29: New USB device found, idVendor=3D1d6b, =
idProduct=3D0002, bcdDevice=3D 6.16

[   45.608282][    T1] usb usb29: New USB device strings: Mfr=3D3, =
Product=3D2, SerialNumber=3D1

[   45.611825][    T1] usb usb29: Product: Dummy host controller

[   45.614386][    T1] usb usb29: Manufacturer: Linux 6.16.0-rc4 =
dummy_hcd

[   45.617401][    T1] usb usb29: SerialNumber: dummy_hcd.28

[   45.626674][    T1] hub 29-0:1.0: USB hub found

[   45.629202][    T1] hub 29-0:1.0: 1 port detected

[   45.639655][    T1] dummy_hcd dummy_hcd.29: USB Host+Gadget Emulator, =
driver 02 May 2005

[   45.643337][    T1] dummy_hcd dummy_hcd.29: Dummy host controller

[   45.647930][    T1] dummy_hcd dummy_hcd.29: new USB bus registered, =
assigned bus number 30

[   45.654200][    T1] usb usb30: New USB device found, idVendor=3D1d6b, =
idProduct=3D0002, bcdDevice=3D 6.16

[   45.658372][    T1] usb usb30: New USB device strings: Mfr=3D3, =
Product=3D2, SerialNumber=3D1

[   45.661989][    T1] usb usb30: Product: Dummy host controller

[   45.664559][    T1] usb usb30: Manufacturer: Linux 6.16.0-rc4 =
dummy_hcd

[   45.667579][    T1] usb usb30: SerialNumber: dummy_hcd.29

[   45.677264][    T1] hub 30-0:1.0: USB hub found

[   45.680124][    T1] hub 30-0:1.0: 1 port detected

[   45.689697][    T1] dummy_hcd dummy_hcd.30: USB Host+Gadget Emulator, =
driver 02 May 2005

[   45.693366][    T1] dummy_hcd dummy_hcd.30: Dummy host controller

[   45.697801][    T1] dummy_hcd dummy_hcd.30: new USB bus registered, =
assigned bus number 31

[   45.703100][    T1] usb usb31: New USB device found, idVendor=3D1d6b, =
idProduct=3D0002, bcdDevice=3D 6.16

[   45.707684][    T1] usb usb31: New USB device strings: Mfr=3D3, =
Product=3D2, SerialNumber=3D1

[   45.711247][    T1] usb usb31: Product: Dummy host controller

[   45.713833][    T1] usb usb31: Manufacturer: Linux 6.16.0-rc4 =
dummy_hcd

[   45.716830][    T1] usb usb31: SerialNumber: dummy_hcd.30

[   45.725156][    T1] hub 31-0:1.0: USB hub found

[   45.728216][    T1] hub 31-0:1.0: 1 port detected

[   45.737998][    T1] dummy_hcd dummy_hcd.31: USB Host+Gadget Emulator, =
driver 02 May 2005

[   45.741643][    T1] dummy_hcd dummy_hcd.31: Dummy host controller

[   45.745913][    T1] dummy_hcd dummy_hcd.31: new USB bus registered, =
assigned bus number 32

[   45.751481][    T1] usb usb32: New USB device found, idVendor=3D1d6b, =
idProduct=3D0002, bcdDevice=3D 6.16

[   45.755478][    T1] usb usb32: New USB device strings: Mfr=3D3, =
Product=3D2, SerialNumber=3D1

[   45.759206][    T1] usb usb32: Product: Dummy host controller

[   45.761796][    T1] usb usb32: Manufacturer: Linux 6.16.0-rc4 =
dummy_hcd

[   45.764738][    T1] usb usb32: SerialNumber: dummy_hcd.31

[   45.773824][    T1] hub 32-0:1.0: USB hub found

[   45.776255][    T1] hub 32-0:1.0: 1 port detected

[   45.949009][    T1] SPI driver max3420-udc has no spi_device_id for =
maxim,max3421-udc

[   45.955941][    T1] gadgetfs: USB Gadget filesystem, version 24 Aug =
2004

[   45.964488][    T1] vhci_hcd vhci_hcd.0: USB/IP Virtual Host =
Controller

[   45.970058][    T1] vhci_hcd vhci_hcd.0: new USB bus registered, =
assigned bus number 33

[   45.975210][    T1] vhci_hcd: created sysfs vhci_hcd.0

[   45.980539][    T1] usb usb33: New USB device found, idVendor=3D1d6b, =
idProduct=3D0002, bcdDevice=3D 6.16

[   45.984806][    T1] usb usb33: New USB device strings: Mfr=3D3, =
Product=3D2, SerialNumber=3D1

[   45.988782][    T1] usb usb33: Product: USB/IP Virtual Host =
Controller

[   45.991924][    T1] usb usb33: Manufacturer: Linux 6.16.0-rc4 =
vhci_hcd

[   45.995101][    T1] usb usb33: SerialNumber: vhci_hcd.0

[   46.004806][    T1] hub 33-0:1.0: USB hub found

[   46.007615][    T1] hub 33-0:1.0: 8 ports detected

[   46.027997][    T1] vhci_hcd vhci_hcd.0: USB/IP Virtual Host =
Controller

[   46.033375][    T1] vhci_hcd vhci_hcd.0: new USB bus registered, =
assigned bus number 34

[   46.038166][    T1] usb usb34: We don't know the algorithms for LPM =
for this host, disabling LPM.

[   46.044074][    T1] usb usb34: New USB device found, idVendor=3D1d6b, =
idProduct=3D0003, bcdDevice=3D 6.16

[   46.048473][    T1] usb usb34: New USB device strings: Mfr=3D3, =
Product=3D2, SerialNumber=3D1

[   46.052336][    T1] usb usb34: Product: USB/IP Virtual Host =
Controller

[   46.055520][    T1] usb usb34: Manufacturer: Linux 6.16.0-rc4 =
vhci_hcd

[   46.058735][    T1] usb usb34: SerialNumber: vhci_hcd.0

[   46.068420][    T1] hub 34-0:1.0: USB hub found

[   46.071166][    T1] hub 34-0:1.0: 8 ports detected

[   46.096212][    T1] vhci_hcd vhci_hcd.1: USB/IP Virtual Host =
Controller

[   46.101189][    T1] vhci_hcd vhci_hcd.1: new USB bus registered, =
assigned bus number 35

[   46.107300][    T1] usb usb35: New USB device found, idVendor=3D1d6b, =
idProduct=3D0002, bcdDevice=3D 6.16

[   46.111626][    T1] usb usb35: New USB device strings: Mfr=3D3, =
Product=3D2, SerialNumber=3D1

[   46.115474][    T1] usb usb35: Product: USB/IP Virtual Host =
Controller

[   46.118851][    T1] usb usb35: Manufacturer: Linux 6.16.0-rc4 =
vhci_hcd

[   46.122020][    T1] usb usb35: SerialNumber: vhci_hcd.1

[   46.139058][    T1] hub 35-0:1.0: USB hub found

[   46.141724][    T1] hub 35-0:1.0: 8 ports detected

[   46.160973][    T1] vhci_hcd vhci_hcd.1: USB/IP Virtual Host =
Controller

[   46.166371][    T1] vhci_hcd vhci_hcd.1: new USB bus registered, =
assigned bus number 36

[   46.170828][    T1] usb usb36: We don't know the algorithms for LPM =
for this host, disabling LPM.

[   46.176453][    T1] usb usb36: New USB device found, idVendor=3D1d6b, =
idProduct=3D0003, bcdDevice=3D 6.16

[   46.180782][    T1] usb usb36: New USB device strings: Mfr=3D3, =
Product=3D2, SerialNumber=3D1

[   46.184485][    T1] usb usb36: Product: USB/IP Virtual Host =
Controller

[   46.187565][    T1] usb usb36: Manufacturer: Linux 6.16.0-rc4 =
vhci_hcd

[   46.190611][    T1] usb usb36: SerialNumber: vhci_hcd.1

[   46.200019][    T1] hub 36-0:1.0: USB hub found

[   46.202536][    T1] hub 36-0:1.0: 8 ports detected

[   46.227262][    T1] vhci_hcd vhci_hcd.2: USB/IP Virtual Host =
Controller

[   46.232605][    T1] vhci_hcd vhci_hcd.2: new USB bus registered, =
assigned bus number 37

[   46.238366][    T1] usb usb37: New USB device found, idVendor=3D1d6b, =
idProduct=3D0002, bcdDevice=3D 6.16

[   46.242558][    T1] usb usb37: New USB device strings: Mfr=3D3, =
Product=3D2, SerialNumber=3D1

[   46.246265][    T1] usb usb37: Product: USB/IP Virtual Host =
Controller

[   46.249394][    T1] usb usb37: Manufacturer: Linux 6.16.0-rc4 =
vhci_hcd

[   46.252436][    T1] usb usb37: SerialNumber: vhci_hcd.2

[   46.261495][    T1] hub 37-0:1.0: USB hub found

[   46.264038][    T1] hub 37-0:1.0: 8 ports detected

[   46.282446][    T1] vhci_hcd vhci_hcd.2: USB/IP Virtual Host =
Controller

[   46.288541][    T1] vhci_hcd vhci_hcd.2: new USB bus registered, =
assigned bus number 38

[   46.293007][    T1] usb usb38: We don't know the algorithms for LPM =
for this host, disabling LPM.

[   46.299757][    T1] usb usb38: New USB device found, idVendor=3D1d6b, =
idProduct=3D0003, bcdDevice=3D 6.16

[   46.303951][    T1] usb usb38: New USB device strings: Mfr=3D3, =
Product=3D2, SerialNumber=3D1

[   46.307714][    T1] usb usb38: Product: USB/IP Virtual Host =
Controller

[   46.310759][    T1] usb usb38: Manufacturer: Linux 6.16.0-rc4 =
vhci_hcd

[   46.313797][    T1] usb usb38: SerialNumber: vhci_hcd.2

[   46.322363][    T1] hub 38-0:1.0: USB hub found

[   46.324885][    T1] hub 38-0:1.0: 8 ports detected

[   46.349469][    T1] vhci_hcd vhci_hcd.3: USB/IP Virtual Host =
Controller

[   46.354207][    T1] vhci_hcd vhci_hcd.3: new USB bus registered, =
assigned bus number 39

[   46.359751][    T1] usb usb39: New USB device found, idVendor=3D1d6b, =
idProduct=3D0002, bcdDevice=3D 6.16

[   46.363937][    T1] usb usb39: New USB device strings: Mfr=3D3, =
Product=3D2, SerialNumber=3D1

[   46.367719][    T1] usb usb39: Product: USB/IP Virtual Host =
Controller

[   46.370775][    T1] usb usb39: Manufacturer: Linux 6.16.0-rc4 =
vhci_hcd

[   46.373812][    T1] usb usb39: SerialNumber: vhci_hcd.3

[   46.383338][    T1] hub 39-0:1.0: USB hub found

[   46.386014][    T1] hub 39-0:1.0: 8 ports detected

[   46.405627][    T1] vhci_hcd vhci_hcd.3: USB/IP Virtual Host =
Controller

[   46.411186][    T1] vhci_hcd vhci_hcd.3: new USB bus registered, =
assigned bus number 40

[   46.415699][    T1] usb usb40: We don't know the algorithms for LPM =
for this host, disabling LPM.

