Return-Path: <linux-kernel+bounces-604310-lists+linux-kernel=lfdr.de@vger.kernel.org>
X-Original-To: lists+linux-kernel@lfdr.de
Delivered-To: lists+linux-kernel@lfdr.de
Received: from ny.mirrors.kernel.org (ny.mirrors.kernel.org [IPv6:2604:1380:45d1:ec00::1])
	by mail.lfdr.de (Postfix) with ESMTPS id 05022A89327
	for <lists+linux-kernel@lfdr.de>; Tue, 15 Apr 2025 06:58:15 +0200 (CEST)
Received: from smtp.subspace.kernel.org (relay.kernel.org [52.25.139.140])
	(using TLSv1.2 with cipher ECDHE-ECDSA-AES256-GCM-SHA384 (256/256 bits))
	(No client certificate requested)
	by ny.mirrors.kernel.org (Postfix) with ESMTPS id 0634B1757E7
	for <lists+linux-kernel@lfdr.de>; Tue, 15 Apr 2025 04:58:15 +0000 (UTC)
Received: from localhost.localdomain (localhost.localdomain [127.0.0.1])
	by smtp.subspace.kernel.org (Postfix) with ESMTP id BDAA524EA82;
	Tue, 15 Apr 2025 04:58:09 +0000 (UTC)
Received: from mail-il1-f197.google.com (mail-il1-f197.google.com [209.85.166.197])
	(using TLSv1.2 with cipher ECDHE-RSA-AES128-GCM-SHA256 (128/128 bits))
	(No client certificate requested)
	by smtp.subspace.kernel.org (Postfix) with ESMTPS id EB6EC23D29F
	for <linux-kernel@vger.kernel.org>; Tue, 15 Apr 2025 04:58:06 +0000 (UTC)
Authentication-Results: smtp.subspace.kernel.org; arc=none smtp.client-ip=209.85.166.197
ARC-Seal:i=1; a=rsa-sha256; d=subspace.kernel.org; s=arc-20240116;
	t=1744693088; cv=none; b=BFu12O5u0oebIiCSWgQb4+Miy5/16q/GVw2GczdrAwglLbB4vxcDCKTIDMMJLEa1lKhvG36rI+XybrHoogVGYHFcfvPks2w+I8REoddsqpa7RnGz7p9NDSB8vic355+p1HXdmNTR/pxx19yjNCgcQYW+fw9T61BeFr816rCpTSc=
ARC-Message-Signature:i=1; a=rsa-sha256; d=subspace.kernel.org;
	s=arc-20240116; t=1744693088; c=relaxed/simple;
	bh=HkANfhxt1PPOpIaIK/y2PS0JyPOdBlsqJI0g996v2z8=;
	h=MIME-Version:Date:In-Reply-To:Message-ID:Subject:From:To:
	 Content-Type; b=Ofa5Bmgn63oizq2enRPD447SDjllIyc5wx+dDdq35+EEDS9vYoOJdLohxtZTvHxtzbeH1gg7IniKii9afapqa4D3mVX9pCSQZtqOZS5uLApfUzU+0gCIbylBOb+imab8Nu7EXbq4E5rT27yIwU1BPzk1r5eAHsGS1dtwYRviSug=
ARC-Authentication-Results:i=1; smtp.subspace.kernel.org; dmarc=fail (p=none dis=none) header.from=syzkaller.appspotmail.com; spf=pass smtp.mailfrom=M3KW2WVRGUFZ5GODRSRYTGD7.apphosting.bounces.google.com; arc=none smtp.client-ip=209.85.166.197
Authentication-Results: smtp.subspace.kernel.org; dmarc=fail (p=none dis=none) header.from=syzkaller.appspotmail.com
Authentication-Results: smtp.subspace.kernel.org; spf=pass smtp.mailfrom=M3KW2WVRGUFZ5GODRSRYTGD7.apphosting.bounces.google.com
Received: by mail-il1-f197.google.com with SMTP id e9e14a558f8ab-3d5b3819ff6so49941305ab.2
        for <linux-kernel@vger.kernel.org>; Mon, 14 Apr 2025 21:58:06 -0700 (PDT)
X-Google-DKIM-Signature: v=1; a=rsa-sha256; c=relaxed/relaxed;
        d=1e100.net; s=20230601; t=1744693086; x=1745297886;
        h=content-transfer-encoding:to:from:subject:message-id:in-reply-to
         :date:mime-version:x-gm-message-state:from:to:cc:subject:date
         :message-id:reply-to;
        bh=dNh61fKBA3F6LBXnbHFfp1ToDLZrpMNddhtH34OiuPc=;
        b=H57+sNA4Y+I15ilFxbPi5Hi4XIikuSatZ6/baaOSGSqTow/i//S+IpGVMplemVNBE/
         S2RpWWFtiMz91RDNXYXNYAPb14jUvT51/6egM2A3sv7sx1FFSD25vPP1/4YdzATxk4hU
         0haTTPAvpQMVKMBwTPyw5EOP5VhWnfWZ+LIOFmDFmqlmAI75tTLiso6hzSzkX9pMIygB
         Lf5r8oxuVOQnDSxk853qT7XimqFPI0+GRyxwDa44lx3f48nkSZw3hidhV5JwK6TOcIc5
         iRQOikgydKw+QZBQT8ZsKJ/DhC3DSpiOoRmyI5F5O27vvGh0Xwjb9S/dwfS2HBIuktJ9
         gV/w==
X-Gm-Message-State: AOJu0YzUzpGmbwuOsfyXDmSt91ovS6kAKkfC6fgrfBoSVrMAGgsaqJo8
	g4IM8mk9/bMESq6cksNI+R6qU6zj+Yjzcqx76S26GTyvkXZVZ9eaRKF26+NHl4c5nfgk3iFnsYt
	TSYGSaYziaE3j1Cbs/RD+nTvpVm7apHzXEoWJlIkuXY06LW4y2tB1auk=
X-Google-Smtp-Source: AGHT+IFFqkI+ox15GasAgC6BdYdrpt6zR1bOMLjtTD+shwkF2cmuElb5GNdsJP6T9KsUi7zAbDBIIoH3yhdAIu8TJXaZot79P2WN
Precedence: bulk
X-Mailing-List: linux-kernel@vger.kernel.org
List-Id: <linux-kernel.vger.kernel.org>
List-Subscribe: <mailto:linux-kernel+subscribe@vger.kernel.org>
List-Unsubscribe: <mailto:linux-kernel+unsubscribe@vger.kernel.org>
MIME-Version: 1.0
X-Received: by 2002:a05:6e02:2603:b0:3d5:d6ad:286a with SMTP id
 e9e14a558f8ab-3d7ec225f5amr136265325ab.13.1744693086115; Mon, 14 Apr 2025
 21:58:06 -0700 (PDT)
Date: Mon, 14 Apr 2025 21:58:06 -0700
In-Reply-To: <60d9e567-cc9a-43fb-a47e-e8aba30cc98e@amd.com>
X-Google-Appengine-App-Id: s~syzkaller
X-Google-Appengine-App-Id-Alias: syzkaller
Message-ID: <67fde75e.050a0220.3483fc.0044.GAE@google.com>
Subject: Re: [syzbot] [mm?] WARNING in move_to_new_folio
From: syzbot <syzbot+8bb6fd945af4e0ad9299@syzkaller.appspotmail.com>
To: linux-kernel@vger.kernel.org, shivankg@amd.com, 
	syzkaller-bugs@googlegroups.com
Content-Type: text/plain; charset="UTF-8"
Content-Transfer-Encoding: quoted-printable

Hello,

syzbot tried to test the proposed patch but the build/boot failed:

5 objects at 0xffff88823be00000-0xffff88823c000000
[    1.879083][    T0] Console: colour VGA+ 80x25
[    1.879933][    T0] printk: legacy console [ttyS0] enabled
[    1.879933][    T0] printk: legacy console [ttyS0] enabled
[    1.881537][    T0] printk: legacy bootconsole [earlyser0] disabled
[    1.881537][    T0] printk: legacy bootconsole [earlyser0] disabled
[    1.883398][    T0] Lock dependency validator: Copyright (c) 2006 Red Ha=
t, Inc., Ingo Molnar
[    1.884674][    T0] ... MAX_LOCKDEP_SUBCLASSES:  8
[    1.885395][    T0] ... MAX_LOCK_DEPTH:          48
[    1.886285][    T0] ... MAX_LOCKDEP_KEYS:        8192
[    1.887004][    T0] ... CLASSHASH_SIZE:          4096
[    1.887729][    T0] ... MAX_LOCKDEP_ENTRIES:     1048576
[    1.888472][    T0] ... MAX_LOCKDEP_CHAINS:      1048576
[    1.889221][    T0] ... CHAINHASH_SIZE:          524288
[    1.889939][    T0]  memory used by lock dependency info: 106625 kB
[    1.890796][    T0]  memory used for stack traces: 8320 kB
[    1.891589][    T0]  per task-struct memory footprint: 1920 bytes
[    1.892645][    T0] mempolicy: Enabling automatic NUMA balancing. Config=
ure with numa_balancing=3D or the kernel.numa_balancing sysctl
[    1.894353][    T0] ACPI: Core revision 20241212
[    1.895865][    T0] APIC: Switch to symmetric I/O mode setup
[    1.897238][    T0] x2apic enabled
[    1.901145][    T0] APIC: Switched APIC routing to: physical x2apic
[    1.907320][    T0] ..TIMER: vector=3D0x30 apic1=3D0 pin1=3D0 apic2=3D-1=
 pin2=3D-1
[    1.908809][    T0] clocksource: tsc-early: mask: 0xffffffffffffffff max=
_cycles: 0x1fb6f965d9b, max_idle_ns: 440795282877 ns
[    1.910614][    T0] Calibrating delay loop (skipped) preset value.. 4400=
.42 BogoMIPS (lpj=3D22002100)
[    1.912886][    T0] Last level iTLB entries: 4KB 64, 2MB 8, 4MB 8
[    1.913781][    T0] Last level dTLB entries: 4KB 64, 2MB 32, 4MB 32, 1GB=
 4
[    1.914802][    T0] Spectre V1 : Mitigation: usercopy/swapgs barriers an=
d __user pointer sanitization
[    1.920703][    T0] Spectre V2 : Spectre BHI mitigation: SW BHB clearing=
 on syscall and VM exit
[    1.921946][    T0] Spectre V2 : Mitigation: IBRS
[    1.922631][    T0] Spectre V2 : Spectre v2 / SpectreRSB: Filling RSB on=
 context switch and VMEXIT
[    1.924012][    T0] RETBleed: Mitigation: IBRS
[    1.924834][    T0] Spectre V2 : mitigation: Enabling conditional Indire=
ct Branch Prediction Barrier
[    1.926477][    T0] Spectre V2 : User space: Mitigation: STIBP via prctl
[    1.927794][    T0] Speculative Store Bypass: Mitigation: Speculative St=
ore Bypass disabled via prctl
[    1.929824][    T0] MDS: Mitigation: Clear CPU buffers
[    1.930686][    T0] TAA: Mitigation: Clear CPU buffers
[    1.931551][    T0] MMIO Stale Data: Vulnerable: Clear CPU buffers attem=
pted, no microcode
[    1.933590][    T0] x86/fpu: Supporting XSAVE feature 0x001: 'x87 floati=
ng point registers'
[    1.934860][    T0] x86/fpu: Supporting XSAVE feature 0x002: 'SSE regist=
ers'
[    1.936421][    T0] x86/fpu: Supporting XSAVE feature 0x004: 'AVX regist=
ers'
[    1.937733][    T0] x86/fpu: xstate_offset[2]:  576, xstate_sizes[2]:  2=
56
[    1.938845][    T0] x86/fpu: Enabled xstate features 0x7, context size i=
s 832 bytes, using 'standard' format.
[    2.218345][    T0] Freeing SMP alternatives memory: 132K
[    2.219567][    T0] pid_max: default: 32768 minimum: 301
[    2.221088][    T0] LSM: initializing lsm=3Dlockdown,capability,landlock=
,yama,safesetid,tomoyo,apparmor,bpf,ima,evm
[    2.223294][    T0] landlock: Up and running.
[    2.224249][    T0] Yama: becoming mindful.
[    2.225344][    T0] TOMOYO Linux initialized
[    2.227290][    T0] AppArmor: AppArmor initialized
[    2.229509][    T0] LSM support for eBPF active
[    2.236636][    T0] Dentry cache hash table entries: 1048576 (order: 11,=
 8388608 bytes, vmalloc hugepage)
[    2.242580][    T0] Inode-cache hash table entries: 524288 (order: 10, 4=
194304 bytes, vmalloc hugepage)
[    2.245736][    T0] Mount-cache hash table entries: 16384 (order: 5, 131=
072 bytes, vmalloc)
[    2.247275][    T0] Mountpoint-cache hash table entries: 16384 (order: 5=
, 131072 bytes, vmalloc)
[    2.253817][    T0] Running RCU synchronous self tests
[    2.254646][    T0] Running RCU synchronous self tests
[    2.376644][    T1] smpboot: CPU0: Intel(R) Xeon(R) CPU @ 2.20GHz (famil=
y: 0x6, model: 0x4f, stepping: 0x0)
[    2.380597][    T9] ------------[ cut here ]------------
[    2.380597][    T9] WARNING: CPU: 0 PID: 9 at arch/x86/mm/tlb.c:919 swit=
ch_mm_irqs_off+0x686/0x810
[    2.380597][    T9] Modules linked in:
[    2.380597][    T9] CPU: 0 UID: 0 PID: 9 Comm: kworker/0:0 Not tainted 6=
.15.0-rc2-next-20250414-syzkaller-gb425262c07a6-dirty #0 PREEMPT(full)=20
[    2.380597][    T9] Hardware name: Google Google Compute Engine/Google C=
ompute Engine, BIOS Google 02/12/2025
[    2.380597][    T9] Workqueue: events once_deferred
[    2.380597][    T9] RIP: 0010:switch_mm_irqs_off+0x686/0x810
[    2.380597][    T9] Code: 90 41 f7 c5 00 08 00 00 0f 84 ee fa ff ff 90 0=
f 0b 90 e9 e5 fa ff ff 90 0f 0b 90 e9 76 fe ff ff 90 0f 0b 90 e9 cc fb ff f=
f 90 <0f> 0b 90 4d 39 f4 0f 85 eb fb ff ff e9 31 fc ff ff 90 0f 0b 90 e9
[    2.380597][    T9] RSP: 0000:ffffc900000e7680 EFLAGS: 00010056
[    2.380597][    T9] RAX: 0000000000000001 RBX: 0000000000000000 RCX: fff=
fffff816ffd4d
[    2.380597][    T9] RDX: 0000000000000000 RSI: 0000000000000008 RDI: fff=
f88801b070940
[    2.380597][    T9] RBP: ffffc900000e7750 R08: ffff88801b070947 R09: 1ff=
ff1100360e128
[    2.380597][    T9] R10: dffffc0000000000 R11: ffffed100360e129 R12: fff=
fffff8ee49240
[    2.380597][    T9] R13: ffff88801b070940 R14: ffffffff8ee49240 R15: 000=
0000000000000
[    2.380597][    T9] FS:  0000000000000000(0000) GS:ffff888124faa000(0000=
) knlGS:0000000000000000
[    2.380597][    T9] CS:  0010 DS: 0000 ES: 0000 CR0: 0000000080050033
[    2.380597][    T9] CR2: ffff88823ffff000 CR3: 000000001b078000 CR4: 000=
00000003506f0
[    2.380597][    T9] DR0: 0000000000000000 DR1: 0000000000000000 DR2: 000=
0000000000000
[    2.380597][    T9] DR3: 0000000000000000 DR6: 00000000fffe0ff0 DR7: 000=
0000000000400
[    2.380597][    T9] Call Trace:
[    2.380597][    T9]  <TASK>
[    2.380597][    T9]  ? __pfx_switch_mm_irqs_off+0x10/0x10
[    2.380597][    T9]  ? __text_poke+0x6bb/0xb40
[    2.380597][    T9]  ? kasan_check_range+0x28f/0x2a0
[    2.380597][    T9]  ? serial8250_isa_init_ports+0x6b/0x110
[    2.380597][    T9]  unuse_temporary_mm+0x9f/0x100
[    2.380597][    T9]  __text_poke+0x7b6/0xb40
[    2.380597][    T9]  ? serial8250_isa_init_ports+0x6b/0x110
[    2.380597][    T9]  ? __pfx_text_poke_memcpy+0x10/0x10
[    2.380597][    T9]  ? __pfx___text_poke+0x10/0x10
[    2.380597][    T9]  ? __pfx___mutex_trylock_common+0x10/0x10
[    2.380597][    T9]  ? __pfx___might_resched+0x10/0x10
[    2.380597][    T9]  ? rcu_is_watching+0x15/0xb0
[    2.380597][    T9]  smp_text_poke_batch_finish+0x3e7/0x12c0
[    2.380597][    T9]  ? arch_jump_label_transform_apply+0x17/0x30
[    2.380597][    T9]  ? __pfx___mutex_lock+0x10/0x10
[    2.380597][    T9]  ? __pfx_smp_text_poke_batch_finish+0x10/0x10
[    2.380597][    T9]  ? arch_jump_label_transform_queue+0x9b/0x100
[    2.380597][    T9]  ? __jump_label_update+0x387/0x3b0
[    2.380597][    T9]  arch_jump_label_transform_apply+0x1c/0x30
[    2.380597][    T9]  static_key_disable_cpuslocked+0xd2/0x1c0
[    2.380597][    T9]  static_key_disable+0x1a/0x20
[    2.380597][    T9]  once_deferred+0x70/0xb0
[    2.380597][    T9]  ? process_scheduled_works+0x9cb/0x18e0
[    2.380597][    T9]  process_scheduled_works+0xac3/0x18e0
[    2.380597][    T9]  ? __pfx_process_scheduled_works+0x10/0x10
[    2.380597][    T9]  ? assign_work+0x367/0x3d0
[    2.380597][    T9]  worker_thread+0x870/0xd50
[    2.380597][    T9]  ? __kthread_parkme+0x1a8/0x200
[    2.380597][    T9]  ? __pfx_worker_thread+0x10/0x10
[    2.380597][    T9]  kthread+0x7b7/0x940
[    2.380597][    T9]  ? __pfx_worker_thread+0x10/0x10
[    2.380597][    T9]  ? __pfx_kthread+0x10/0x10
[    2.380597][    T9]  ? __pfx_kthread+0x10/0x10
[    2.380597][    T9]  ? __pfx_kthread+0x10/0x10
[    2.380597][    T9]  ? __pfx_kthread+0x10/0x10
[    2.380597][    T9]  ? _raw_spin_unlock_irq+0x23/0x50
[    2.380597][    T9]  ? lockdep_hardirqs_on+0x9d/0x150
[    2.380597][    T9]  ? __pfx_kthread+0x10/0x10
[    2.380597][    T9]  ret_from_fork+0x4b/0x80
[    2.380597][    T9]  ? __pfx_kthread+0x10/0x10
[    2.380597][    T9]  ret_from_fork_asm+0x1a/0x30
[    2.380597][    T9]  </TASK>
[    2.380597][    T9] Kernel panic - not syncing: kernel: panic_on_warn se=
t ...
[    2.380597][    T9] CPU: 0 UID: 0 PID: 9 Comm: kworker/0:0 Not tainted 6=
.15.0-rc2-next-20250414-syzkaller-gb425262c07a6-dirty #0 PREEMPT(full)=20
[    2.380597][    T9] Hardware name: Google Google Compute Engine/Google C=
ompute Engine, BIOS Google 02/12/2025
[    2.380597][    T9] Workqueue: events once_deferred
[    2.380597][    T9] Call Trace:
[    2.380597][    T9]  <TASK>
[    2.380597][    T9]  dump_stack_lvl+0x241/0x360
[    2.380597][    T9]  ? __pfx_dump_stack_lvl+0x10/0x10
[    2.380597][    T9]  ? __pfx__printk+0x10/0x10
[    2.380597][    T9]  ? vscnprintf+0x5d/0x90
[    2.380597][    T9]  panic+0x349/0x880
[    2.380597][    T9]  ? __warn+0x174/0x4d0
[    2.380597][    T9]  ? __pfx_panic+0x10/0x10
[    2.380597][    T9]  ? ret_from_fork_asm+0x1a/0x30
[    2.380597][    T9]  __warn+0x344/0x4d0
[    2.380597][    T9]  ? switch_mm_irqs_off+0x686/0x810
[    2.380597][    T9]  report_bug+0x2b3/0x500
[    2.380597][    T9]  ? switch_mm_irqs_off+0x686/0x810
[    2.380597][    T9]  ? switch_mm_irqs_off+0x686/0x810
[    2.380597][    T9]  ? switch_mm_irqs_off+0x688/0x810
[    2.380597][    T9]  handle_bug+0x89/0x170
[    2.380597][    T9]  exc_invalid_op+0x1a/0x50
[    2.380597][    T9]  asm_exc_invalid_op+0x1a/0x20
[    2.380597][    T9] RIP: 0010:switch_mm_irqs_off+0x686/0x810
[    2.380597][    T9] Code: 90 41 f7 c5 00 08 00 00 0f 84 ee fa ff ff 90 0=
f 0b 90 e9 e5 fa ff ff 90 0f 0b 90 e9 76 fe ff ff 90 0f 0b 90 e9 cc fb ff f=
f 90 <0f> 0b 90 4d 39 f4 0f 85 eb fb ff ff e9 31 fc ff ff 90 0f 0b 90 e9
[    2.380597][    T9] RSP: 0000:ffffc900000e7680 EFLAGS: 00010056
[    2.380597][    T9] RAX: 0000000000000001 RBX: 0000000000000000 RCX: fff=
fffff816ffd4d
[    2.380597][    T9] RDX: 0000000000000000 RSI: 0000000000000008 RDI: fff=
f88801b070940
[    2.380597][    T9] RBP: ffffc900000e7750 R08: ffff88801b070947 R09: 1ff=
ff1100360e128
[    2.380597][    T9] R10: dffffc0000000000 R11: ffffed100360e129 R12: fff=
fffff8ee49240
[    2.380597][    T9] R13: ffff88801b070940 R14: ffffffff8ee49240 R15: 000=
0000000000000
[    2.380597][    T9]  ? switch_mm_irqs_off+0x26d/0x810
[    2.380597][    T9]  ? __pfx_switch_mm_irqs_off+0x10/0x10
[    2.380597][    T9]  ? __text_poke+0x6bb/0xb40
[    2.380597][    T9]  ? kasan_check_range+0x28f/0x2a0
[    2.380597][    T9]  ? serial8250_isa_init_ports+0x6b/0x110
[    2.380597][    T9]  unuse_temporary_mm+0x9f/0x100
[    2.380597][    T9]  __text_poke+0x7b6/0xb40
[    2.380597][    T9]  ? serial8250_isa_init_ports+0x6b/0x110
[    2.380597][    T9]  ? __pfx_text_poke_memcpy+0x10/0x10
[    2.380597][    T9]  ? __pfx___text_poke+0x10/0x10
[    2.380597][    T9]  ? __pfx___mutex_trylock_common+0x10/0x10
[    2.380597][    T9]  ? __pfx___might_resched+0x10/0x10
[    2.380597][    T9]  ? rcu_is_watching+0x15/0xb0
[    2.380597][    T9]  smp_text_poke_batch_finish+0x3e7/0x12c0
[    2.380597][    T9]  ? arch_jump_label_transform_apply+0x17/0x30
[    2.380597][    T9]  ? __pfx___mutex_lock+0x10/0x10
[    2.380597][    T9]  ? __pfx_smp_text_poke_batch_finish+0x10/0x10
[    2.380597][    T9]  ? arch_jump_label_transform_queue+0x9b/0x100
[    2.380597][    T9]  ? __jump_label_update+0x387/0x3b0
[    2.380597][    T9]  arch_jump_label_transform_apply+0x1c/0x30
[    2.380597][    T9]  static_key_disable_cpuslocked+0xd2/0x1c0
[    2.380597][    T9]  static_key_disable+0x1a/0x20
[    2.380597][    T9]  once_deferred+0x70/0xb0
[    2.380597][    T9]  ? process_scheduled_works+0x9cb/0x18e0
[    2.380597][    T9]  process_scheduled_works+0xac3/0x18e0
[    2.380597][    T9]  ? __pfx_process_scheduled_works+0x10/0x10
[    2.380597][    T9]  ? assign_work+0x367/0x3d0
[    2.380597][    T9]  worker_thread+0x870/0xd50
[    2.380597][    T9]  ? __kthread_parkme+0x1a8/0x200
[    2.380597][    T9]  ? __pfx_worker_thread+0x10/0x10
[    2.380597][    T9]  kthread+0x7b7/0x940
[    2.380597][    T9]  ? __pfx_worker_thread+0x10/0x10
[    2.380597][    T9]  ? __pfx_kthread+0x10/0x10
[    2.380597][    T9]  ? __pfx_kthread+0x10/0x10
[    2.380597][    T9]  ? __pfx_kthread+0x10/0x10
[    2.380597][    T9]  ? __pfx_kthread+0x10/0x10
[    2.380597][    T9]  ? _raw_spin_unlock_irq+0x23/0x50
[    2.380597][    T9]  ? lockdep_hardirqs_on+0x9d/0x150
[    2.380597][    T9]  ? __pfx_kthread+0x10/0x10
[    2.380597][    T9]  ret_from_fork+0x4b/0x80
[    2.380597][    T9]  ? __pfx_kthread+0x10/0x10
[    2.380597][    T9]  ret_from_fork_asm+0x1a/0x30
[    2.380597][    T9]  </TASK>
[    2.380597][    T9] Rebooting in 86400 seconds..


syzkaller build log:
go env (err=3D<nil>)
GO111MODULE=3D'auto'
GOARCH=3D'amd64'
GOBIN=3D''
GOCACHE=3D'/syzkaller/.cache/go-build'
GOENV=3D'/syzkaller/.config/go/env'
GOEXE=3D''
GOEXPERIMENT=3D''
GOFLAGS=3D''
GOHOSTARCH=3D'amd64'
GOHOSTOS=3D'linux'
GOINSECURE=3D''
GOMODCACHE=3D'/syzkaller/jobs-2/linux/gopath/pkg/mod'
GONOPROXY=3D''
GONOSUMDB=3D''
GOOS=3D'linux'
GOPATH=3D'/syzkaller/jobs-2/linux/gopath'
GOPRIVATE=3D''
GOPROXY=3D'https://proxy.golang.org,direct'
GOROOT=3D'/syzkaller/jobs-2/linux/gopath/pkg/mod/golang.org/toolchain@v0.0.=
1-go1.23.7.linux-amd64'
GOSUMDB=3D'sum.golang.org'
GOTMPDIR=3D''
GOTOOLCHAIN=3D'auto'
GOTOOLDIR=3D'/syzkaller/jobs-2/linux/gopath/pkg/mod/golang.org/toolchain@v0=
.0.1-go1.23.7.linux-amd64/pkg/tool/linux_amd64'
GOVCS=3D''
GOVERSION=3D'go1.23.7'
GODEBUG=3D''
GOTELEMETRY=3D'local'
GOTELEMETRYDIR=3D'/syzkaller/.config/go/telemetry'
GCCGO=3D'gccgo'
GOAMD64=3D'v1'
AR=3D'ar'
CC=3D'gcc'
CXX=3D'g++'
CGO_ENABLED=3D'1'
GOMOD=3D'/syzkaller/jobs-2/linux/gopath/src/github.com/google/syzkaller/go.=
mod'
GOWORK=3D''
CGO_CFLAGS=3D'-O2 -g'
CGO_CPPFLAGS=3D''
CGO_CXXFLAGS=3D'-O2 -g'
CGO_FFLAGS=3D'-O2 -g'
CGO_LDFLAGS=3D'-O2 -g'
PKG_CONFIG=3D'pkg-config'
GOGCCFLAGS=3D'-fPIC -m64 -pthread -Wl,--no-gc-sections -fmessage-length=3D0=
 -ffile-prefix-map=3D/tmp/go-build1274005017=3D/tmp/go-build -gno-record-gc=
c-switches'

git status (err=3D<nil>)
HEAD detached at 0bd6db4180
nothing to commit, working tree clean


tput: No value for $TERM and no -T specified
tput: No value for $TERM and no -T specified
Makefile:31: run command via tools/syz-env for best compatibility, see:
Makefile:32: https://github.com/google/syzkaller/blob/master/docs/contribut=
ing.md#using-syz-env
go list -f '{{.Stale}}' ./sys/syz-sysgen | grep -q false || go install ./sy=
s/syz-sysgen
make .descriptions
tput: No value for $TERM and no -T specified
tput: No value for $TERM and no -T specified
Makefile:31: run command via tools/syz-env for best compatibility, see:
Makefile:32: https://github.com/google/syzkaller/blob/master/docs/contribut=
ing.md#using-syz-env
bin/syz-sysgen
touch .descriptions
GOOS=3Dlinux GOARCH=3Damd64 go build "-ldflags=3D-s -w -X github.com/google=
/syzkaller/prog.GitRevision=3D0bd6db418098e2d98a2edf948b41410d3d9f9e70 -X '=
github.com/google/syzkaller/prog.gitRevisionDate=3D20250411-130225'" -o ./b=
in/linux_amd64/syz-execprog github.com/google/syzkaller/tools/syz-execprog
mkdir -p ./bin/linux_amd64
g++ -o ./bin/linux_amd64/syz-executor executor/executor.cc \
	-m64 -O2 -pthread -Wall -Werror -Wparentheses -Wunused-const-variable -Wfr=
ame-larger-than=3D16384 -Wno-stringop-overflow -Wno-array-bounds -Wno-forma=
t-overflow -Wno-unused-but-set-variable -Wno-unused-command-line-argument -=
static-pie -std=3Dc++17 -I. -Iexecutor/_include   -DGOOS_linux=3D1 -DGOARCH=
_amd64=3D1 \
	-DHOSTGOOS_linux=3D1 -DGIT_REVISION=3D\"0bd6db418098e2d98a2edf948b41410d3d=
9f9e70\"
/usr/bin/ld: /tmp/ccqWNeLh.o: in function `Connection::Connect(char const*,=
 char const*)':
executor.cc:(.text._ZN10Connection7ConnectEPKcS1_[_ZN10Connection7ConnectEP=
KcS1_]+0x104): warning: Using 'gethostbyname' in statically linked applicat=
ions requires at runtime the shared libraries from the glibc version used f=
or linking


Error text is too large and was truncated, full error text is at:
https://syzkaller.appspot.com/x/error.txt?x=3D117a60cc580000


Tested on:

commit:         b425262c Add linux-next specific files for 20250414
git tree:       linux-next
kernel config:  https://syzkaller.appspot.com/x/.config?x=3Dcc26bd6fced8397=
d
dashboard link: https://syzkaller.appspot.com/bug?extid=3D8bb6fd945af4e0ad9=
299
compiler:       Debian clang version 15.0.6, GNU ld (GNU Binutils for Debia=
n) 2.40
patch:          https://syzkaller.appspot.com/x/patch.diff?x=3D1475cfe45800=
00


